2025-12-31 03:45:20+0800: Running with following config:
allowResignation = true
friendlyPassOk = true
hasButton = false
koRule = SIMPLE
lagBuffer = 1.0
logAllGTPCommunication = true
logDir = gtp_logs
logSearchInfo = true
logSearchInfoForChosenMove = false
logToStderr = false
multiStoneSuicideLegal = false
nnCacheSizePowerOfTwo = 20
nnMutexPoolSizePowerOfTwo = 16
numNNServerThreadsPerModel = 1
numSearchThreads = 16
openclDeviceToUseThread0 = 0
ponderingEnabled = true
resignConsecTurns = 3
resignThreshold = -0.90
scoringRule = AREA
searchFactorAfterOnePass = 0.50
searchFactorAfterTwoPass = 0.25
searchFactorWhenWinning = 0.40
searchFactorWhenWinningThreshold = 0.95
taxRule = NONE
whiteHandicapBonus = N

2025-12-31 03:45:20+0800: GTP Engine starting...
2025-12-31 03:45:20+0800: KataGo v1.16.0
2025-12-31 03:45:20+0800: Using Chinese rules initially, unless GTP/GUI overrides this
2025-12-31 03:45:20+0800: Using 16 CPU thread(s) for search
2025-12-31 03:45:20+0800: nnRandSeed0 = 5651126644169279192
2025-12-31 03:45:20+0800: After dedups: nnModelFile0 = F:\KaTrain\_internal\katrain\models\kata1-b18c384nbt-s9996604416-d4316597426.bin.gz useFP16 auto useNHWC auto
2025-12-31 03:45:20+0800: Initializing neural net buffer to be size 19 * 19 exactly
2025-12-31 03:45:22+0800: Found OpenCL Platform 0: NVIDIA CUDA (NVIDIA Corporation) (OpenCL 3.0 CUDA 13.0.84)
2025-12-31 03:45:22+0800: Found 1 device(s) on platform 0 with type CPU or GPU or Accelerator
2025-12-31 03:45:22+0800: Found OpenCL Platform 1: AMD Accelerated Parallel Processing (Advanced Micro Devices, Inc.) (OpenCL 2.1 AMD-APP (3617.0))
2025-12-31 03:45:22+0800: Found 1 device(s) on platform 1 with type CPU or GPU or Accelerator
2025-12-31 03:45:22+0800: Found OpenCL Device 0: NVIDIA GeForce RTX 4060 Laptop GPU (NVIDIA Corporation) (score 11000300)
2025-12-31 03:45:22+0800: Found OpenCL Device 1: gfx1036 (Advanced Micro Devices, Inc.) (score 11000200)
2025-12-31 03:45:22+0800: Creating context for OpenCL Platform: NVIDIA CUDA (NVIDIA Corporation) (OpenCL 3.0 CUDA 13.0.84)
2025-12-31 03:45:22+0800: Using OpenCL Device 0: NVIDIA GeForce RTX 4060 Laptop GPU (NVIDIA Corporation) OpenCL 3.0 CUDA (Extensions: cl_khr_global_int32_base_atomics cl_khr_global_int32_extended_atomics cl_khr_local_int32_base_atomics cl_khr_local_int32_extended_atomics cl_khr_fp64 cl_khr_3d_image_writes cl_khr_byte_addressable_store cl_khr_icd cl_khr_gl_sharing cl_nv_compiler_options cl_nv_device_attribute_query cl_nv_pragma_unroll cl_nv_d3d10_sharing cl_khr_d3d10_sharing cl_nv_d3d11_sharing cl_nv_copy_opts cl_nv_create_buffer cl_khr_int64_base_atomics cl_khr_int64_extended_atomics cl_khr_device_uuid cl_khr_pci_bus_info cl_khr_external_semaphore cl_khr_external_memory cl_khr_external_semaphore_win32 cl_khr_external_memory_win32 cl_khr_semaphore)
2025-12-31 03:45:22+0800: Loaded tuning parameters from: F:\KaTrain\_internal\katrain\KataGo/KataGoData/opencltuning/tune11_gpuNVIDIAGeForceRTX4060LaptopGPU_x19_y19_c384_mv14.txt
2025-12-31 03:45:22+0800: OpenCL backend thread 0: Device 0 Model version 14
2025-12-31 03:45:22+0800: OpenCL backend thread 0: Device 0 Model name: kata1-b18c384nbt-s9996604416-d4316597426
2025-12-31 03:45:22+0800: OpenCL backend thread 0: Device 0 FP16Storage true FP16Compute false FP16TensorCores true FP16TensorCoresFor1x1 false
2025-12-31 03:45:22+0800: Loaded neural net with nnXLen 19 nnYLen 19
2025-12-31 03:45:22+0800: Initializing board with boardXSize 19 boardYSize 19
2025-12-31 03:45:22+0800: Loaded config F:\KaTrain\_internal\katrain\KataGo\genconfig.cfg
2025-12-31 03:45:22+0800: Loaded model F:\KaTrain\_internal\katrain\models\kata1-b18c384nbt-s9996604416-d4316597426.bin.gz
2025-12-31 03:45:22+0800: Model name: kata1-b18c384nbt-s9996604416-d4316597426
2025-12-31 03:45:22+0800: GTP ready, beginning main protocol loop
2025-12-31 03:45:22+0800: Controller: version
2025-12-31 03:45:22+0800: = 1.16.0+b18c384nbt-s9996M
2025-12-31 03:45:22+0800: Controller: board-size 19
2025-12-31 03:45:22+0800: ? unknown command
2025-12-31 03:45:22+0800: Controller: clear_board
2025-12-31 03:45:22+0800: = 
2025-12-31 03:45:22+0800: Controller: komi 7.5
2025-12-31 03:45:22+0800: = 
2025-12-31 03:45:26+0800: Controller: play b None
2025-12-31 03:45:26+0800: ? Could not parse vertex: 'None'
2025-12-31 03:45:26+0800: Controller: genmove w
2025-12-31 03:45:31+0800: MoveNum: 0 HASH: CDCBC1F514D7E680FACD226074256633
   A B C D E F G H J K L M N O P Q R S T
19 . . . . . . . . . . . . . . . . . . .
18 . . . . . . . . . . . . . . . . . . .
17 . . . . . . . . . . . . . . . . . . .
16 . . . . . . . . . . . . . . . . . . .
15 . . . . . . . . . . . . . . . . . . .
14 . . . . . . . . . . . . . . . . . . .
13 . . . . . . . . . . . . . . . . . . .
12 . . . . . . . . . . . . . . . . . . .
11 . . . . . . . . . . . . . . . . . . .
10 . . . . . . . . . . . . . . . . . . .
 9 . . . . . . . . . . . . . . . . . . .
 8 . . . . . . . . . . . . . . . . . . .
 7 . . . . . . . . . . . . . . . . . . .
 6 . . . . . . . . . . . . . . . . . . .
 5 . . . . . . . . . . . . . . . . . . .
 4 . . @ . . . . . . . . . . . . . . . .
 3 . . . . . . . . . . . . . . . . . . .
 2 . . . . . . . . . . . . . . . . . . .
 1 . . . . . . . . . . . . . . . . . . .

koSIMPLEscoreAREAtaxNONEsui0whbNfpok1komi7.5
Time taken: 5.015
Root visits: 2436
New playouts: 2436
NN rows: 2193
NN batches: 275
NN avg batch size: 7.97455
PV: C4 R16 D16 Q4 P17 E4 Q15 R15
Tree:
: T 103.76c W  98.10c S   5.70c (+16.8 L +13.7) N    2436  --  C4 R16 D16 Q4 P17 E4 Q15
---White(^)---
C4  : T 104.17c W  98.25c S   5.96c (+17.2 L +14.1) LCB  104.01c P  2.12% WF 1602.5 PSV    2468 N     430  --  C4 R16 D16 Q4 P17 E4 Q15 R15
D5  : T 103.97c W  98.13c S   5.85c (+17.0 L +14.0) LCB  103.81c P  4.94% WF 1582.4 PSV     751 N     440  --  D5 Q17 Q4 D16 D3 R14 C14 R6
D4  : T 104.02c W  98.26c S   5.88c (+17.1 L +14.1) LCB  103.75c P  0.46% WF 992.7 PSV      86 N     266  --  D4 Q16 Q4 C16 E17 H17 E14
C5  : T 103.84c W  98.15c S   5.69c (+16.9 L +13.9) LCB  103.61c P  0.33% WF 913.5 PSV      32 N     255  --  C5 R16 D3 D16 R4 P3 Q6
C3  : T 103.60c W  98.10c S   5.60c (+16.8 L +13.8) LCB  103.38c P  0.35% WF 626.5 PSV      21 N     176  --  C3 Q16 D16 Q3 Q5 R5 R6 R4
K10 : T 103.70c W  97.99c S   5.58c (+16.6 L +13.1) LCB  103.07c P  0.18% WF 223.7 PSV      13 N      67  --  K10 D3 Q16 D16 Q4
D10 : T 103.51c W  98.05c S   5.48c (+16.6 L +13.2) LCB  103.27c P  0.23% WF 523.4 PSV      12 N     155  --  D10 D4 D16 R4 Q16 O3 C6
D9  : T 103.37c W  97.97c S   5.40c (+16.5 L +13.2) LCB  103.11c P  0.23% WF 387.0 PSV      10 N     114  --  D9 D4 D16 R4 Q16 O3 C6 F3
C6  : T 103.31c W  97.87c S   5.47c (+16.6 L +13.4) LCB  102.61c P  0.24% WF 223.2 PSV      10 N      72  --  C6 C4 D4 C5 D5 D3 F4 E3
D7  : T 103.29c W  97.96c S   5.36c (+16.5 L +13.1) LCB  102.82c P  0.24% WF 163.8 PSV      10 N      49  --  D7 D3 D16 Q4 R16

2025-12-31 03:45:31+0800: = C4
