2025-12-31 04:02:53+0800: Running with following config:
allowResignation = true
friendlyPassOk = true
hasButton = false
koRule = SIMPLE
lagBuffer = 1.0
logAllGTPCommunication = true
logDir = gtp_logs
logSearchInfo = true
logSearchInfoForChosenMove = false
logToStderr = false
multiStoneSuicideLegal = false
nnCacheSizePowerOfTwo = 20
nnMutexPoolSizePowerOfTwo = 16
numNNServerThreadsPerModel = 1
numSearchThreads = 16
openclDeviceToUseThread0 = 0
ponderingEnabled = true
resignConsecTurns = 3
resignThreshold = -0.90
scoringRule = AREA
searchFactorAfterOnePass = 0.50
searchFactorAfterTwoPass = 0.25
searchFactorWhenWinning = 0.40
searchFactorWhenWinningThreshold = 0.95
taxRule = NONE
whiteHandicapBonus = N

2025-12-31 04:02:53+0800: GTP Engine starting...
2025-12-31 04:02:53+0800: KataGo v1.16.0
2025-12-31 04:02:53+0800: Using Chinese rules initially, unless GTP/GUI overrides this
2025-12-31 04:02:53+0800: Using 16 CPU thread(s) for search
2025-12-31 04:02:53+0800: nnRandSeed0 = 3010176490525618887
2025-12-31 04:02:53+0800: After dedups: nnModelFile0 = F:\KaTrain\_internal\katrain\models\kata1-b18c384nbt-s9996604416-d4316597426.bin.gz useFP16 auto useNHWC auto
2025-12-31 04:02:53+0800: Initializing neural net buffer to be size 19 * 19 exactly
2025-12-31 04:02:54+0800: Found OpenCL Platform 0: NVIDIA CUDA (NVIDIA Corporation) (OpenCL 3.0 CUDA 13.0.84)
2025-12-31 04:02:54+0800: Found 1 device(s) on platform 0 with type CPU or GPU or Accelerator
2025-12-31 04:02:54+0800: Found OpenCL Platform 1: AMD Accelerated Parallel Processing (Advanced Micro Devices, Inc.) (OpenCL 2.1 AMD-APP (3617.0))
2025-12-31 04:02:54+0800: Found 1 device(s) on platform 1 with type CPU or GPU or Accelerator
2025-12-31 04:02:54+0800: Found OpenCL Device 0: NVIDIA GeForce RTX 4060 Laptop GPU (NVIDIA Corporation) (score 11000300)
2025-12-31 04:02:54+0800: Found OpenCL Device 1: gfx1036 (Advanced Micro Devices, Inc.) (score 11000200)
2025-12-31 04:02:54+0800: Creating context for OpenCL Platform: NVIDIA CUDA (NVIDIA Corporation) (OpenCL 3.0 CUDA 13.0.84)
2025-12-31 04:02:55+0800: Using OpenCL Device 0: NVIDIA GeForce RTX 4060 Laptop GPU (NVIDIA Corporation) OpenCL 3.0 CUDA (Extensions: cl_khr_global_int32_base_atomics cl_khr_global_int32_extended_atomics cl_khr_local_int32_base_atomics cl_khr_local_int32_extended_atomics cl_khr_fp64 cl_khr_3d_image_writes cl_khr_byte_addressable_store cl_khr_icd cl_khr_gl_sharing cl_nv_compiler_options cl_nv_device_attribute_query cl_nv_pragma_unroll cl_nv_d3d10_sharing cl_khr_d3d10_sharing cl_nv_d3d11_sharing cl_nv_copy_opts cl_nv_create_buffer cl_khr_int64_base_atomics cl_khr_int64_extended_atomics cl_khr_device_uuid cl_khr_pci_bus_info cl_khr_external_semaphore cl_khr_external_memory cl_khr_external_semaphore_win32 cl_khr_external_memory_win32 cl_khr_semaphore)
2025-12-31 04:02:55+0800: Loaded tuning parameters from: F:\KaTrain\_internal\katrain\KataGo/KataGoData/opencltuning/tune11_gpuNVIDIAGeForceRTX4060LaptopGPU_x19_y19_c384_mv14.txt
2025-12-31 04:02:55+0800: OpenCL backend thread 0: Device 0 Model version 14
2025-12-31 04:02:55+0800: OpenCL backend thread 0: Device 0 Model name: kata1-b18c384nbt-s9996604416-d4316597426
2025-12-31 04:02:55+0800: OpenCL backend thread 0: Device 0 FP16Storage true FP16Compute false FP16TensorCores true FP16TensorCoresFor1x1 false
2025-12-31 04:02:55+0800: Loaded neural net with nnXLen 19 nnYLen 19
2025-12-31 04:02:55+0800: Initializing board with boardXSize 19 boardYSize 19
2025-12-31 04:02:55+0800: Loaded config F:\KaTrain\_internal\katrain\KataGo\genconfig.cfg
2025-12-31 04:02:55+0800: Loaded model F:\KaTrain\_internal\katrain\models\kata1-b18c384nbt-s9996604416-d4316597426.bin.gz
2025-12-31 04:02:55+0800: Model name: kata1-b18c384nbt-s9996604416-d4316597426
2025-12-31 04:02:55+0800: GTP ready, beginning main protocol loop
2025-12-31 04:02:55+0800: Controller: version
2025-12-31 04:02:55+0800: = 1.16.0+b18c384nbt-s9996M
2025-12-31 04:02:55+0800: Controller: board-size 19
2025-12-31 04:02:55+0800: ? unknown command
2025-12-31 04:02:55+0800: Controller: clear_board
2025-12-31 04:02:55+0800: = 
2025-12-31 04:02:55+0800: Controller: komi 7.5
2025-12-31 04:02:55+0800: = 
2025-12-31 04:02:58+0800: Controller: play b Q16
2025-12-31 04:02:58+0800: = 
2025-12-31 04:02:58+0800: Controller: genmove w
2025-12-31 04:03:03+0800: MoveNum: 1 HASH: D787FAD66281F76731DCD9C1B3387463
   A B C D E F G H J K L M N O P Q R S T
19 . . . . . . . . . . . . . . . . . . .
18 . . . . . . . . . . . . . . . . . . .
17 . . . . . . . . . . . . . . . . . . .
16 . . . . . . . . . . . . . . . X1. . .
15 . . . . . . . . . . . . . . . . . . .
14 . . . . . . . . . . . . . . . . . . .
13 . . . . . . . . . . . . . . . . . . .
12 . . . . . . . . . . . . . . . . . . .
11 . . . . . . . . . . . . . . . . . . .
10 . . . . . . . . . . . . . . . . . . .
 9 . . . . . . . . . . . . . . . . . . .
 8 . . . . . . . . . . . . . . . . . . .
 7 . . . . . . . . . . . . . . . . . . .
 6 . . . . . . . . . . . . . . . . . . .
 5 . . . . . . . . . . . . . . . . . . .
 4 . . . @ . . . . . . . . . . . . . . .
 3 . . . . . . . . . . . . . . . . . . .
 2 . . . . . . . . . . . . . . . . . . .
 1 . . . . . . . . . . . . . . . . . . .

koSIMPLEscoreAREAtaxNONEsui0whbNfpok1komi7.5
Time taken: 5.031
Root visits: 3528
New playouts: 3528
NN rows: 2245
NN batches: 281
NN avg batch size: 7.98932
PV: D4 Q4 D16 F17 R17 Q17 R16 Q15 R15 R14 S14 C14 D14 D13 E14 C16 C17 C15 F16
Tree:
: T  24.54c W  24.36c S   0.49c ( +1.4 L  +1.0) N    3528  --  D4 Q4 D16 F17 R17 Q17 R16
---White(^)---
D4  : T  24.73c W  24.57c S   0.51c ( +1.4 L  +1.0) LCB   24.42c P 49.86% WF 5283.1 PSV    5276 N    1934  --  D4 Q4 D16 F17 R17 Q17 R16 Q15
D16 : T  24.71c W  24.52c S   0.50c ( +1.4 L  +1.0) LCB   24.36c P 19.69% WF 3947.1 PSV    2023 N    1449  --  D16 Q4 D4 F17 R17 Q17 R16 Q15
C4  : T  22.30c W  21.85c S   0.36c ( +1.3 L  +0.9) LCB   19.75c P  1.35% WF  56.5 PSV      23 N      22  --  C4 Q4 D16 E3 R17 Q17 R16 R14
C16 : T  22.27c W  21.78c S   0.33c ( +1.2 L  +0.9) LCB   20.12c P  1.19% WF  72.0 PSV      20 N      28  --  C16 Q4 D4 E17 R3 Q3 R4 R6
D17 : T  22.23c W  21.33c S   0.30c ( +1.2 L  +0.8) LCB   18.95c P  1.04% WF  52.3 PSV      17 N      20  --  D17 D4 Q4 C15 E16 R3 R4
C3  : T  20.74c W  20.16c S   0.13c ( +1.0 L  +0.8) LCB   17.14c P  0.90% WF  36.9 PSV       9 N      15  --  C3 C16 Q4 R3
C17 : T  19.77c W  19.52c S   0.13c ( +1.0 L  +0.7) LCB   15.11c P  0.79% WF  32.2 PSV       7 N      13  --  C17 Q3 D4 C3 C4
R17 : T  16.06c W  16.96c S  -0.03c ( +0.9 L  +0.6) LCB    7.08c P  0.21% WF  20.6 PSV       1 N      11  --  R17 Q17 R16 Q15 S14
D5  : T  17.11c W  16.22c S  -0.19c ( +0.7 L  +0.5) LCB    6.01c P  0.16% WF  19.3 PSV       0 N       8  --  D5 D16 Q4 C3
E16 : T  14.85c W  15.29c S  -0.27c ( +0.7 L  +0.5) LCB    0.21c P  0.13% WF  17.2 PSV       0 N       7  --  E16 D4 Q4 C16

2025-12-31 04:03:03+0800: = D4
2025-12-31 04:03:03+0800: Controller: play b D4
2025-12-31 04:03:03+0800: ? illegal move
2025-12-31 04:03:03+0800: Controller: genmove w
2025-12-31 04:03:08+0800: MoveNum: 0 HASH: B248EA89FABF13234D0CA990126373BE
   A B C D E F G H J K L M N O P Q R S T
19 . . . . . . . . . . . . . . . . . . .
18 . . . . . . . . . . . . . . . . . . .
17 . . . . . . . . . . . . . . . . . . .
16 . . @ . . . . . . . . . . . . X . . .
15 . . . . . . . . . . . . . . . . . . .
14 . . . . . . . . . . . . . . . . . . .
13 . . . . . . . . . . . . . . . . . . .
12 . . . . . . . . . . . . . . . . . . .
11 . . . . . . . . . . . . . . . . . . .
10 . . . . . . . . . . . . . . . . . . .
 9 . . . . . . . . . . . . . . . . . . .
 8 . . . . . . . . . . . . . . . . . . .
 7 . . . . . . . . . . . . . . . . . . .
 6 . . . . . . . . . . . . . . . . . . .
 5 . . . . . . . . . . . . . . . . . . .
 4 . . . O . . . . . . . . . . . . . . .
 3 . . . . . . . . . . . . . . . . . . .
 2 . . . . . . . . . . . . . . . . . . .
 1 . . . . . . . . . . . . . . . . . . .

koSIMPLEscoreAREAtaxNONEsui0whbNfpok1komi7.5
Time taken: 5.016
Root visits: 2449
New playouts: 2449
NN rows: 2225
NN batches: 279
NN avg batch size: 7.97491
PV: C16 Q3 F17 R6 O17 R14 G3 M17 D10
Tree:
: T 103.87c W  98.12c S   5.80c (+16.8 L +13.9) N    2449  --  C16 Q3 F17 R6 O17 R14 G3
---White(^)---
C16 : T 104.09c W  98.17c S   5.97c (+17.1 L +14.2) LCB  103.89c P  2.86% WF 966.5 PSV    3185 N     266  --  C16 Q3 F17 R6 O17 R14 G3 M17
D16 : T 103.86c W  98.14c S   5.74c (+16.8 L +13.9) LCB  103.62c P 11.18% WF 1062.0 PSV    1063 N     307  --  D16 Q3 R5 R8 O5 O3 P4 P3
D15 : T 103.92c W  98.10c S   5.89c (+16.9 L +14.1) LCB  103.74c P  7.22% WF 964.8 PSV     807 N     275  --  D15 Q3 D17 R6 G3 R14 K17 N17
D17 : T 103.87c W  98.11c S   5.85c (+16.9 L +14.0) LCB  103.65c P  3.95% WF 772.1 PSV     380 N     216  --  D17 Q3 R5 R8 O5 O3 D15
E16 : T 103.92c W  98.13c S   5.88c (+16.9 L +14.0) LCB  103.64c P  3.30% WF 727.9 PSV     369 N     209  --  E16 C16 C15 B15 D15 B14 C17 B17
O17 : T 104.11c W  98.20c S   5.91c (+17.0 L +14.0) LCB  103.87c P  1.13% WF 788.7 PSV     274 N     219  --  O17 Q3 C16 R6 F17 R14 G3 M17
C7  : T 103.96c W  98.14c S   5.88c (+16.9 L +13.9) LCB  103.66c P  0.40% WF 635.6 PSV      50 N     180  --  C7 Q3 D16 R6 O17 R14 G17 M17
R17 : T 103.11c W  97.95c S   5.03c (+16.0 L +12.7) LCB  101.12c P  1.28% WF  65.3 PSV      42 N      20  --  R17 Q17 R16 R14 R15 Q15
E17 : T 103.82c W  98.06c S   5.74c (+16.8 L +14.0) LCB  103.38c P  0.42% WF 349.7 PSV      36 N      98  --  E17 Q3 C16 R6 G3 R14 O17 M17
C6  : T 103.76c W  98.17c S   5.69c (+16.7 L +13.8) LCB  103.35c P  0.46% WF 279.6 PSV      35 N      78  --  C6 Q3 D16 R6 O17 R14 G17

2025-12-31 04:03:08+0800: = C16
