2025-12-31 02:04:55+0800: Running with following config:
allowResignation = true
friendlyPassOk = true
hasButton = false
koRule = SIMPLE
lagBuffer = 1.0
logAllGTPCommunication = true
logDir = gtp_logs
logSearchInfo = true
logSearchInfoForChosenMove = false
logToStderr = false
multiStoneSuicideLegal = false
nnCacheSizePowerOfTwo = 20
nnMutexPoolSizePowerOfTwo = 16
numNNServerThreadsPerModel = 1
numSearchThreads = 16
openclDeviceToUseThread0 = 0
ponderingEnabled = true
resignConsecTurns = 3
resignThreshold = -0.90
scoringRule = AREA
searchFactorAfterOnePass = 0.50
searchFactorAfterTwoPass = 0.25
searchFactorWhenWinning = 0.40
searchFactorWhenWinningThreshold = 0.95
taxRule = NONE
whiteHandicapBonus = N

2025-12-31 02:04:55+0800: GTP Engine starting...
2025-12-31 02:04:55+0800: KataGo v1.16.0
2025-12-31 02:04:55+0800: Using Chinese rules initially, unless GTP/GUI overrides this
2025-12-31 02:04:55+0800: Using 16 CPU thread(s) for search
2025-12-31 02:04:55+0800: nnRandSeed0 = 16319232901199419238
2025-12-31 02:04:55+0800: After dedups: nnModelFile0 = F:\KaTrain\_internal\katrain\models\kata1-b18c384nbt-s9996604416-d4316597426.bin.gz useFP16 auto useNHWC auto
2025-12-31 02:04:55+0800: Initializing neural net buffer to be size 19 * 19 exactly
2025-12-31 02:04:56+0800: Found OpenCL Platform 0: NVIDIA CUDA (NVIDIA Corporation) (OpenCL 3.0 CUDA 13.0.84)
2025-12-31 02:04:56+0800: Found 1 device(s) on platform 0 with type CPU or GPU or Accelerator
2025-12-31 02:04:56+0800: Found OpenCL Platform 1: AMD Accelerated Parallel Processing (Advanced Micro Devices, Inc.) (OpenCL 2.1 AMD-APP (3617.0))
2025-12-31 02:04:56+0800: Found 1 device(s) on platform 1 with type CPU or GPU or Accelerator
2025-12-31 02:04:56+0800: Found OpenCL Device 0: NVIDIA GeForce RTX 4060 Laptop GPU (NVIDIA Corporation) (score 11000300)
2025-12-31 02:04:56+0800: Found OpenCL Device 1: gfx1036 (Advanced Micro Devices, Inc.) (score 11000200)
2025-12-31 02:04:56+0800: Creating context for OpenCL Platform: NVIDIA CUDA (NVIDIA Corporation) (OpenCL 3.0 CUDA 13.0.84)
2025-12-31 02:04:56+0800: Using OpenCL Device 0: NVIDIA GeForce RTX 4060 Laptop GPU (NVIDIA Corporation) OpenCL 3.0 CUDA (Extensions: cl_khr_global_int32_base_atomics cl_khr_global_int32_extended_atomics cl_khr_local_int32_base_atomics cl_khr_local_int32_extended_atomics cl_khr_fp64 cl_khr_3d_image_writes cl_khr_byte_addressable_store cl_khr_icd cl_khr_gl_sharing cl_nv_compiler_options cl_nv_device_attribute_query cl_nv_pragma_unroll cl_nv_d3d10_sharing cl_khr_d3d10_sharing cl_nv_d3d11_sharing cl_nv_copy_opts cl_nv_create_buffer cl_khr_int64_base_atomics cl_khr_int64_extended_atomics cl_khr_device_uuid cl_khr_pci_bus_info cl_khr_external_semaphore cl_khr_external_memory cl_khr_external_semaphore_win32 cl_khr_external_memory_win32 cl_khr_semaphore)
2025-12-31 02:04:56+0800: Loaded tuning parameters from: F:\KaTrain\_internal\katrain\KataGo/KataGoData/opencltuning/tune11_gpuNVIDIAGeForceRTX4060LaptopGPU_x19_y19_c384_mv14.txt
2025-12-31 02:04:56+0800: OpenCL backend thread 0: Device 0 Model version 14
2025-12-31 02:04:56+0800: OpenCL backend thread 0: Device 0 Model name: kata1-b18c384nbt-s9996604416-d4316597426
2025-12-31 02:04:57+0800: OpenCL backend thread 0: Device 0 FP16Storage true FP16Compute false FP16TensorCores true FP16TensorCoresFor1x1 false
2025-12-31 02:04:57+0800: Loaded neural net with nnXLen 19 nnYLen 19
2025-12-31 02:04:57+0800: Initializing board with boardXSize 19 boardYSize 19
2025-12-31 02:04:57+0800: Loaded config F:\KaTrain\_internal\katrain\KataGo\genconfig.cfg
2025-12-31 02:04:57+0800: Loaded model F:\KaTrain\_internal\katrain\models\kata1-b18c384nbt-s9996604416-d4316597426.bin.gz
2025-12-31 02:04:57+0800: Model name: kata1-b18c384nbt-s9996604416-d4316597426
2025-12-31 02:04:57+0800: GTP ready, beginning main protocol loop
2025-12-31 02:04:57+0800: Controller: version
2025-12-31 02:04:57+0800: = 1.16.0+b18c384nbt-s9996M
2025-12-31 02:04:57+0800: Controller: board-size 19
2025-12-31 02:04:57+0800: ? unknown command
2025-12-31 02:04:57+0800: Controller: clear_board
2025-12-31 02:04:57+0800: = 
2025-12-31 02:04:57+0800: Controller: komi 7.5
2025-12-31 02:04:57+0800: = 
2025-12-31 02:04:57+0800: Controller: genmove b
2025-12-31 02:05:02+0800: MoveNum: 0 HASH: CDCBC1F514D7E680FACD226074256633
   A B C D E F G H J K L M N O P Q R S T
19 . . . . . . . . . . . . . . . . . . .
18 . . . . . . . . . . . . . . . . . . .
17 . . . . . . . . . . . . . . . . . . .
16 . . . . . . . . . . . . . . . @ . . .
15 . . . . . . . . . . . . . . . . . . .
14 . . . . . . . . . . . . . . . . . . .
13 . . . . . . . . . . . . . . . . . . .
12 . . . . . . . . . . . . . . . . . . .
11 . . . . . . . . . . . . . . . . . . .
10 . . . . . . . . . . . . . . . . . . .
 9 . . . . . . . . . . . . . . . . . . .
 8 . . . . . . . . . . . . . . . . . . .
 7 . . . . . . . . . . . . . . . . . . .
 6 . . . . . . . . . . . . . . . . . . .
 5 . . . . . . . . . . . . . . . . . . .
 4 . . . . . . . . . . . . . . . . . . .
 3 . . . . . . . . . . . . . . . . . . .
 2 . . . . . . . . . . . . . . . . . . .
 1 . . . . . . . . . . . . . . . . . . .

koSIMPLEscoreAREAtaxNONEsui0whbNfpok1komi7.5
Time taken: 5.016
Root visits: 4116
New playouts: 4116
NN rows: 2529
NN batches: 317
NN avg batch size: 7.97792
PV: Q16 D16 Q4 D4 F3 R17 Q17 R16 Q15 R15 R14 S14 C14 C6 F17 D14 D13 E14 C16 C17
Tree:
: T -24.79c W -25.07c S  -0.07c ( -1.5 L  -1.0) N    4116  --  Q16 D16 Q4 D4 F3 R17 Q17
---Black(^)---
Q16 : T -24.33c W -24.69c S  -0.03c ( -1.4 L  -1.0) LCB  -24.54c P 14.34% WF 10302.9 PSV   10265 N    3741  --  Q16 D16 Q4 D4 F3 R17 Q17 R16
R16 : T -27.13c W -26.54c S  -0.16c ( -1.6 L  -1.0) LCB  -27.95c P  2.40% WF 426.4 PSV      50 N     158  --  R16 D16 Q3 D4 P16 R5 O4
Q15 : T -28.06c W -27.70c S  -0.25c ( -1.6 L  -1.0) LCB  -29.40c P  1.21% WF 175.4 PSV      19 N      65  --  Q15 D16 Q17 Q4 D3 C5 E4
R15 : T -28.66c W -28.38c S  -0.32c ( -1.7 L  -1.1) LCB  -30.21c P  1.07% WF  89.4 PSV      14 N      33  --  R15 D16 Q17 Q4 D3
R17 : T -27.83c W -27.63c S  -0.26c ( -1.6 L  -1.0) LCB  -29.12c P  0.70% WF 140.2 PSV      11 N      53  --  R17 D4 C16 R4 P3 Q5
R14 : T -34.26c W -33.52c S  -1.02c ( -2.4 L  -1.7) LCB  -77.44c P  0.04% WF   9.1 PSV       0 N       4  --  R14 R16 Q16 Q17
R10 : T -34.61c W -33.64c S  -0.85c ( -2.2 L  -1.4) LCB  -77.54c P  0.02% WF   9.1 PSV       0 N       4  --  R10 Q17 Q3
Q14 : T -35.96c W -34.95c S  -1.00c ( -2.4 L  -1.6) LCB -185.40c P  0.04% WF   4.4 PSV       0 N       2  --  Q14 Q16
Q11 : T -35.96c W -34.91c S  -1.05c ( -2.4 L  -1.6) LCB -185.81c P  0.02% WF   4.5 PSV       0 N       2  --  Q11 Q17
Q10 : T -36.32c W -35.39c S  -0.92c ( -2.3 L  -1.5) LCB -186.25c P  0.02% WF   4.4 PSV       0 N       2  --  Q10 Q16

2025-12-31 02:05:02+0800: = Q16
2025-12-31 02:05:02+0800: GPU 0 finishing, processed 2530 rows 318 batches
2025-12-31 02:05:02+0800: All cleaned up, quitting
