2025-12-31 03:48:37+0800: Running with following config:
allowResignation = true
friendlyPassOk = true
hasButton = false
koRule = SIMPLE
lagBuffer = 1.0
logAllGTPCommunication = true
logDir = gtp_logs
logSearchInfo = true
logSearchInfoForChosenMove = false
logToStderr = false
multiStoneSuicideLegal = false
nnCacheSizePowerOfTwo = 20
nnMutexPoolSizePowerOfTwo = 16
numNNServerThreadsPerModel = 1
numSearchThreads = 16
openclDeviceToUseThread0 = 0
ponderingEnabled = true
resignConsecTurns = 3
resignThreshold = -0.90
scoringRule = AREA
searchFactorAfterOnePass = 0.50
searchFactorAfterTwoPass = 0.25
searchFactorWhenWinning = 0.40
searchFactorWhenWinningThreshold = 0.95
taxRule = NONE
whiteHandicapBonus = N

2025-12-31 03:48:37+0800: GTP Engine starting...
2025-12-31 03:48:37+0800: KataGo v1.16.0
2025-12-31 03:48:37+0800: Using Chinese rules initially, unless GTP/GUI overrides this
2025-12-31 03:48:37+0800: Using 16 CPU thread(s) for search
2025-12-31 03:48:37+0800: nnRandSeed0 = 1275502936256086135
2025-12-31 03:48:37+0800: After dedups: nnModelFile0 = F:\KaTrain\_internal\katrain\models\kata1-b18c384nbt-s9996604416-d4316597426.bin.gz useFP16 auto useNHWC auto
2025-12-31 03:48:37+0800: Initializing neural net buffer to be size 19 * 19 exactly
2025-12-31 03:48:38+0800: Found OpenCL Platform 0: NVIDIA CUDA (NVIDIA Corporation) (OpenCL 3.0 CUDA 13.0.84)
2025-12-31 03:48:38+0800: Found 1 device(s) on platform 0 with type CPU or GPU or Accelerator
2025-12-31 03:48:38+0800: Found OpenCL Platform 1: AMD Accelerated Parallel Processing (Advanced Micro Devices, Inc.) (OpenCL 2.1 AMD-APP (3617.0))
2025-12-31 03:48:38+0800: Found 1 device(s) on platform 1 with type CPU or GPU or Accelerator
2025-12-31 03:48:38+0800: Found OpenCL Device 0: NVIDIA GeForce RTX 4060 Laptop GPU (NVIDIA Corporation) (score 11000300)
2025-12-31 03:48:38+0800: Found OpenCL Device 1: gfx1036 (Advanced Micro Devices, Inc.) (score 11000200)
2025-12-31 03:48:38+0800: Creating context for OpenCL Platform: NVIDIA CUDA (NVIDIA Corporation) (OpenCL 3.0 CUDA 13.0.84)
2025-12-31 03:48:38+0800: Using OpenCL Device 0: NVIDIA GeForce RTX 4060 Laptop GPU (NVIDIA Corporation) OpenCL 3.0 CUDA (Extensions: cl_khr_global_int32_base_atomics cl_khr_global_int32_extended_atomics cl_khr_local_int32_base_atomics cl_khr_local_int32_extended_atomics cl_khr_fp64 cl_khr_3d_image_writes cl_khr_byte_addressable_store cl_khr_icd cl_khr_gl_sharing cl_nv_compiler_options cl_nv_device_attribute_query cl_nv_pragma_unroll cl_nv_d3d10_sharing cl_khr_d3d10_sharing cl_nv_d3d11_sharing cl_nv_copy_opts cl_nv_create_buffer cl_khr_int64_base_atomics cl_khr_int64_extended_atomics cl_khr_device_uuid cl_khr_pci_bus_info cl_khr_external_semaphore cl_khr_external_memory cl_khr_external_semaphore_win32 cl_khr_external_memory_win32 cl_khr_semaphore)
2025-12-31 03:48:38+0800: Loaded tuning parameters from: F:\KaTrain\_internal\katrain\KataGo/KataGoData/opencltuning/tune11_gpuNVIDIAGeForceRTX4060LaptopGPU_x19_y19_c384_mv14.txt
2025-12-31 03:48:38+0800: OpenCL backend thread 0: Device 0 Model version 14
2025-12-31 03:48:38+0800: OpenCL backend thread 0: Device 0 Model name: kata1-b18c384nbt-s9996604416-d4316597426
2025-12-31 03:48:39+0800: OpenCL backend thread 0: Device 0 FP16Storage true FP16Compute false FP16TensorCores true FP16TensorCoresFor1x1 false
2025-12-31 03:48:39+0800: Loaded neural net with nnXLen 19 nnYLen 19
2025-12-31 03:48:39+0800: Initializing board with boardXSize 19 boardYSize 19
2025-12-31 03:48:39+0800: Loaded config F:\KaTrain\_internal\katrain\KataGo\genconfig.cfg
2025-12-31 03:48:39+0800: Loaded model F:\KaTrain\_internal\katrain\models\kata1-b18c384nbt-s9996604416-d4316597426.bin.gz
2025-12-31 03:48:39+0800: Model name: kata1-b18c384nbt-s9996604416-d4316597426
2025-12-31 03:48:39+0800: GTP ready, beginning main protocol loop
2025-12-31 03:48:39+0800: Controller: version
2025-12-31 03:48:39+0800: = 1.16.0+b18c384nbt-s9996M
2025-12-31 03:48:39+0800: Controller: board-size 19
2025-12-31 03:48:39+0800: ? unknown command
2025-12-31 03:48:39+0800: Controller: clear_board
2025-12-31 03:48:39+0800: = 
2025-12-31 03:48:39+0800: Controller: komi 7.5
2025-12-31 03:48:39+0800: = 
2025-12-31 03:48:45+0800: Controller: play b D16
2025-12-31 03:48:45+0800: = 
2025-12-31 03:48:45+0800: Controller: genmove w
2025-12-31 03:48:51+0800: MoveNum: 1 HASH: B36725E12621D50CABD1F49562C7CDC4
   A B C D E F G H J K L M N O P Q R S T
19 . . . . . . . . . . . . . . . . . . .
18 . . . . . . . . . . . . . . . . . . .
17 . . . . . . . . . . . . . . . . . . .
16 . . . X1. . . . . . . . . . . . . . .
15 . . . . . . . . . . . . . . . . . . .
14 . . . . . . . . . . . . . . . . . . .
13 . . . . . . . . . . . . . . . . . . .
12 . . . . . . . . . . . . . . . . . . .
11 . . . . . . . . . . . . . . . . . . .
10 . . . . . . . . . . . . . . . . . . .
 9 . . . . . . . . . . . . . . . . . . .
 8 . . . . . . . . . . . . . . . . . . .
 7 . . . . . . . . . . . . . . . . . . .
 6 . . . . . . . . . . . . . . . . . . .
 5 . . . . . . . . . . . . . . . . . . .
 4 . . . @ . . . . . . . . . . . . . . .
 3 . . . . . . . . . . . . . . . . . . .
 2 . . . . . . . . . . . . . . . . . . .
 1 . . . . . . . . . . . . . . . . . . .

koSIMPLEscoreAREAtaxNONEsui0whbNfpok1komi7.5
Time taken: 5.079
Root visits: 3385
New playouts: 3385
NN rows: 2177
NN batches: 273
NN avg batch size: 7.97436
PV: Q4 Q16 D4 C6 R17 R16 Q17 P16 P17 O17 O18 O3 F3 R6 O4 N4 O5 Q3 R3
Tree:
: T  24.71c W  24.52c S   0.50c ( +1.4 L  +1.0) N    3385  --  Q4 Q16 D4 C6 R17 R16 Q17
---White(^)---
Q4  : T  24.90c W  24.72c S   0.52c ( +1.4 L  +1.0) LCB   24.59c P 49.86% WF 5179.6 PSV    5174 N    1895  --  Q4 Q16 D4 C6 R17 R16 Q17 P16
D4  : T  24.90c W  24.68c S   0.51c ( +1.4 L  +1.0) LCB   24.55c P 18.05% WF 3750.9 PSV    1897 N    1371  --  D4 Q16 Q4 C6 R17 R16 Q17 P16
Q3  : T  21.92c W  21.81c S   0.35c ( +1.3 L  +0.9) LCB   19.16c P  1.48% WF  48.7 PSV      20 N      19  --  Q3 Q16 D4 R5 C17 P4 P3
D3  : T  21.17c W  20.87c S   0.27c ( +1.2 L  +0.8) LCB   16.90c P  1.21% WF  39.4 PSV      13 N      15  --  D3 Q16 Q4 C5 R17 R16 Q17
C4  : T  21.33c W  20.76c S   0.26c ( +1.2 L  +0.8) LCB   17.60c P  1.08% WF  41.4 PSV      12 N      16  --  C4 Q4 Q16 E3 D5 R17 R16
R3  : T  20.27c W  19.87c S   0.15c ( +1.1 L  +0.8) LCB   16.33c P  0.90% WF  34.6 PSV       8 N      14  --  R3 D3 Q16 R17
C3  : T  20.18c W  19.83c S   0.17c ( +1.1 L  +0.8) LCB   15.69c P  0.71% WF  31.7 PSV       6 N      13  --  C3 R16 Q4 R3 Q3
C17 : T  15.11c W  16.77c S  -0.09c ( +0.8 L  +0.6) LCB    7.86c P  0.21% WF  23.3 PSV       0 N      11  --  C17 C16 D17 E16 F18 Q16
D5  : T  15.73c W  15.73c S  -0.24c ( +0.7 L  +0.5) LCB    1.00c P  0.13% WF  17.2 PSV       0 N       7  --  D5 Q4 Q16 D3
P4  : T  15.28c W  15.52c S  -0.26c ( +0.7 L  +0.5) LCB  -12.59c P  0.16% WF  12.1 PSV       0 N       5  --  P4 Q16 D4

2025-12-31 03:48:51+0800: = D4
2025-12-31 03:48:53+0800: Controller: play b Q16
2025-12-31 03:48:53+0800: = 
2025-12-31 03:48:53+0800: Controller: genmove w
2025-12-31 03:48:58+0800: MoveNum: 3 HASH: CCE40E9DC84920AF1C107F650481D849
   A B C D E F G H J K L M N O P Q R S T
19 . . . . . . . . . . . . . . . . . . .
18 . . . . . . . . . . . . . . . . . . .
17 . . . . . . . . . . . . . . . . . . .
16 . . . X1. . . . . . . . . . . X3. . .
15 . . . . . . . . . . . . . . . . . . .
14 . . . . . . . . . . . . . . . . . . .
13 . . . . . . . . . . . . . . . . . . .
12 . . . . . . . . . . . . . . . . . . .
11 . . . . . . . . . . . . . . . . . . .
10 . . . . . . . . . . . . . . . . . . .
 9 . . . . . . . . . . . . . . . . . . .
 8 . . . . . . . . . . . . . . . . . . .
 7 . . . . . . . . . . . . . . . . . . .
 6 . . . . . . . . . . . . . . . . . . .
 5 . . . . . . . . . . . . . . . . . . .
 4 . . . O2. . . . . . . . . . . @ . . .
 3 . . . . . . . . . . . . . . . . . . .
 2 . . . . . . . . . . . . . . . . . . .
 1 . . . . . . . . . . . . . . . . . . .

koSIMPLEscoreAREAtaxNONEsui0whbNfpok1komi7.5
Time taken: 5.031
Root visits: 4226
New playouts: 2431
NN rows: 2211
NN batches: 275
NN avg batch size: 8.04
PV: Q4 C6 R17 R16 Q17 P16 P17 O17 O18 R3 Q3 R4 R6 S6 R7 S7 R8 F3 F4 R5
Tree:
: T  24.18c W  24.03c S   0.42c ( +1.3 L  +0.9) N    4226  --  Q4 C6 R17 R16 Q17 P16 P17
---White(^)---
Q4  : T  24.24c W  24.09c S   0.43c ( +1.3 L  +0.9) LCB   23.99c P 83.69% WF 10623.8 PSV   10619 N    4114  --  Q4 C6 R17 R16 Q17 P16 P17 O17
R4  : T  22.42c W  22.23c S   0.34c ( +1.3 L  +0.8) LCB   20.84c P  5.43% WF 146.9 PSV     132 N      58  --  R4 C3 C4 D3 E4 F3 O3 G2
Q3  : T  22.00c W  21.80c S   0.31c ( +1.2 L  +0.9) LCB   19.97c P  4.38% WF  97.5 PSV      90 N      40  --  Q3 R5 C17 C16 D17 F17 E17 E16
R3  : T  18.20c W  17.77c S   0.08c ( +1.0 L  +0.7) LCB  -55.83c P  0.85% WF   7.0 PSV       7 N       3  --  R3 C3 C4
C17 : T  17.77c W  19.02c S   0.20c ( +1.1 L  +0.7) LCB -132.27c P  0.59% WF   4.5 PSV       4 N       2  --  C17 C16
R17 : T  16.64c W  18.47c S   0.20c ( +1.1 L  +0.7) LCB -133.42c P  0.49% WF   4.5 PSV       3 N       2  --  R17 R16
Q5  : T  13.50c W  13.98c S  -0.48c ( +0.5 L  +0.4) LCB -336.50c P  0.49% WF   2.5 PSV       2 N       1  --  Q5
P4  : T  13.08c W  13.53c S  -0.44c ( +0.5 L  +0.3) LCB -336.92c P  0.46% WF   2.4 PSV       2 N       1  --  P4
R5  : T  13.54c W  13.88c S  -0.34c ( +0.6 L  +0.4) LCB -336.46c P  0.43% WF   2.4 PSV       2 N       1  --  R5
P3  : T  12.74c W  13.07c S  -0.33c ( +0.6 L  +0.5) LCB -337.26c P  0.29% WF   2.3 PSV       1 N       1  --  P3

2025-12-31 03:48:58+0800: = Q4
