2025-12-31 03:56:50+0800: Running with following config:
allowResignation = true
friendlyPassOk = true
hasButton = false
koRule = SIMPLE
lagBuffer = 1.0
logAllGTPCommunication = true
logDir = gtp_logs
logSearchInfo = true
logSearchInfoForChosenMove = false
logToStderr = false
multiStoneSuicideLegal = false
nnCacheSizePowerOfTwo = 20
nnMutexPoolSizePowerOfTwo = 16
numNNServerThreadsPerModel = 1
numSearchThreads = 16
openclDeviceToUseThread0 = 0
ponderingEnabled = true
resignConsecTurns = 3
resignThreshold = -0.90
scoringRule = AREA
searchFactorAfterOnePass = 0.50
searchFactorAfterTwoPass = 0.25
searchFactorWhenWinning = 0.40
searchFactorWhenWinningThreshold = 0.95
taxRule = NONE
whiteHandicapBonus = N

2025-12-31 03:56:50+0800: GTP Engine starting...
2025-12-31 03:56:50+0800: KataGo v1.16.0
2025-12-31 03:56:50+0800: Using Chinese rules initially, unless GTP/GUI overrides this
2025-12-31 03:56:50+0800: Using 16 CPU thread(s) for search
2025-12-31 03:56:50+0800: nnRandSeed0 = 2118071362431875677
2025-12-31 03:56:50+0800: After dedups: nnModelFile0 = F:\KaTrain\_internal\katrain\models\kata1-b18c384nbt-s9996604416-d4316597426.bin.gz useFP16 auto useNHWC auto
2025-12-31 03:56:50+0800: Initializing neural net buffer to be size 19 * 19 exactly
2025-12-31 03:56:51+0800: Found OpenCL Platform 0: NVIDIA CUDA (NVIDIA Corporation) (OpenCL 3.0 CUDA 13.0.84)
2025-12-31 03:56:51+0800: Found 1 device(s) on platform 0 with type CPU or GPU or Accelerator
2025-12-31 03:56:51+0800: Found OpenCL Platform 1: AMD Accelerated Parallel Processing (Advanced Micro Devices, Inc.) (OpenCL 2.1 AMD-APP (3617.0))
2025-12-31 03:56:51+0800: Found 1 device(s) on platform 1 with type CPU or GPU or Accelerator
2025-12-31 03:56:51+0800: Found OpenCL Device 0: NVIDIA GeForce RTX 4060 Laptop GPU (NVIDIA Corporation) (score 11000300)
2025-12-31 03:56:51+0800: Found OpenCL Device 1: gfx1036 (Advanced Micro Devices, Inc.) (score 11000200)
2025-12-31 03:56:51+0800: Creating context for OpenCL Platform: NVIDIA CUDA (NVIDIA Corporation) (OpenCL 3.0 CUDA 13.0.84)
2025-12-31 03:56:51+0800: Using OpenCL Device 0: NVIDIA GeForce RTX 4060 Laptop GPU (NVIDIA Corporation) OpenCL 3.0 CUDA (Extensions: cl_khr_global_int32_base_atomics cl_khr_global_int32_extended_atomics cl_khr_local_int32_base_atomics cl_khr_local_int32_extended_atomics cl_khr_fp64 cl_khr_3d_image_writes cl_khr_byte_addressable_store cl_khr_icd cl_khr_gl_sharing cl_nv_compiler_options cl_nv_device_attribute_query cl_nv_pragma_unroll cl_nv_d3d10_sharing cl_khr_d3d10_sharing cl_nv_d3d11_sharing cl_nv_copy_opts cl_nv_create_buffer cl_khr_int64_base_atomics cl_khr_int64_extended_atomics cl_khr_device_uuid cl_khr_pci_bus_info cl_khr_external_semaphore cl_khr_external_memory cl_khr_external_semaphore_win32 cl_khr_external_memory_win32 cl_khr_semaphore)
2025-12-31 03:56:51+0800: Loaded tuning parameters from: F:\KaTrain\_internal\katrain\KataGo/KataGoData/opencltuning/tune11_gpuNVIDIAGeForceRTX4060LaptopGPU_x19_y19_c384_mv14.txt
2025-12-31 03:56:51+0800: OpenCL backend thread 0: Device 0 Model version 14
2025-12-31 03:56:51+0800: OpenCL backend thread 0: Device 0 Model name: kata1-b18c384nbt-s9996604416-d4316597426
2025-12-31 03:56:52+0800: OpenCL backend thread 0: Device 0 FP16Storage true FP16Compute false FP16TensorCores true FP16TensorCoresFor1x1 false
2025-12-31 03:56:52+0800: Loaded neural net with nnXLen 19 nnYLen 19
2025-12-31 03:56:52+0800: Initializing board with boardXSize 19 boardYSize 19
2025-12-31 03:56:52+0800: Loaded config F:\KaTrain\_internal\katrain\KataGo\genconfig.cfg
2025-12-31 03:56:52+0800: Loaded model F:\KaTrain\_internal\katrain\models\kata1-b18c384nbt-s9996604416-d4316597426.bin.gz
2025-12-31 03:56:52+0800: Model name: kata1-b18c384nbt-s9996604416-d4316597426
2025-12-31 03:56:52+0800: GTP ready, beginning main protocol loop
2025-12-31 03:56:52+0800: Controller: version
2025-12-31 03:56:52+0800: = 1.16.0+b18c384nbt-s9996M
2025-12-31 03:56:52+0800: Controller: board-size 19
2025-12-31 03:56:52+0800: ? unknown command
2025-12-31 03:56:52+0800: Controller: clear_board
2025-12-31 03:56:52+0800: = 
2025-12-31 03:56:52+0800: Controller: komi 7.5
2025-12-31 03:56:52+0800: = 
2025-12-31 03:56:54+0800: Controller: play b Q16
2025-12-31 03:56:54+0800: = 
2025-12-31 03:56:54+0800: Controller: genmove w
2025-12-31 03:57:00+0800: MoveNum: 1 HASH: D787FAD66281F76731DCD9C1B3387463
   A B C D E F G H J K L M N O P Q R S T
19 . . . . . . . . . . . . . . . . . . .
18 . . . . . . . . . . . . . . . . . . .
17 . . . . . . . . . . . . . . . . . . .
16 . . . . . . . . . . . . . . . X1. . .
15 . . . . . . . . . . . . . . . . . . .
14 . . . . . . . . . . . . . . . . . . .
13 . . . . . . . . . . . . . . . . . . .
12 . . . . . . . . . . . . . . . . . . .
11 . . . . . . . . . . . . . . . . . . .
10 . . . . . . . . . . . . . . . . . . .
 9 . . . . . . . . . . . . . . . . . . .
 8 . . . . . . . . . . . . . . . . . . .
 7 . . . . . . . . . . . . . . . . . . .
 6 . . . . . . . . . . . . . . . . . . .
 5 . . . . . . . . . . . . . . . . . . .
 4 . . . @ . . . . . . . . . . . . . . .
 3 . . . . . . . . . . . . . . . . . . .
 2 . . . . . . . . . . . . . . . . . . .
 1 . . . . . . . . . . . . . . . . . . .

koSIMPLEscoreAREAtaxNONEsui0whbNfpok1komi7.5
Time taken: 5.328
Root visits: 1274
New playouts: 1274
NN rows: 899
NN batches: 113
NN avg batch size: 7.95575
PV: D4 Q4 D16 F3 R17 Q17 R16 Q15 S14 C6 D6 D7 E6 C4 C3 C5 D3
Tree:
: T  25.36c W  24.92c S   0.57c ( +1.4 L  +1.0) N    1274  --  D4 Q4 D16 F3 R17 Q17 R16
---White(^)---
D4  : T  26.02c W  25.56c S   0.62c ( +1.5 L  +1.0) LCB   25.56c P 51.14% WF 1808.9 PSV    1800 N     655  --  D4 Q4 D16 F3 R17 Q17 R16 Q15
D16 : T  25.88c W  25.39c S   0.60c ( +1.5 L  +1.0) LCB   25.37c P 19.67% WF 1353.0 PSV     581 N     491  --  D16 Q4 D4 F3 R17 Q17 R16 Q15
C4  : T  21.40c W  21.47c S   0.32c ( +1.2 L  +0.9) LCB   18.87c P  1.41% WF  58.2 PSV       6 N      23  --  C4 Q4 D16 E3 R17 Q17 R16
C16 : T  22.24c W  21.67c S   0.34c ( +1.2 L  +0.9) LCB   19.48c P  1.19% WF  58.9 PSV       6 N      23  --  C16 Q4 D4 E17 R3 Q3 R4
D17 : T  20.61c W  20.21c S   0.22c ( +1.1 L  +0.8) LCB   16.01c P  0.98% WF  36.4 PSV       4 N      14  --  D17 D4 Q4 C15 E16 R3 Q3
C3  : T  20.54c W  19.95c S   0.15c ( +1.0 L  +0.7) LCB   16.58c P  0.88% WF  34.3 PSV       3 N      14  --  C3 Q4 D17 C15
C17 : T  19.89c W  19.40c S   0.15c ( +1.0 L  +0.8) LCB   14.76c P  0.77% WF  29.2 PSV       2 N      12  --  C17 Q3 D4 C3
R17 : T  16.27c W  18.00c S   0.08c ( +1.0 L  +0.7) LCB    3.79c P  0.21% WF  15.9 PSV       0 N       8  --  R17 R16 Q17 P16 O18
D15 : T  15.03c W  15.06c S  -0.27c ( +0.6 L  +0.5) LCB    0.47c P  0.16% WF  15.1 PSV       0 N       7  --  D15 C17 E17 D4
E16 : T  14.59c W  14.67c S  -0.30c ( +0.6 L  +0.5) LCB    0.15c P  0.14% WF  14.3 PSV       0 N       7  --  E16 C17 C15 D4

2025-12-31 03:57:00+0800: = D4
2025-12-31 03:57:06+0800: Controller: play b D16
2025-12-31 03:57:06+0800: = 
2025-12-31 03:57:06+0800: Controller: genmove w
2025-12-31 03:57:11+0800: MoveNum: 3 HASH: CCE40E9DC84920AF1C107F650481D849
   A B C D E F G H J K L M N O P Q R S T
19 . . . . . . . . . . . . . . . . . . .
18 . . . . . . . . . . . . . . . . . . .
17 . . . . . . . . . . . . . . . . . . .
16 . . . X3. . . . . . . . . . . X1. . .
15 . . . . . . . . . . . . . . . . . . .
14 . . . . . . . . . . . . . . . . . . .
13 . . . . . . . . . . . . . . . . . . .
12 . . . . . . . . . . . . . . . . . . .
11 . . . . . . . . . . . . . . . . . . .
10 . . . . . . . . . . . . . . . . . . .
 9 . . . . . . . . . . . . . . . . . . .
 8 . . . . . . . . . . . . . . . . . . .
 7 . . . . . . . . . . . . . . . . . . .
 6 . . . . . . . . . . . . . . . . . . .
 5 . . . . . . . . . . . . . . . . . . .
 4 . . . O2. . . . . . . . . . . @ . . .
 3 . . . . . . . . . . . . . . . . . . .
 2 . . . . . . . . . . . . . . . . . . .
 1 . . . . . . . . . . . . . . . . . . .

koSIMPLEscoreAREAtaxNONEsui0whbNfpok1komi7.5
Time taken: 5.063
Root visits: 1197
New playouts: 1197
NN rows: 899
NN batches: 110
NN avg batch size: 8.17273
PV: Q4 C6 R17 R16 Q17 P16 O18 F3 D6 D7 E6 C4 C3 C5 F4 D5 E4 B3 D2
Tree:
: T  24.38c W  24.39c S   0.43c ( +1.4 L  +1.0) N    1197  --  Q4 C6 R17 R16 Q17 P16 O18
---White(^)---
Q4  : T  24.56c W  24.57c S   0.44c ( +1.4 L  +1.0) LCB   24.15c P 83.72% WF 3098.8 PSV    3096 N    1132  --  Q4 C6 R17 R16 Q17 P16 O18 F3
R4  : T  22.53c W  22.30c S   0.29c ( +1.3 L  +0.8) LCB   20.61c P  5.40% WF  71.6 PSV      47 N      28  --  R4 C3 C4 D3 E4 F3 O3 G2
Q3  : T  22.48c W  22.06c S   0.26c ( +1.2 L  +0.9) LCB   20.26c P  4.55% WF  55.4 PSV      39 N      22  --  Q3 R5 C17 C16 D17 F17 E17 E16
R3  : T  17.05c W  17.04c S   0.02c ( +1.0 L  +0.7) LCB -332.95c P  0.91% WF   2.5 PSV       2 N       1  --  R3
C17 : T  18.24c W  20.56c S   0.28c ( +1.3 L  +0.8) LCB -131.16c P  0.59% WF   4.6 PSV       1 N       2  --  C17 C16
R17 : T  15.30c W  17.74c S   0.08c ( +1.1 L  +0.7) LCB -134.23c P  0.46% WF   4.5 PSV       1 N       2  --  R17 R16
Q5  : T  12.90c W  13.45c S  -0.55c ( +0.4 L  +0.3) LCB -337.10c P  0.49% WF   2.4 PSV       0 N       1  --  Q5
P4  : T  12.77c W  13.29c S  -0.53c ( +0.5 L  +0.3) LCB -337.23c P  0.44% WF   2.4 PSV       0 N       1  --  P4
R5  : T  14.38c W  14.74c S  -0.37c ( +0.6 L  +0.4) LCB -335.62c P  0.40% WF   2.3 PSV       0 N       1  --  R5
P3  : T  11.83c W  12.33c S  -0.50c ( +0.5 L  +0.5) LCB -338.17c P  0.27% WF   2.3 PSV       0 N       1  --  P3

2025-12-31 03:57:11+0800: = Q4
