2025-12-31 03:44:15+0800: Running with following config:
allowResignation = true
friendlyPassOk = true
hasButton = false
koRule = SIMPLE
lagBuffer = 1.0
logAllGTPCommunication = true
logDir = gtp_logs
logSearchInfo = true
logSearchInfoForChosenMove = false
logToStderr = false
multiStoneSuicideLegal = false
nnCacheSizePowerOfTwo = 20
nnMutexPoolSizePowerOfTwo = 16
numNNServerThreadsPerModel = 1
numSearchThreads = 16
openclDeviceToUseThread0 = 0
ponderingEnabled = true
resignConsecTurns = 3
resignThreshold = -0.90
scoringRule = AREA
searchFactorAfterOnePass = 0.50
searchFactorAfterTwoPass = 0.25
searchFactorWhenWinning = 0.40
searchFactorWhenWinningThreshold = 0.95
taxRule = NONE
whiteHandicapBonus = N

2025-12-31 03:44:15+0800: GTP Engine starting...
2025-12-31 03:44:15+0800: KataGo v1.16.0
2025-12-31 03:44:15+0800: Using Chinese rules initially, unless GTP/GUI overrides this
2025-12-31 03:44:15+0800: Using 16 CPU thread(s) for search
2025-12-31 03:44:15+0800: nnRandSeed0 = 3914021521597425743
2025-12-31 03:44:15+0800: After dedups: nnModelFile0 = F:\KaTrain\_internal\katrain\models\kata1-b18c384nbt-s9996604416-d4316597426.bin.gz useFP16 auto useNHWC auto
2025-12-31 03:44:15+0800: Initializing neural net buffer to be size 19 * 19 exactly
2025-12-31 03:44:16+0800: Found OpenCL Platform 0: NVIDIA CUDA (NVIDIA Corporation) (OpenCL 3.0 CUDA 13.0.84)
2025-12-31 03:44:16+0800: Found 1 device(s) on platform 0 with type CPU or GPU or Accelerator
2025-12-31 03:44:16+0800: Found OpenCL Platform 1: AMD Accelerated Parallel Processing (Advanced Micro Devices, Inc.) (OpenCL 2.1 AMD-APP (3617.0))
2025-12-31 03:44:16+0800: Found 1 device(s) on platform 1 with type CPU or GPU or Accelerator
2025-12-31 03:44:16+0800: Found OpenCL Device 0: NVIDIA GeForce RTX 4060 Laptop GPU (NVIDIA Corporation) (score 11000300)
2025-12-31 03:44:16+0800: Found OpenCL Device 1: gfx1036 (Advanced Micro Devices, Inc.) (score 11000200)
2025-12-31 03:44:16+0800: Creating context for OpenCL Platform: NVIDIA CUDA (NVIDIA Corporation) (OpenCL 3.0 CUDA 13.0.84)
2025-12-31 03:44:16+0800: Using OpenCL Device 0: NVIDIA GeForce RTX 4060 Laptop GPU (NVIDIA Corporation) OpenCL 3.0 CUDA (Extensions: cl_khr_global_int32_base_atomics cl_khr_global_int32_extended_atomics cl_khr_local_int32_base_atomics cl_khr_local_int32_extended_atomics cl_khr_fp64 cl_khr_3d_image_writes cl_khr_byte_addressable_store cl_khr_icd cl_khr_gl_sharing cl_nv_compiler_options cl_nv_device_attribute_query cl_nv_pragma_unroll cl_nv_d3d10_sharing cl_khr_d3d10_sharing cl_nv_d3d11_sharing cl_nv_copy_opts cl_nv_create_buffer cl_khr_int64_base_atomics cl_khr_int64_extended_atomics cl_khr_device_uuid cl_khr_pci_bus_info cl_khr_external_semaphore cl_khr_external_memory cl_khr_external_semaphore_win32 cl_khr_external_memory_win32 cl_khr_semaphore)
2025-12-31 03:44:16+0800: Loaded tuning parameters from: F:\KaTrain\_internal\katrain\KataGo/KataGoData/opencltuning/tune11_gpuNVIDIAGeForceRTX4060LaptopGPU_x19_y19_c384_mv14.txt
2025-12-31 03:44:16+0800: OpenCL backend thread 0: Device 0 Model version 14
2025-12-31 03:44:16+0800: OpenCL backend thread 0: Device 0 Model name: kata1-b18c384nbt-s9996604416-d4316597426
2025-12-31 03:44:17+0800: OpenCL backend thread 0: Device 0 FP16Storage true FP16Compute false FP16TensorCores true FP16TensorCoresFor1x1 false
2025-12-31 03:44:17+0800: Loaded neural net with nnXLen 19 nnYLen 19
2025-12-31 03:44:17+0800: Initializing board with boardXSize 19 boardYSize 19
2025-12-31 03:44:17+0800: Loaded config F:\KaTrain\_internal\katrain\KataGo\genconfig.cfg
2025-12-31 03:44:17+0800: Loaded model F:\KaTrain\_internal\katrain\models\kata1-b18c384nbt-s9996604416-d4316597426.bin.gz
2025-12-31 03:44:17+0800: Model name: kata1-b18c384nbt-s9996604416-d4316597426
2025-12-31 03:44:17+0800: GTP ready, beginning main protocol loop
2025-12-31 03:44:17+0800: Controller: version
2025-12-31 03:44:17+0800: = 1.16.0+b18c384nbt-s9996M
2025-12-31 03:44:17+0800: Controller: board-size 19
2025-12-31 03:44:17+0800: ? unknown command
2025-12-31 03:44:17+0800: Controller: clear_board
2025-12-31 03:44:17+0800: = 
2025-12-31 03:44:17+0800: Controller: komi 7.5
2025-12-31 03:44:17+0800: = 
2025-12-31 03:44:20+0800: Controller: genmove w
2025-12-31 03:44:25+0800: MoveNum: 0 HASH: CDCBC1F514D7E680FACD226074256633
   A B C D E F G H J K L M N O P Q R S T
19 . . . . . . . . . . . . . . . . . . .
18 . . . . . . . . . . . . . . . . . . .
17 . . . . . . . . . . . . . . . . . . .
16 . . . . . . . . . . . . . . . . . . .
15 . . . . . . . . . . . . . . . . . . .
14 . . . . . . . . . . . . . . . . . . .
13 . . . . . . . . . . . . . . . . . . .
12 . . . . . . . . . . . . . . . . . . .
11 . . . . . . . . . . . . . . . . . . .
10 . . . . . . . . . . . . . . . . . . .
 9 . . . . . . . . . . . . . . . . . . .
 8 . . . . . . . . . . . . . . . . . . .
 7 . . . . . . . . . . . . . . . . . . .
 6 . . . . . . . . . . . . . . . . . . .
 5 . . . @ . . . . . . . . . . . . . . .
 4 . . . . . . . . . . . . . . . . . . .
 3 . . . . . . . . . . . . . . . . . . .
 2 . . . . . . . . . . . . . . . . . . .
 1 . . . . . . . . . . . . . . . . . . .

koSIMPLEscoreAREAtaxNONEsui0whbNfpok1komi7.5
Time taken: 5.015
Root visits: 2463
New playouts: 2463
NN rows: 2203
NN batches: 276
NN avg batch size: 7.98188
PV: C4 R16 D16 Q4 P16 P17 O17 Q17 O16 R14
Tree:
: T 103.77c W  98.10c S   5.69c (+16.8 L +13.7) N    2463  --  C4 R16 D16 Q4 P16 P17 O17
---White(^)---
C4  : T 104.18c W  98.26c S   5.96c (+17.2 L +14.1) LCB  104.02c P  2.10% WF 1468.8 PSV    5887 N     393  --  C4 R16 D16 Q4 P16 P17 O17 Q17
D5  : T 103.97c W  98.13c S   5.84c (+17.0 L +14.0) LCB  103.83c P  5.00% WF 1746.1 PSV    1742 N     484  --  D5 Q17 D3 Q4 D16 R14 G17 R6
D4  : T 104.15c W  98.26c S   5.91c (+17.1 L +14.1) LCB  103.87c P  0.48% WF 1016.9 PSV    1013 N     273  --  D4 Q16 D16 Q3 R5 R8 O5 O3
C5  : T 103.86c W  98.15c S   5.69c (+16.9 L +13.9) LCB  103.63c P  0.32% WF 806.3 PSV      56 N     225  --  C5 R16 D3 D16 Q4 O17 R7 F17
C3  : T 103.67c W  98.11c S   5.60c (+16.8 L +13.8) LCB  103.42c P  0.34% WF 591.1 PSV      32 N     166  --  C3 Q16 D16 Q3 Q5 R5 R6 R4
J10 : T 103.69c W  97.99c S   5.63c (+16.7 L +13.1) LCB  103.10c P  0.18% WF 258.7 PSV      17 N      77  --  J10 Q17 D4 Q4 D17 C15
D10 : T 103.47c W  98.04c S   5.46c (+16.5 L +13.2) LCB  103.24c P  0.24% WF 525.9 PSV      15 N     156  --  D10 D16 D4 R16 Q4 P16
D9  : T 103.40c W  97.99c S   5.42c (+16.5 L +13.2) LCB  103.15c P  0.24% WF 388.4 PSV      13 N     114  --  D9 D4 D16 R4 Q16 O3 C6 F3
E10 : T 103.30c W  97.89c S   5.42c (+16.5 L +13.1) LCB  103.01c P  0.23% WF 343.5 PSV      11 N     103  --  E10 D16 D4 R16 Q4 O17
C6  : T 103.24c W  97.85c S   5.42c (+16.5 L +13.3) LCB  102.58c P  0.24% WF 172.5 PSV      11 N      56  --  C6 C4 D4 D3 E3 C2 D2 C3

2025-12-31 03:44:25+0800: = D5
