2025-12-31 04:03:18+0800: Running with following config:
allowResignation = true
friendlyPassOk = true
hasButton = false
koRule = SIMPLE
lagBuffer = 1.0
logAllGTPCommunication = true
logDir = gtp_logs
logSearchInfo = true
logSearchInfoForChosenMove = false
logToStderr = false
multiStoneSuicideLegal = false
nnCacheSizePowerOfTwo = 20
nnMutexPoolSizePowerOfTwo = 16
numNNServerThreadsPerModel = 1
numSearchThreads = 16
openclDeviceToUseThread0 = 0
ponderingEnabled = true
resignConsecTurns = 3
resignThreshold = -0.90
scoringRule = AREA
searchFactorAfterOnePass = 0.50
searchFactorAfterTwoPass = 0.25
searchFactorWhenWinning = 0.40
searchFactorWhenWinningThreshold = 0.95
taxRule = NONE
whiteHandicapBonus = N

2025-12-31 04:03:18+0800: GTP Engine starting...
2025-12-31 04:03:18+0800: KataGo v1.16.0
2025-12-31 04:03:18+0800: Using Chinese rules initially, unless GTP/GUI overrides this
2025-12-31 04:03:18+0800: Using 16 CPU thread(s) for search
2025-12-31 04:03:18+0800: nnRandSeed0 = 13997528317980246441
2025-12-31 04:03:18+0800: After dedups: nnModelFile0 = F:\KaTrain\_internal\katrain\models\kata1-b18c384nbt-s9996604416-d4316597426.bin.gz useFP16 auto useNHWC auto
2025-12-31 04:03:18+0800: Initializing neural net buffer to be size 19 * 19 exactly
2025-12-31 04:03:19+0800: Found OpenCL Platform 0: NVIDIA CUDA (NVIDIA Corporation) (OpenCL 3.0 CUDA 13.0.84)
2025-12-31 04:03:19+0800: Found 1 device(s) on platform 0 with type CPU or GPU or Accelerator
2025-12-31 04:03:19+0800: Found OpenCL Platform 1: AMD Accelerated Parallel Processing (Advanced Micro Devices, Inc.) (OpenCL 2.1 AMD-APP (3617.0))
2025-12-31 04:03:19+0800: Found 1 device(s) on platform 1 with type CPU or GPU or Accelerator
2025-12-31 04:03:19+0800: Found OpenCL Device 0: NVIDIA GeForce RTX 4060 Laptop GPU (NVIDIA Corporation) (score 11000300)
2025-12-31 04:03:19+0800: Found OpenCL Device 1: gfx1036 (Advanced Micro Devices, Inc.) (score 11000200)
2025-12-31 04:03:19+0800: Creating context for OpenCL Platform: NVIDIA CUDA (NVIDIA Corporation) (OpenCL 3.0 CUDA 13.0.84)
2025-12-31 04:03:19+0800: Using OpenCL Device 0: NVIDIA GeForce RTX 4060 Laptop GPU (NVIDIA Corporation) OpenCL 3.0 CUDA (Extensions: cl_khr_global_int32_base_atomics cl_khr_global_int32_extended_atomics cl_khr_local_int32_base_atomics cl_khr_local_int32_extended_atomics cl_khr_fp64 cl_khr_3d_image_writes cl_khr_byte_addressable_store cl_khr_icd cl_khr_gl_sharing cl_nv_compiler_options cl_nv_device_attribute_query cl_nv_pragma_unroll cl_nv_d3d10_sharing cl_khr_d3d10_sharing cl_nv_d3d11_sharing cl_nv_copy_opts cl_nv_create_buffer cl_khr_int64_base_atomics cl_khr_int64_extended_atomics cl_khr_device_uuid cl_khr_pci_bus_info cl_khr_external_semaphore cl_khr_external_memory cl_khr_external_semaphore_win32 cl_khr_external_memory_win32 cl_khr_semaphore)
2025-12-31 04:03:19+0800: Loaded tuning parameters from: F:\KaTrain\_internal\katrain\KataGo/KataGoData/opencltuning/tune11_gpuNVIDIAGeForceRTX4060LaptopGPU_x19_y19_c384_mv14.txt
2025-12-31 04:03:19+0800: OpenCL backend thread 0: Device 0 Model version 14
2025-12-31 04:03:19+0800: OpenCL backend thread 0: Device 0 Model name: kata1-b18c384nbt-s9996604416-d4316597426
2025-12-31 04:03:20+0800: OpenCL backend thread 0: Device 0 FP16Storage true FP16Compute false FP16TensorCores true FP16TensorCoresFor1x1 false
2025-12-31 04:03:20+0800: Loaded neural net with nnXLen 19 nnYLen 19
2025-12-31 04:03:20+0800: Initializing board with boardXSize 19 boardYSize 19
2025-12-31 04:03:20+0800: Loaded config F:\KaTrain\_internal\katrain\KataGo\genconfig.cfg
2025-12-31 04:03:20+0800: Loaded model F:\KaTrain\_internal\katrain\models\kata1-b18c384nbt-s9996604416-d4316597426.bin.gz
2025-12-31 04:03:20+0800: Model name: kata1-b18c384nbt-s9996604416-d4316597426
2025-12-31 04:03:20+0800: GTP ready, beginning main protocol loop
2025-12-31 04:03:20+0800: Controller: version
2025-12-31 04:03:20+0800: = 1.16.0+b18c384nbt-s9996M
2025-12-31 04:03:20+0800: Controller: board-size 19
2025-12-31 04:03:20+0800: ? unknown command
2025-12-31 04:03:20+0800: Controller: clear_board
2025-12-31 04:03:20+0800: = 
2025-12-31 04:03:20+0800: Controller: komi 7.5
2025-12-31 04:03:20+0800: = 
2025-12-31 04:03:24+0800: Controller: play b Q16
2025-12-31 04:03:24+0800: = 
2025-12-31 04:03:24+0800: Controller: genmove w
2025-12-31 04:03:29+0800: MoveNum: 1 HASH: D787FAD66281F76731DCD9C1B3387463
   A B C D E F G H J K L M N O P Q R S T
19 . . . . . . . . . . . . . . . . . . .
18 . . . . . . . . . . . . . . . . . . .
17 . . . . . . . . . . . . . . . . . . .
16 . . . @ . . . . . . . . . . . X1. . .
15 . . . . . . . . . . . . . . . . . . .
14 . . . . . . . . . . . . . . . . . . .
13 . . . . . . . . . . . . . . . . . . .
12 . . . . . . . . . . . . . . . . . . .
11 . . . . . . . . . . . . . . . . . . .
10 . . . . . . . . . . . . . . . . . . .
 9 . . . . . . . . . . . . . . . . . . .
 8 . . . . . . . . . . . . . . . . . . .
 7 . . . . . . . . . . . . . . . . . . .
 6 . . . . . . . . . . . . . . . . . . .
 5 . . . . . . . . . . . . . . . . . . .
 4 . . . . . . . . . . . . . . . . . . .
 3 . . . . . . . . . . . . . . . . . . .
 2 . . . . . . . . . . . . . . . . . . .
 1 . . . . . . . . . . . . . . . . . . .

koSIMPLEscoreAREAtaxNONEsui0whbNfpok1komi7.5
Time taken: 5.032
Root visits: 2708
New playouts: 2708
NN rows: 2241
NN batches: 281
NN avg batch size: 7.97509
PV: D16 C17 D17 C16 D15 B14 D4 Q4 R3 Q3 R4 Q5 S6 F3 K3 C6 D6 D7 E6 C3 C5 D3 C7 H17
Tree:
: T  25.11c W  24.81c S   0.54c ( +1.4 L  +1.0) N    2708  --  D16 C17 D17 C16 D15 B14 D4
---White(^)---
D16 : T  25.64c W  25.22c S   0.57c ( +1.5 L  +1.0) LCB   25.27c P 17.50% WF 3168.1 PSV   13541 N    1144  --  D16 C17 D17 C16 D15 B14 D4 Q4
D4  : T  25.15c W  24.95c S   0.56c ( +1.4 L  +1.0) LCB   24.83c P 51.61% WF 3958.3 PSV    3966 N    1440  --  D4 Q4 D16 F3 R17 Q17 R16 Q15
C4  : T  21.64c W  21.44c S   0.34c ( +1.2 L  +0.9) LCB   17.90c P  1.33% WF  41.4 PSV      13 N      16  --  C4 Q4 D16 E3 R17 Q17 R16
C16 : T  21.67c W  21.24c S   0.27c ( +1.2 L  +0.8) LCB   17.85c P  1.13% WF  49.7 PSV      11 N      19  --  C16 Q4 D4 E17 R3 Q3 R4
D17 : T  21.52c W  21.01c S   0.31c ( +1.2 L  +0.8) LCB   17.62c P  1.05% WF  36.5 PSV      10 N      14  --  D17 D4 Q4 C15 E16 R3 Q3
C3  : T  20.54c W  20.13c S   0.14c ( +1.0 L  +0.7) LCB   15.47c P  0.91% WF  29.5 PSV       7 N      12  --  C3 C16 Q4 R3
C17 : T  20.26c W  19.64c S   0.15c ( +1.1 L  +0.7) LCB   16.23c P  0.71% WF  36.9 PSV       5 N      15  --  C17 Q3 D4 C3 C4
D5  : T  16.39c W  15.59c S  -0.21c ( +0.7 L  +0.5) LCB    7.35c P  0.15% WF  21.5 PSV       0 N       9  --  D5 D16 Q4 C3
R17 : T  15.97c W  17.79c S   0.06c ( +1.0 L  +0.7) LCB    3.44c P  0.21% WF  15.9 PSV       0 N       8  --  R17 Q17 R16 Q15 S14
D15 : T  15.84c W  15.55c S  -0.21c ( +0.7 L  +0.5) LCB    4.53c P  0.15% WF  19.2 PSV       0 N       8  --  D15 D4 Q4 D17

2025-12-31 04:03:29+0800: = D16
2025-12-31 04:03:31+0800: Controller: play b D4
2025-12-31 04:03:31+0800: = 
2025-12-31 04:03:31+0800: Controller: genmove w
2025-12-31 04:03:36+0800: MoveNum: 3 HASH: 86A6B7179E6EBC3E5F1565518DB75E58
   A B C D E F G H J K L M N O P Q R S T
19 . . . . . . . . . . . . . . . . . . .
18 . . . . . . . . . . . . . . . . . . .
17 . . . . . . . . . . . . . . . . . . .
16 . . . O2. . . . . . . . . . . X1. . .
15 . . . . . . . . . . . . . . . . . . .
14 . . . . . . . . . . . . . . . . . . .
13 . . . . . . . . . . . . . . . . . . .
12 . . . . . . . . . . . . . . . . . . .
11 . . . . . . . . . . . . . . . . . . .
10 . . . . . . . . . . . . . . . . . . .
 9 . . . . . . . . . . . . . . . . . . .
 8 . . . . . . . . . . . . . . . . . . .
 7 . . . . . . . . . . . . . . . . . . .
 6 . . . . . . . . . . . . . . . . . . .
 5 . . . . . . . . . . . . . . . . . . .
 4 . . . X3. . . . . . . . . . . @ . . .
 3 . . . . . . . . . . . . . . . . . . .
 2 . . . . . . . . . . . . . . . . . . .
 1 . . . . . . . . . . . . . . . . . . .

koSIMPLEscoreAREAtaxNONEsui0whbNfpok1komi7.5
Time taken: 5.031
Root visits: 3003
New playouts: 2816
NN rows: 2181
NN batches: 270
NN avg batch size: 8.07778
PV: Q4 R6 C3 D3 C4 C6 C5 D5 B6 O4 R14 P6 O17 O16 N16 O15 P17 Q17
Tree:
: T  25.63c W  25.24c S   0.46c ( +1.4 L  +1.0) N    3003  --  Q4 R6 C3 D3 C4 C6 C5
---White(^)---
Q4  : T  25.68c W  25.29c S   0.46c ( +1.4 L  +1.0) LCB   25.43c P 81.03% WF 7744.1 PSV    7742 N    2965  --  Q4 R6 C3 D3 C4 C6 C5 D5
Q3  : T  22.33c W  21.96c S   0.31c ( +1.3 L  +0.9) LCB   20.08c P  5.71% WF  71.6 PSV      64 N      28  --  Q3 R5 P4 C17 D17 C16 C14 C15
R3  : T  18.48c W  18.13c S   0.04c ( +1.0 L  +0.7) LCB  -55.97c P  1.46% WF   7.4 PSV       8 N       3  --  R3 C17 C16
C3  : T  20.77c W  21.15c S   0.24c ( +1.2 L  +0.7) LCB  -53.41c P  0.80% WF   7.3 PSV       6 N       3  --  C3 C4 D3
P3  : T  10.95c W  11.54c S  -0.59c ( +0.4 L  +0.4) LCB -339.05c P  0.32% WF   2.4 PSV       0 N       1  --  P3
P4  : T  12.22c W  12.86c S  -0.64c ( +0.4 L  +0.3) LCB -337.78c P  0.24% WF   2.5 PSV       0 N       1  --  P4

2025-12-31 04:03:36+0800: = Q4
