2025-12-31 03:56:00+0800: Running with following config:
allowResignation = true
friendlyPassOk = true
hasButton = false
koRule = SIMPLE
lagBuffer = 1.0
logAllGTPCommunication = true
logDir = gtp_logs
logSearchInfo = true
logSearchInfoForChosenMove = false
logToStderr = false
multiStoneSuicideLegal = false
nnCacheSizePowerOfTwo = 20
nnMutexPoolSizePowerOfTwo = 16
numNNServerThreadsPerModel = 1
numSearchThreads = 16
openclDeviceToUseThread0 = 0
ponderingEnabled = true
resignConsecTurns = 3
resignThreshold = -0.90
scoringRule = AREA
searchFactorAfterOnePass = 0.50
searchFactorAfterTwoPass = 0.25
searchFactorWhenWinning = 0.40
searchFactorWhenWinningThreshold = 0.95
taxRule = NONE
whiteHandicapBonus = N

2025-12-31 03:56:00+0800: GTP Engine starting...
2025-12-31 03:56:00+0800: KataGo v1.16.0
2025-12-31 03:56:00+0800: Using Chinese rules initially, unless GTP/GUI overrides this
2025-12-31 03:56:00+0800: Using 16 CPU thread(s) for search
2025-12-31 03:56:00+0800: nnRandSeed0 = 6829636057537981201
2025-12-31 03:56:00+0800: After dedups: nnModelFile0 = F:\KaTrain\_internal\katrain\models\kata1-b18c384nbt-s9996604416-d4316597426.bin.gz useFP16 auto useNHWC auto
2025-12-31 03:56:00+0800: Initializing neural net buffer to be size 19 * 19 exactly
2025-12-31 03:56:01+0800: Found OpenCL Platform 0: NVIDIA CUDA (NVIDIA Corporation) (OpenCL 3.0 CUDA 13.0.84)
2025-12-31 03:56:01+0800: Found 1 device(s) on platform 0 with type CPU or GPU or Accelerator
2025-12-31 03:56:01+0800: Found OpenCL Platform 1: AMD Accelerated Parallel Processing (Advanced Micro Devices, Inc.) (OpenCL 2.1 AMD-APP (3617.0))
2025-12-31 03:56:01+0800: Found 1 device(s) on platform 1 with type CPU or GPU or Accelerator
2025-12-31 03:56:01+0800: Found OpenCL Device 0: NVIDIA GeForce RTX 4060 Laptop GPU (NVIDIA Corporation) (score 11000300)
2025-12-31 03:56:01+0800: Found OpenCL Device 1: gfx1036 (Advanced Micro Devices, Inc.) (score 11000200)
2025-12-31 03:56:01+0800: Creating context for OpenCL Platform: NVIDIA CUDA (NVIDIA Corporation) (OpenCL 3.0 CUDA 13.0.84)
2025-12-31 03:56:01+0800: Using OpenCL Device 0: NVIDIA GeForce RTX 4060 Laptop GPU (NVIDIA Corporation) OpenCL 3.0 CUDA (Extensions: cl_khr_global_int32_base_atomics cl_khr_global_int32_extended_atomics cl_khr_local_int32_base_atomics cl_khr_local_int32_extended_atomics cl_khr_fp64 cl_khr_3d_image_writes cl_khr_byte_addressable_store cl_khr_icd cl_khr_gl_sharing cl_nv_compiler_options cl_nv_device_attribute_query cl_nv_pragma_unroll cl_nv_d3d10_sharing cl_khr_d3d10_sharing cl_nv_d3d11_sharing cl_nv_copy_opts cl_nv_create_buffer cl_khr_int64_base_atomics cl_khr_int64_extended_atomics cl_khr_device_uuid cl_khr_pci_bus_info cl_khr_external_semaphore cl_khr_external_memory cl_khr_external_semaphore_win32 cl_khr_external_memory_win32 cl_khr_semaphore)
2025-12-31 03:56:01+0800: Loaded tuning parameters from: F:\KaTrain\_internal\katrain\KataGo/KataGoData/opencltuning/tune11_gpuNVIDIAGeForceRTX4060LaptopGPU_x19_y19_c384_mv14.txt
2025-12-31 03:56:01+0800: OpenCL backend thread 0: Device 0 Model version 14
2025-12-31 03:56:01+0800: OpenCL backend thread 0: Device 0 Model name: kata1-b18c384nbt-s9996604416-d4316597426
2025-12-31 03:56:02+0800: OpenCL backend thread 0: Device 0 FP16Storage true FP16Compute false FP16TensorCores true FP16TensorCoresFor1x1 false
2025-12-31 03:56:02+0800: Loaded neural net with nnXLen 19 nnYLen 19
2025-12-31 03:56:02+0800: Initializing board with boardXSize 19 boardYSize 19
2025-12-31 03:56:02+0800: Loaded config F:\KaTrain\_internal\katrain\KataGo\genconfig.cfg
2025-12-31 03:56:02+0800: Loaded model F:\KaTrain\_internal\katrain\models\kata1-b18c384nbt-s9996604416-d4316597426.bin.gz
2025-12-31 03:56:02+0800: Model name: kata1-b18c384nbt-s9996604416-d4316597426
2025-12-31 03:56:02+0800: GTP ready, beginning main protocol loop
2025-12-31 03:56:02+0800: Controller: version
2025-12-31 03:56:02+0800: = 1.16.0+b18c384nbt-s9996M
2025-12-31 03:56:02+0800: Controller: board-size 19
2025-12-31 03:56:02+0800: ? unknown command
2025-12-31 03:56:02+0800: Controller: clear_board
2025-12-31 03:56:02+0800: = 
2025-12-31 03:56:02+0800: Controller: komi 7.5
2025-12-31 03:56:02+0800: = 
2025-12-31 03:56:07+0800: Controller: play b Q16
2025-12-31 03:56:07+0800: = 
2025-12-31 03:56:07+0800: Controller: genmove w
2025-12-31 03:56:13+0800: MoveNum: 1 HASH: D787FAD66281F76731DCD9C1B3387463
   A B C D E F G H J K L M N O P Q R S T
19 . . . . . . . . . . . . . . . . . . .
18 . . . . . . . . . . . . . . . . . . .
17 . . . . . . . . . . . . . . . . . . .
16 . . . . . . . . . . . . . . . X1. . .
15 . . . . . . . . . . . . . . . . . . .
14 . . . . . . . . . . . . . . . . . . .
13 . . . . . . . . . . . . . . . . . . .
12 . . . . . . . . . . . . . . . . . . .
11 . . . . . . . . . . . . . . . . . . .
10 . . . . . . . . . . . . . . . . . . .
 9 . . . . . . . . . . . . . . . . . . .
 8 . . . . . . . . . . . . . . . . . . .
 7 . . . . . . . . . . . . . . . . . . .
 6 . . . . . . . . . . . . . . . . . . .
 5 . . . . . . . . . . . . . . . . . . .
 4 . . . @ . . . . . . . . . . . . . . .
 3 . . . . . . . . . . . . . . . . . . .
 2 . . . . . . . . . . . . . . . . . . .
 1 . . . . . . . . . . . . . . . . . . .

koSIMPLEscoreAREAtaxNONEsui0whbNfpok1komi7.5
Time taken: 5.329
Root visits: 1299
New playouts: 1299
NN rows: 898
NN batches: 113
NN avg batch size: 7.9469
PV: D4 Q4 D16 F17 R3 Q3 R4 Q5 S6 C14 D14 D13 E14 C16 C17 C15
Tree:
: T  25.36c W  24.87c S   0.56c ( +1.4 L  +1.0) N    1299  --  D4 Q4 D16 F17 R3 Q3 R4
---White(^)---
D4  : T  26.04c W  25.50c S   0.61c ( +1.5 L  +1.0) LCB   25.59c P 51.14% WF 1878.6 PSV    1869 N     679  --  D4 Q4 D16 F17 R3 Q3 R4 Q5
D16 : T  25.80c W  25.29c S   0.59c ( +1.5 L  +1.0) LCB   25.29c P 16.74% WF 1347.8 PSV     453 N     491  --  D16 Q4 D4 F17 R3 Q3 R4 Q5
C4  : T  22.39c W  21.86c S   0.37c ( +1.3 L  +0.9) LCB   20.02c P  1.46% WF  74.1 PSV       8 N      29  --  C4 Q4 D16 E3 R17 Q17 R16 R14
C16 : T  21.31c W  20.87c S   0.25c ( +1.1 L  +0.8) LCB   16.39c P  1.23% WF  42.2 PSV       5 N      16  --  C16 D4 Q4 E17 D15 R3
D17 : T  21.65c W  20.92c S   0.33c ( +1.2 L  +0.8) LCB   17.77c P  0.98% WF  44.4 PSV       4 N      17  --  D17 D4 Q4 C15 E16 R3 Q3 R4
C3  : T  20.64c W  20.26c S   0.15c ( +1.0 L  +0.8) LCB   15.58c P  0.88% WF  29.4 PSV       3 N      12  --  C3 C16 Q4 R3
C17 : T  19.35c W  19.35c S   0.19c ( +1.1 L  +0.7) LCB   13.22c P  0.76% WF  26.8 PSV       2 N      11  --  C17 Q3 D4 C3 C4
R17 : T  17.67c W  18.79c S   0.13c ( +1.0 L  +0.7) LCB    6.67c P  0.21% WF  18.2 PSV       0 N       9  --  R17 Q17 R16 Q15 R15
E16 : T  15.32c W  15.36c S  -0.25c ( +0.7 L  +0.5) LCB    3.99c P  0.15% WF  16.2 PSV       0 N       8  --  E16 C17 C15 D4
D15 : T  13.72c W  14.35c S  -0.32c ( +0.6 L  +0.5) LCB   -5.93c P  0.15% WF  13.7 PSV       0 N       6  --  D15 C17 E17 D4

2025-12-31 03:56:13+0800: = D4
