2025-12-21 23:33:19+0800: Running with following config:
allowResignation = true
friendlyPassOk = true
hasButton = false
koRule = SIMPLE
lagBuffer = 1.0
logAllGTPCommunication = true
logDir = gtp_logs
logSearchInfo = true
logSearchInfoForChosenMove = false
logToStderr = false
multiStoneSuicideLegal = false
nnCacheSizePowerOfTwo = 20
nnMutexPoolSizePowerOfTwo = 16
numNNServerThreadsPerModel = 1
numSearchThreads = 16
openclDeviceToUseThread0 = 0
ponderingEnabled = true
resignConsecTurns = 3
resignThreshold = -0.90
scoringRule = AREA
searchFactorAfterOnePass = 0.50
searchFactorAfterTwoPass = 0.25
searchFactorWhenWinning = 0.40
searchFactorWhenWinningThreshold = 0.95
taxRule = NONE
whiteHandicapBonus = N

2025-12-21 23:33:19+0800: GTP Engine starting...
2025-12-21 23:33:19+0800: KataGo v1.16.0
2025-12-21 23:33:19+0800: Using Chinese rules initially, unless GTP/GUI overrides this
2025-12-21 23:33:19+0800: Using 16 CPU thread(s) for search
2025-12-21 23:33:19+0800: nnRandSeed0 = 9440882327049727333
2025-12-21 23:33:19+0800: After dedups: nnModelFile0 = F:\KaTrain\_internal\katrain\models\kata1-b18c384nbt-s9996604416-d4316597426.bin.gz useFP16 auto useNHWC auto
2025-12-21 23:33:19+0800: Initializing neural net buffer to be size 19 * 19 exactly
