2026-01-02 12:54:25+0800: Running with following config:
allowResignation = true
friendlyPassOk = true
hasButton = false
koRule = SIMPLE
lagBuffer = 1.0
logAllGTPCommunication = true
logDir = gtp_logs
logSearchInfo = true
logSearchInfoForChosenMove = false
logToStderr = false
maxTimePondering = 60.0
multiStoneSuicideLegal = false
nnCacheSizePowerOfTwo = 20
nnMutexPoolSizePowerOfTwo = 16
numNNServerThreadsPerModel = 1
numSearchThreads = 16
openclDeviceToUseThread0 = 0
ponderingEnabled = true
resignConsecTurns = 3
resignThreshold = -0.90
scoringRule = AREA
searchFactorAfterOnePass = 0.50
searchFactorAfterTwoPass = 0.25
searchFactorWhenWinning = 0.40
searchFactorWhenWinningThreshold = 0.95
taxRule = NONE
whiteHandicapBonus = N

2026-01-02 12:54:25+0800: GTP Engine starting...
2026-01-02 12:54:25+0800: KataGo v1.16.0
2026-01-02 12:54:25+0800: Using Chinese rules initially, unless GTP/GUI overrides this
2026-01-02 12:54:25+0800: Using 16 CPU thread(s) for search
2026-01-02 12:54:25+0800: nnRandSeed0 = 2726785241394340086
2026-01-02 12:54:25+0800: After dedups: nnModelFile0 = F:\KaTrain\_internal\katrain\models\kata1-b18c384nbt-s9996604416-d4316597426.bin.gz useFP16 auto useNHWC auto
2026-01-02 12:54:25+0800: Initializing neural net buffer to be size 19 * 19 exactly
2026-01-02 12:54:26+0800: Found OpenCL Platform 0: NVIDIA CUDA (NVIDIA Corporation) (OpenCL 3.0 CUDA 13.0.84)
2026-01-02 12:54:26+0800: Found 1 device(s) on platform 0 with type CPU or GPU or Accelerator
2026-01-02 12:54:26+0800: Found OpenCL Platform 1: AMD Accelerated Parallel Processing (Advanced Micro Devices, Inc.) (OpenCL 2.1 AMD-APP (3617.0))
2026-01-02 12:54:26+0800: Found 1 device(s) on platform 1 with type CPU or GPU or Accelerator
2026-01-02 12:54:26+0800: Found OpenCL Device 0: NVIDIA GeForce RTX 4060 Laptop GPU (NVIDIA Corporation) (score 11000300)
2026-01-02 12:54:26+0800: Found OpenCL Device 1: gfx1036 (Advanced Micro Devices, Inc.) (score 11000200)
2026-01-02 12:54:26+0800: Creating context for OpenCL Platform: NVIDIA CUDA (NVIDIA Corporation) (OpenCL 3.0 CUDA 13.0.84)
2026-01-02 12:54:26+0800: Using OpenCL Device 0: NVIDIA GeForce RTX 4060 Laptop GPU (NVIDIA Corporation) OpenCL 3.0 CUDA (Extensions: cl_khr_global_int32_base_atomics cl_khr_global_int32_extended_atomics cl_khr_local_int32_base_atomics cl_khr_local_int32_extended_atomics cl_khr_fp64 cl_khr_3d_image_writes cl_khr_byte_addressable_store cl_khr_icd cl_khr_gl_sharing cl_nv_compiler_options cl_nv_device_attribute_query cl_nv_pragma_unroll cl_nv_d3d10_sharing cl_khr_d3d10_sharing cl_nv_d3d11_sharing cl_nv_copy_opts cl_nv_create_buffer cl_khr_int64_base_atomics cl_khr_int64_extended_atomics cl_khr_device_uuid cl_khr_pci_bus_info cl_khr_external_semaphore cl_khr_external_memory cl_khr_external_semaphore_win32 cl_khr_external_memory_win32 cl_khr_semaphore)
2026-01-02 12:54:26+0800: Loaded tuning parameters from: F:\KaTrain\_internal\katrain\KataGo/KataGoData/opencltuning/tune11_gpuNVIDIAGeForceRTX4060LaptopGPU_x19_y19_c384_mv14.txt
2026-01-02 12:54:26+0800: OpenCL backend thread 0: Device 0 Model version 14
2026-01-02 12:54:26+0800: OpenCL backend thread 0: Device 0 Model name: kata1-b18c384nbt-s9996604416-d4316597426
2026-01-02 12:54:27+0800: OpenCL backend thread 0: Device 0 FP16Storage true FP16Compute false FP16TensorCores true FP16TensorCoresFor1x1 false
2026-01-02 12:54:27+0800: Loaded neural net with nnXLen 19 nnYLen 19
2026-01-02 12:54:27+0800: Initializing board with boardXSize 19 boardYSize 19
2026-01-02 12:54:27+0800: Loaded config F:\KaTrain\_internal\katrain\KataGo\genconfig.cfg
2026-01-02 12:54:27+0800: Loaded model F:\KaTrain\_internal\katrain\models\kata1-b18c384nbt-s9996604416-d4316597426.bin.gz
2026-01-02 12:54:27+0800: Model name: kata1-b18c384nbt-s9996604416-d4316597426
2026-01-02 12:54:27+0800: GTP ready, beginning main protocol loop
2026-01-02 12:54:27+0800: Controller: version
2026-01-02 12:54:27+0800: = 1.16.0+b18c384nbt-s9996M
2026-01-02 12:54:27+0800: Controller: clear_board
2026-01-02 12:54:27+0800: = 
2026-01-02 12:54:30+0800: Controller: play b Q16
2026-01-02 12:54:30+0800: = 
2026-01-02 12:54:30+0800: Controller: genmove w
2026-01-02 12:54:35+0800: MoveNum: 1 HASH: D787FAD66281F76731DCD9C1B3387463
   A B C D E F G H J K L M N O P Q R S T
19 . . . . . . . . . . . . . . . . . . .
18 . . . . . . . . . . . . . . . . . . .
17 . . . . . . . . . . . . . . . . . . .
16 . . . . . . . . . . . . . . . X1. . .
15 . . . . . . . . . . . . . . . . . . .
14 . . . . . . . . . . . . . . . . . . .
13 . . . . . . . . . . . . . . . . . . .
12 . . . . . . . . . . . . . . . . . . .
11 . . . . . . . . . . . . . . . . . . .
10 . . . . . . . . . . . . . . . . . . .
 9 . . . . . . . . . . . . . . . . . . .
 8 . . . . . . . . . . . . . . . . . . .
 7 . . . . . . . . . . . . . . . . . . .
 6 . . . . . . . . . . . . . . . . . . .
 5 . . . . . . . . . . . . . . . . . . .
 4 . . . @ . . . . . . . . . . . . . . .
 3 . . . . . . . . . . . . . . . . . . .
 2 . . . . . . . . . . . . . . . . . . .
 1 . . . . . . . . . . . . . . . . . . .

koSIMPLEscoreAREAtaxNONEsui0whbNfpok1komi7.5
Time taken: 5.031
Root visits: 3639
New playouts: 3639
NN rows: 2337
NN batches: 293
NN avg batch size: 7.97611
PV: D4 Q4 D16 F3 R17 Q17 R16 Q15 R15 R14 S14 C14 C6 F17 D14 D13 E14 C16 C17 C15 D18 J17
Tree:
: T  24.67c W  24.55c S   0.51c ( +1.4 L  +1.0) N    3639  --  D4 Q4 D16 F3 R17 Q17 R16
---White(^)---
D4  : T  24.84c W  24.76c S   0.52c ( +1.4 L  +1.0) LCB   24.56c P 49.86% WF 5827.2 PSV    5822 N    2134  --  D4 Q4 D16 F3 R17 Q17 R16 Q15
D16 : T  24.88c W  24.70c S   0.51c ( +1.4 L  +1.0) LCB   24.53c P 19.69% WF 3745.8 PSV    2526 N    1372  --  D16 Q4 D4 F3 R17 Q17 R16 Q15
C4  : T  21.91c W  21.70c S   0.35c ( +1.3 L  +0.9) LCB   17.58c P  1.35% WF  41.4 PSV      20 N      16  --  C4 Q4 D16 E3 R17 D5 C5
C16 : T  21.62c W  21.14c S   0.27c ( +1.2 L  +0.8) LCB   18.31c P  1.19% WF  57.0 PSV      16 N      22  --  C16 D4 Q4 E17 D15 R3 Q3
D17 : T  21.56c W  21.05c S   0.26c ( +1.2 L  +0.8) LCB   18.63c P  1.04% WF  49.6 PSV      14 N      19  --  D17 D4 Q4 C15 E16 R3 Q3
C3  : T  20.19c W  19.90c S   0.14c ( +1.1 L  +0.8) LCB   14.25c P  0.90% WF  27.0 PSV       8 N      11  --  C3 Q3 D16 C17
C17 : T  20.15c W  19.93c S   0.20c ( +1.1 L  +0.8) LCB   16.39c P  0.79% WF  36.9 PSV       7 N      15  --  C17 Q3 D4 C3 D3
R17 : T  17.17c W  18.07c S   0.03c ( +0.9 L  +0.6) LCB    9.91c P  0.21% WF  25.2 PSV       1 N      12  --  R17 R16 Q17 P16 P17 O17
D5  : T  16.76c W  15.96c S  -0.21c ( +0.7 L  +0.5) LCB    5.63c P  0.16% WF  19.3 PSV       0 N       8  --  D5 Q4 D16 C3
E16 : T  13.03c W  14.43c S  -0.32c ( +0.6 L  +0.5) LCB    0.99c P  0.13% WF  18.7 PSV       0 N       8  --  E16 D4 Q4 C17 C16

2026-01-02 12:54:35+0800: = D4
2026-01-02 12:55:12+0800: GPU 0 finishing, processed 19396 rows 2419 batches
2026-01-02 12:55:12+0800: All cleaned up, quitting
