2026-01-03 01:17:36+0800: Running with following config:
allowResignation = true
analysisIgnorePreRootHistory = false
chosenMovePrune = 0
chosenMoveSubtract = 0
chosenMoveTemperature = 0.70
chosenMoveTemperatureEarly = 0.85
chosenMoveTemperatureHalflife = 80
chosenMoveTemperatureOnlyBelowProb = 0.01
delayMoveMax = 10.0
delayMoveScale = 2.0
dynamicScoreUtilityFactor = 0.00
humanSLChosenMoveIgnorePass = true
humanSLChosenMovePiklLambda = 100000000
humanSLChosenMoveProp = 1.0
humanSLCpuctExploration = 0.50
humanSLCpuctPermanent = 0.2
humanSLOppExploreProbWeightful = 0.0
humanSLOppExploreProbWeightless = 0.0
humanSLPlaExploreProbWeightful = 0.0
humanSLPlaExploreProbWeightless = 0.0
humanSLProfile = preaz_5k
humanSLRootExploreProbWeightful = 0.0
humanSLRootExploreProbWeightless = 0.0
ignorePreRootHistory = false
lagBuffer = 1.0
logAllGTPCommunication = true
logDir = gtp_logs
logSearchInfo = true
logSearchInfoForChosenMove = false
logToStderr = false
maxVisits = 40
nnCacheSizePowerOfTwo = 17
nnMutexPoolSizePowerOfTwo = 14
numSearchThreads = 1
resignConsecTurns = 20
resignMinMovesPerBoardArea = 0.4
resignMinScoreDifference = 40
resignThreshold = -0.99
rootNumSymmetriesToSample = 2
rules = chinese
staticScoreUtilityFactor = 0.30
subtreeValueBiasFactor = 0.0
useLcbForSelection = false
useNoisePruning = false
useUncertainty = false
winLossUtilityFactor = 1.0

2026-01-03 01:17:36+0800: GTP Engine starting...
2026-01-03 01:17:36+0800: KataGo v1.16.0
2026-01-03 01:17:36+0800: Using Chinese rules initially, unless GTP/GUI overrides this
2026-01-03 01:17:36+0800: Using 1 CPU thread(s) for search
2026-01-03 01:17:36+0800: nnRandSeed0 = 9613949385184443581
2026-01-03 01:17:36+0800: After dedups: nnModelFile0 = F:\KaTrain\_internal\katrain\models\kata1-b18c384nbt-s9996604416-d4316597426.bin.gz useFP16 auto useNHWC auto
2026-01-03 01:17:36+0800: Initializing neural net buffer to be size 19 * 19 exactly
2026-01-03 01:17:37+0800: Found OpenCL Platform 0: NVIDIA CUDA (NVIDIA Corporation) (OpenCL 3.0 CUDA 13.0.84)
2026-01-03 01:17:37+0800: Found 1 device(s) on platform 0 with type CPU or GPU or Accelerator
2026-01-03 01:17:37+0800: Found OpenCL Platform 1: AMD Accelerated Parallel Processing (Advanced Micro Devices, Inc.) (OpenCL 2.1 AMD-APP (3617.0))
2026-01-03 01:17:37+0800: Found 1 device(s) on platform 1 with type CPU or GPU or Accelerator
2026-01-03 01:17:37+0800: Found OpenCL Device 0: NVIDIA GeForce RTX 4060 Laptop GPU (NVIDIA Corporation) (score 11000300)
2026-01-03 01:17:37+0800: Found OpenCL Device 1: gfx1036 (Advanced Micro Devices, Inc.) (score 11000200)
2026-01-03 01:17:37+0800: Creating context for OpenCL Platform: NVIDIA CUDA (NVIDIA Corporation) (OpenCL 3.0 CUDA 13.0.84)
2026-01-03 01:17:37+0800: Using OpenCL Device 0: NVIDIA GeForce RTX 4060 Laptop GPU (NVIDIA Corporation) OpenCL 3.0 CUDA (Extensions: cl_khr_global_int32_base_atomics cl_khr_global_int32_extended_atomics cl_khr_local_int32_base_atomics cl_khr_local_int32_extended_atomics cl_khr_fp64 cl_khr_3d_image_writes cl_khr_byte_addressable_store cl_khr_icd cl_khr_gl_sharing cl_nv_compiler_options cl_nv_device_attribute_query cl_nv_pragma_unroll cl_nv_d3d10_sharing cl_khr_d3d10_sharing cl_nv_d3d11_sharing cl_nv_copy_opts cl_nv_create_buffer cl_khr_int64_base_atomics cl_khr_int64_extended_atomics cl_khr_device_uuid cl_khr_pci_bus_info cl_khr_external_semaphore cl_khr_external_memory cl_khr_external_semaphore_win32 cl_khr_external_memory_win32 cl_khr_semaphore)
2026-01-03 01:17:37+0800: Loaded tuning parameters from: F:\KaTrain\_internal\katrain\KataGo/KataGoData/opencltuning/tune11_gpuNVIDIAGeForceRTX4060LaptopGPU_x19_y19_c384_mv14.txt
2026-01-03 01:17:38+0800: OpenCL backend thread 0: Model version 14
2026-01-03 01:17:38+0800: OpenCL backend thread 0: Model name: kata1-b18c384nbt-s9996604416-d4316597426
2026-01-03 01:17:39+0800: OpenCL backend thread 0: FP16Storage true FP16Compute false FP16TensorCores true FP16TensorCoresFor1x1 false
2026-01-03 01:17:39+0800: Loaded neural net with nnXLen 19 nnYLen 19
2026-01-03 01:17:39+0800: nnRandSeed0 = 1921885105559644382
2026-01-03 01:17:39+0800: After dedups: nnModelFile0 = F:\KaTrain\_internal\katrain\models\b18c384nbt-humanv0.bin.gz useFP16 auto useNHWC auto
2026-01-03 01:17:39+0800: Initializing neural net buffer to be size 19 * 19 exactly
2026-01-03 01:17:40+0800: Found OpenCL Platform 0: NVIDIA CUDA (NVIDIA Corporation) (OpenCL 3.0 CUDA 13.0.84)
2026-01-03 01:17:40+0800: Found 1 device(s) on platform 0 with type CPU or GPU or Accelerator
2026-01-03 01:17:40+0800: Found OpenCL Platform 1: AMD Accelerated Parallel Processing (Advanced Micro Devices, Inc.) (OpenCL 2.1 AMD-APP (3617.0))
2026-01-03 01:17:40+0800: Found 1 device(s) on platform 1 with type CPU or GPU or Accelerator
2026-01-03 01:17:40+0800: Found OpenCL Device 0: NVIDIA GeForce RTX 4060 Laptop GPU (NVIDIA Corporation) (score 11000300)
2026-01-03 01:17:40+0800: Found OpenCL Device 1: gfx1036 (Advanced Micro Devices, Inc.) (score 11000200)
2026-01-03 01:17:40+0800: Creating context for OpenCL Platform: NVIDIA CUDA (NVIDIA Corporation) (OpenCL 3.0 CUDA 13.0.84)
2026-01-03 01:17:40+0800: Using OpenCL Device 0: NVIDIA GeForce RTX 4060 Laptop GPU (NVIDIA Corporation) OpenCL 3.0 CUDA (Extensions: cl_khr_global_int32_base_atomics cl_khr_global_int32_extended_atomics cl_khr_local_int32_base_atomics cl_khr_local_int32_extended_atomics cl_khr_fp64 cl_khr_3d_image_writes cl_khr_byte_addressable_store cl_khr_icd cl_khr_gl_sharing cl_nv_compiler_options cl_nv_device_attribute_query cl_nv_pragma_unroll cl_nv_d3d10_sharing cl_khr_d3d10_sharing cl_nv_d3d11_sharing cl_nv_copy_opts cl_nv_create_buffer cl_khr_int64_base_atomics cl_khr_int64_extended_atomics cl_khr_device_uuid cl_khr_pci_bus_info cl_khr_external_semaphore cl_khr_external_memory cl_khr_external_semaphore_win32 cl_khr_external_memory_win32 cl_khr_semaphore)
2026-01-03 01:17:40+0800: Loaded tuning parameters from: F:\KaTrain\_internal\katrain\KataGo/KataGoData/opencltuning/tune11_gpuNVIDIAGeForceRTX4060LaptopGPU_x19_y19_c384_mv15.txt
2026-01-03 01:17:40+0800: OpenCL backend thread 0: Model version 15
2026-01-03 01:17:40+0800: OpenCL backend thread 0: Model name: b18c384nbt-humanv0
2026-01-03 01:17:41+0800: OpenCL backend thread 0: FP16Storage true FP16Compute false FP16TensorCores true FP16TensorCoresFor1x1 false
2026-01-03 01:17:41+0800: Loaded human SL net with nnXLen 19 nnYLen 19
2026-01-03 01:17:41+0800: Initializing board with boardXSize 19 boardYSize 19
2026-01-03 01:17:41+0800: Loaded config F:\KaTrain\_internal\katrain\KataGo\test.cfg
2026-01-03 01:17:41+0800: Loaded model F:\KaTrain\_internal\katrain\models\kata1-b18c384nbt-s9996604416-d4316597426.bin.gz
2026-01-03 01:17:41+0800: Loaded human SL model F:\KaTrain\_internal\katrain\models\b18c384nbt-humanv0.bin.gz
2026-01-03 01:17:41+0800: Model name: kata1-b18c384nbt-s9996604416-d4316597426
2026-01-03 01:17:41+0800: Human SL model name: b18c384nbt-humanv0
2026-01-03 01:17:41+0800: GTP ready, beginning main protocol loop
2026-01-03 01:17:41+0800: Controller: version
2026-01-03 01:17:41+0800: = 1.16.0+b18c384nbt-s9996M+b18c384nbt-humanv0
2026-01-03 01:17:41+0800: Controller: clear_board
2026-01-03 01:17:41+0800: = 
2026-01-03 01:18:52+0800: Controller: play b Q4
2026-01-03 01:18:52+0800: = 
2026-01-03 01:18:52+0800: Controller: final_score
2026-01-03 01:18:57+0800: = W+0.5
2026-01-03 01:18:57+0800: Controller: genmove w
2026-01-03 01:19:00+0800: MoveNum: 1 HASH: 8D78416770C53ECA02DAD0032326F0AB
   A B C D E F G H J K L M N O P Q R S T
19 . . . . . . . . . . . . . . . . . . .
18 . . . . . . . . . . . . . . . . . . .
17 . . . . . . . . . . . . . . . . . . .
16 . . . @ . . . . . . . . . . . . . . .
15 . . . . . . . . . . . . . . . . . . .
14 . . . . . . . . . . . . . . . . . . .
13 . . . . . . . . . . . . . . . . . . .
12 . . . . . . . . . . . . . . . . . . .
11 . . . . . . . . . . . . . . . . . . .
10 . . . . . . . . . . . . . . . . . . .
 9 . . . . . . . . . . . . . . . . . . .
 8 . . . . . . . . . . . . . . . . . . .
 7 . . . . . . . . . . . . . . . . . . .
 6 . . . . . . . . . . . . . . . . . . .
 5 . . . . . . . . . . . . . . . . . . .
 4 . . . . . . . . . . . . . . . X1. . .
 3 . . . . . . . . . . . . . . . . . . .
 2 . . . . . . . . . . . . . . . . . . .
 1 . . . . . . . . . . . . . . . . . . .

koSIMPLEscoreAREAtaxNONEsui0whbNfpok1komi7.5
Time taken: 3.328
Root visits: 40
New playouts: 40
NN rows: 3
NN batches: 3
NN avg batch size: 1
PV: D16 C17 D17 C16 D15 B14 D4 Q16
Tree:
: T  25.50c W  24.84c S   0.66c ( +1.5 L  +0.9) N      40  --  D16 C17 D17 C16 D15 B14 D4
---White(^)---
D16 : T  25.76c W  25.10c S   0.66c ( +1.5 L  +0.9) LCB   23.99c P 50.50% WF  30.0 PSV      30 N      30  --  D16 C17 D17 C16 D15 B14 D4 Q16
D4  : T  24.94c W  24.30c S   0.64c ( +1.4 L  +0.9) LCB   16.39c P 19.68% WF   9.0 PSV       9 N       9  --  D4 C3 D3 C4 D5 B6 D16

2026-01-03 01:19:00+0800: = D16
2026-01-03 01:19:00+0800: Controller: final_score
2026-01-03 01:19:02+0800: = W+0.5
2026-01-03 01:20:43+0800: Controller: play b K10
2026-01-03 01:20:43+0800: = 
2026-01-03 01:20:43+0800: Controller: final_score
2026-01-03 01:20:47+0800: = W+1.5
2026-01-03 01:20:47+0800: Controller: genmove w
2026-01-03 01:20:48+0800: MoveNum: 3 HASH: 874C6D39BE8DB7F8A8FAC5F3F4BDD10C
   A B C D E F G H J K L M N O P Q R S T
19 . . . . . . . . . . . . . . . . . . .
18 . . . . . . . . . . . . . . . . . . .
17 . . . . . . . . . . . . . . . . . . .
16 . . . O2. . . . . . . . . . . . . . .
15 . . . . . . . . . . . . . . . . . . .
14 . . . . . . . . . . . . . . . . . . .
13 . . . . . . . . . . . . . . . . . . .
12 . . . . . . . . . . . . . . . . . . .
11 . . . . . . . . . . . . . . . . . . .
10 . . . . . . . . . X3. . . . . . . . .
 9 . . . . . . . . . . . . . . . . . . .
 8 . . . . . . . . . . . . . . . . . . .
 7 . . . . . . . . . . . . . . . . . . .
 6 . . . . . . . . . . . . . . . . . . .
 5 . . . . . . . . . . . . . . . . . . .
 4 . . . @ . . . . . . . . . . . X1. . .
 3 . . . . . . . . . . . . . . . . . . .
 2 . . . . . . . . . . . . . . . . . . .
 1 . . . . . . . . . . . . . . . . . . .

koSIMPLEscoreAREAtaxNONEsui0whbNfpok1komi7.5
Time taken: 0.969
Root visits: 40
New playouts: 40
NN rows: 2
NN batches: 2
NN avg batch size: 1
PV: D4 Q16 R3 Q3 R4 R6 R5
Tree:
: T  34.97c W  33.95c S   1.02c ( +2.3 L  +1.5) N      40  --  D4 Q16 R3 Q3 R4 R6 R5
---White(^)---
D4  : T  35.17c W  34.14c S   1.03c ( +2.3 L  +1.5) LCB   31.49c P 17.03% WF  17.0 PSV      28 N      17  --  D4 Q16 R3 Q3 R4 R6 R5
D3  : T  35.06c W  34.03c S   1.03c ( +2.3 L  +1.5) LCB   31.16c P 13.34% WF  14.0 PSV       8 N      14  --  D3 Q16 C6 C17 C16
C4  : T  34.63c W  33.64c S   0.99c ( +2.2 L  +1.5) LCB   23.87c P  9.93% WF   8.0 PSV       2 N       8  --  C4 Q16 F3 F17 C14 D4

2026-01-03 01:20:48+0800: = D4
2026-01-03 01:20:48+0800: Controller: final_score
2026-01-03 01:20:51+0800: = W+1.5
