2026-01-02 07:21:27+0800: Running with following config:
allowResignation = true
friendlyPassOk = true
hasButton = false
koRule = SIMPLE
lagBuffer = 1.0
logAllGTPCommunication = true
logDir = gtp_logs
logSearchInfo = true
logSearchInfoForChosenMove = false
logToStderr = false
maxTimePondering = 60.0
multiStoneSuicideLegal = false
nnCacheSizePowerOfTwo = 20
nnMutexPoolSizePowerOfTwo = 16
numNNServerThreadsPerModel = 1
numSearchThreads = 16
openclDeviceToUseThread0 = 0
ponderingEnabled = true
resignConsecTurns = 3
resignThreshold = -0.90
scoringRule = AREA
searchFactorAfterOnePass = 0.50
searchFactorAfterTwoPass = 0.25
searchFactorWhenWinning = 0.40
searchFactorWhenWinningThreshold = 0.95
taxRule = NONE
whiteHandicapBonus = N

2026-01-02 07:21:27+0800: GTP Engine starting...
2026-01-02 07:21:27+0800: KataGo v1.16.0
2026-01-02 07:21:27+0800: Using Chinese rules initially, unless GTP/GUI overrides this
2026-01-02 07:21:27+0800: Using 16 CPU thread(s) for search
2026-01-02 07:21:27+0800: nnRandSeed0 = 13806835805808753225
2026-01-02 07:21:27+0800: After dedups: nnModelFile0 = F:\KaTrain\_internal\katrain\models\kata1-b18c384nbt-s9996604416-d4316597426.bin.gz useFP16 auto useNHWC auto
2026-01-02 07:21:27+0800: Initializing neural net buffer to be size 19 * 19 exactly
2026-01-02 07:21:28+0800: Found OpenCL Platform 0: NVIDIA CUDA (NVIDIA Corporation) (OpenCL 3.0 CUDA 13.0.84)
2026-01-02 07:21:28+0800: Found 1 device(s) on platform 0 with type CPU or GPU or Accelerator
2026-01-02 07:21:28+0800: Found OpenCL Platform 1: AMD Accelerated Parallel Processing (Advanced Micro Devices, Inc.) (OpenCL 2.1 AMD-APP (3617.0))
2026-01-02 07:21:28+0800: Found 1 device(s) on platform 1 with type CPU or GPU or Accelerator
2026-01-02 07:21:28+0800: Found OpenCL Device 0: NVIDIA GeForce RTX 4060 Laptop GPU (NVIDIA Corporation) (score 11000300)
2026-01-02 07:21:28+0800: Found OpenCL Device 1: gfx1036 (Advanced Micro Devices, Inc.) (score 11000200)
2026-01-02 07:21:28+0800: Creating context for OpenCL Platform: NVIDIA CUDA (NVIDIA Corporation) (OpenCL 3.0 CUDA 13.0.84)
2026-01-02 07:21:28+0800: Using OpenCL Device 0: NVIDIA GeForce RTX 4060 Laptop GPU (NVIDIA Corporation) OpenCL 3.0 CUDA (Extensions: cl_khr_global_int32_base_atomics cl_khr_global_int32_extended_atomics cl_khr_local_int32_base_atomics cl_khr_local_int32_extended_atomics cl_khr_fp64 cl_khr_3d_image_writes cl_khr_byte_addressable_store cl_khr_icd cl_khr_gl_sharing cl_nv_compiler_options cl_nv_device_attribute_query cl_nv_pragma_unroll cl_nv_d3d10_sharing cl_khr_d3d10_sharing cl_nv_d3d11_sharing cl_nv_copy_opts cl_nv_create_buffer cl_khr_int64_base_atomics cl_khr_int64_extended_atomics cl_khr_device_uuid cl_khr_pci_bus_info cl_khr_external_semaphore cl_khr_external_memory cl_khr_external_semaphore_win32 cl_khr_external_memory_win32 cl_khr_semaphore)
2026-01-02 07:21:28+0800: Loaded tuning parameters from: F:\KaTrain\_internal\katrain\KataGo/KataGoData/opencltuning/tune11_gpuNVIDIAGeForceRTX4060LaptopGPU_x19_y19_c384_mv14.txt
2026-01-02 07:21:28+0800: OpenCL backend thread 0: Device 0 Model version 14
2026-01-02 07:21:28+0800: OpenCL backend thread 0: Device 0 Model name: kata1-b18c384nbt-s9996604416-d4316597426
2026-01-02 07:21:29+0800: OpenCL backend thread 0: Device 0 FP16Storage true FP16Compute false FP16TensorCores true FP16TensorCoresFor1x1 false
2026-01-02 07:21:29+0800: Loaded neural net with nnXLen 19 nnYLen 19
2026-01-02 07:21:29+0800: Initializing board with boardXSize 19 boardYSize 19
2026-01-02 07:21:29+0800: Loaded config F:\KaTrain\_internal\katrain\KataGo\genconfig.cfg
2026-01-02 07:21:29+0800: Loaded model F:\KaTrain\_internal\katrain\models\kata1-b18c384nbt-s9996604416-d4316597426.bin.gz
2026-01-02 07:21:29+0800: Model name: kata1-b18c384nbt-s9996604416-d4316597426
2026-01-02 07:21:29+0800: GTP ready, beginning main protocol loop
2026-01-02 07:21:29+0800: Controller: version
2026-01-02 07:21:29+0800: = 1.16.0+b18c384nbt-s9996M
2026-01-02 07:21:29+0800: Controller: clear_board
2026-01-02 07:21:29+0800: = 
2026-01-02 07:21:33+0800: Controller: play b Q16
2026-01-02 07:21:33+0800: = 
2026-01-02 07:21:33+0800: Controller: genmove w
2026-01-02 07:21:38+0800: MoveNum: 1 HASH: D787FAD66281F76731DCD9C1B3387463
   A B C D E F G H J K L M N O P Q R S T
19 . . . . . . . . . . . . . . . . . . .
18 . . . . . . . . . . . . . . . . . . .
17 . . . . . . . . . . . . . . . . . . .
16 . . . @ . . . . . . . . . . . X1. . .
15 . . . . . . . . . . . . . . . . . . .
14 . . . . . . . . . . . . . . . . . . .
13 . . . . . . . . . . . . . . . . . . .
12 . . . . . . . . . . . . . . . . . . .
11 . . . . . . . . . . . . . . . . . . .
10 . . . . . . . . . . . . . . . . . . .
 9 . . . . . . . . . . . . . . . . . . .
 8 . . . . . . . . . . . . . . . . . . .
 7 . . . . . . . . . . . . . . . . . . .
 6 . . . . . . . . . . . . . . . . . . .
 5 . . . . . . . . . . . . . . . . . . .
 4 . . . . . . . . . . . . . . . . . . .
 3 . . . . . . . . . . . . . . . . . . .
 2 . . . . . . . . . . . . . . . . . . .
 1 . . . . . . . . . . . . . . . . . . .

koSIMPLEscoreAREAtaxNONEsui0whbNfpok1komi7.5
Time taken: 5.047
Root visits: 3606
New playouts: 3606
NN rows: 2352
NN batches: 294
NN avg batch size: 8
PV: D16 Q4 D4 F3 R17 Q17 R16 Q15 R15 R14 S14 C14 E3 F4 D6 F17 D14 D13 E14 C16 C17 C15 D18 J17
Tree:
: T  24.59c W  24.42c S   0.51c ( +1.4 L  +1.0) N    3606  --  D16 Q4 D4 F3 R17 Q17 R16
---White(^)---
D16 : T  24.81c W  24.60c S   0.52c ( +1.4 L  +1.0) LCB   24.45c P 17.50% WF 3922.1 PSV    5984 N    1434  --  D16 Q4 D4 F3 R17 Q17 R16 Q15
D4  : T  24.74c W  24.59c S   0.53c ( +1.4 L  +1.0) LCB   24.44c P 51.61% WF 5553.8 PSV    5551 N    2038  --  D4 Q4 D16 F3 R17 Q17 R16 Q15
C4  : T  22.54c W  22.16c S   0.39c ( +1.3 L  +0.9) LCB   19.96c P  1.33% WF  56.5 PSV      25 N      22  --  C4 Q4 D16 E3 R17 Q17 R16 R14
D17 : T  22.17c W  21.50c S   0.34c ( +1.2 L  +0.8) LCB   19.29c P  1.05% WF  65.9 PSV      17 N      25  --  D17 D4 Q4 C15 E16 R3 R4 Q3
C16 : T  21.23c W  20.84c S   0.25c ( +1.2 L  +0.8) LCB   18.08c P  1.13% WF  54.7 PSV      14 N      21  --  C16 Q4 D4 E17 R3 D15 C15
C3  : T  20.79c W  20.10c S   0.14c ( +1.0 L  +0.8) LCB   16.67c P  0.91% WF  34.5 PSV      10 N      14  --  C3 Q3 D16 C17
C17 : T  19.76c W  19.32c S   0.12c ( +1.0 L  +0.7) LCB   15.30c P  0.71% WF  32.1 PSV       6 N      13  --  C17 Q3 D4 C3 C4
R17 : T  16.34c W  17.88c S   0.08c ( +1.0 L  +0.7) LCB    4.05c P  0.21% WF  15.9 PSV       1 N       8  --  R17 R16 Q17 P16 O18
E16 : T  15.08c W  15.62c S  -0.24c ( +0.7 L  +0.5) LCB    3.66c P  0.13% WF  19.5 PSV       0 N       8  --  E16 D4 Q4 C16
D5  : T  15.73c W  15.10c S  -0.30c ( +0.6 L  +0.5) LCB  -12.04c P  0.15% WF  12.1 PSV       0 N       5  --  D5 Q4 D16

2026-01-02 07:21:38+0800: = D16
