2026-01-02 07:13:32+0800: Running with following config:
allowResignation = true
friendlyPassOk = true
hasButton = false
koRule = SIMPLE
lagBuffer = 1.0
logAllGTPCommunication = true
logDir = gtp_logs
logSearchInfo = true
logSearchInfoForChosenMove = false
logToStderr = false
maxTimePondering = 60.0
multiStoneSuicideLegal = false
nnCacheSizePowerOfTwo = 20
nnMutexPoolSizePowerOfTwo = 16
numNNServerThreadsPerModel = 1
numSearchThreads = 16
openclDeviceToUseThread0 = 0
ponderingEnabled = true
resignConsecTurns = 3
resignThreshold = -0.90
scoringRule = AREA
searchFactorAfterOnePass = 0.50
searchFactorAfterTwoPass = 0.25
searchFactorWhenWinning = 0.40
searchFactorWhenWinningThreshold = 0.95
taxRule = NONE
whiteHandicapBonus = N

2026-01-02 07:13:32+0800: GTP Engine starting...
2026-01-02 07:13:32+0800: KataGo v1.16.0
2026-01-02 07:13:32+0800: Using Chinese rules initially, unless GTP/GUI overrides this
2026-01-02 07:13:32+0800: Using 16 CPU thread(s) for search
2026-01-02 07:13:32+0800: nnRandSeed0 = 4302915225502093509
2026-01-02 07:13:32+0800: After dedups: nnModelFile0 = F:\KaTrain\_internal\katrain\models\kata1-b18c384nbt-s9996604416-d4316597426.bin.gz useFP16 auto useNHWC auto
2026-01-02 07:13:32+0800: Initializing neural net buffer to be size 19 * 19 exactly
2026-01-02 07:13:33+0800: Found OpenCL Platform 0: NVIDIA CUDA (NVIDIA Corporation) (OpenCL 3.0 CUDA 13.0.84)
2026-01-02 07:13:33+0800: Found 1 device(s) on platform 0 with type CPU or GPU or Accelerator
2026-01-02 07:13:33+0800: Found OpenCL Platform 1: AMD Accelerated Parallel Processing (Advanced Micro Devices, Inc.) (OpenCL 2.1 AMD-APP (3617.0))
2026-01-02 07:13:33+0800: Found 1 device(s) on platform 1 with type CPU or GPU or Accelerator
2026-01-02 07:13:33+0800: Found OpenCL Device 0: NVIDIA GeForce RTX 4060 Laptop GPU (NVIDIA Corporation) (score 11000300)
2026-01-02 07:13:33+0800: Found OpenCL Device 1: gfx1036 (Advanced Micro Devices, Inc.) (score 11000200)
2026-01-02 07:13:33+0800: Creating context for OpenCL Platform: NVIDIA CUDA (NVIDIA Corporation) (OpenCL 3.0 CUDA 13.0.84)
2026-01-02 07:13:33+0800: Using OpenCL Device 0: NVIDIA GeForce RTX 4060 Laptop GPU (NVIDIA Corporation) OpenCL 3.0 CUDA (Extensions: cl_khr_global_int32_base_atomics cl_khr_global_int32_extended_atomics cl_khr_local_int32_base_atomics cl_khr_local_int32_extended_atomics cl_khr_fp64 cl_khr_3d_image_writes cl_khr_byte_addressable_store cl_khr_icd cl_khr_gl_sharing cl_nv_compiler_options cl_nv_device_attribute_query cl_nv_pragma_unroll cl_nv_d3d10_sharing cl_khr_d3d10_sharing cl_nv_d3d11_sharing cl_nv_copy_opts cl_nv_create_buffer cl_khr_int64_base_atomics cl_khr_int64_extended_atomics cl_khr_device_uuid cl_khr_pci_bus_info cl_khr_external_semaphore cl_khr_external_memory cl_khr_external_semaphore_win32 cl_khr_external_memory_win32 cl_khr_semaphore)
2026-01-02 07:13:33+0800: Loaded tuning parameters from: F:\KaTrain\_internal\katrain\KataGo/KataGoData/opencltuning/tune11_gpuNVIDIAGeForceRTX4060LaptopGPU_x19_y19_c384_mv14.txt
2026-01-02 07:13:33+0800: OpenCL backend thread 0: Device 0 Model version 14
2026-01-02 07:13:33+0800: OpenCL backend thread 0: Device 0 Model name: kata1-b18c384nbt-s9996604416-d4316597426
2026-01-02 07:13:34+0800: OpenCL backend thread 0: Device 0 FP16Storage true FP16Compute false FP16TensorCores true FP16TensorCoresFor1x1 false
2026-01-02 07:13:34+0800: Loaded neural net with nnXLen 19 nnYLen 19
2026-01-02 07:13:34+0800: Initializing board with boardXSize 19 boardYSize 19
2026-01-02 07:13:34+0800: Loaded config F:\KaTrain\_internal\katrain\KataGo\genconfig.cfg
2026-01-02 07:13:34+0800: Loaded model F:\KaTrain\_internal\katrain\models\kata1-b18c384nbt-s9996604416-d4316597426.bin.gz
2026-01-02 07:13:34+0800: Model name: kata1-b18c384nbt-s9996604416-d4316597426
2026-01-02 07:13:34+0800: GTP ready, beginning main protocol loop
2026-01-02 07:13:34+0800: Controller: version
2026-01-02 07:13:34+0800: = 1.16.0+b18c384nbt-s9996M
2026-01-02 07:13:34+0800: Controller: clear_board
2026-01-02 07:13:34+0800: = 
2026-01-02 07:13:42+0800: Controller: play b Q16
2026-01-02 07:13:42+0800: = 
2026-01-02 07:13:42+0800: Controller: genmove w
2026-01-02 07:13:47+0800: MoveNum: 1 HASH: D787FAD66281F76731DCD9C1B3387463
   A B C D E F G H J K L M N O P Q R S T
19 . . . . . . . . . . . . . . . . . . .
18 . . . . . . . . . . . . . . . . . . .
17 . . . . . . . . . . . . . . . . . . .
16 . . . . . . . . . . . . . . . X1. . .
15 . . . . . . . . . . . . . . . . . . .
14 . . . . . . . . . . . . . . . . . . .
13 . . . . . . . . . . . . . . . . . . .
12 . . . . . . . . . . . . . . . . . . .
11 . . . . . . . . . . . . . . . . . . .
10 . . . . . . . . . . . . . . . . . . .
 9 . . . . . . . . . . . . . . . . . . .
 8 . . . . . . . . . . . . . . . . . . .
 7 . . . . . . . . . . . . . . . . . . .
 6 . . . . . . . . . . . . . . . . . . .
 5 . . . . . . . . . . . . . . . . . . .
 4 . . . @ . . . . . . . . . . . . . . .
 3 . . . . . . . . . . . . . . . . . . .
 2 . . . . . . . . . . . . . . . . . . .
 1 . . . . . . . . . . . . . . . . . . .

koSIMPLEscoreAREAtaxNONEsui0whbNfpok1komi7.5
Time taken: 5.125
Root visits: 3573
New playouts: 3573
NN rows: 2217
NN batches: 278
NN avg batch size: 7.97482
PV: D4 Q4 D16 F17 R3 Q3 R4 Q5 R5 R6 S6 C6 E17 F16 D14 F3 D6 D7 E6 C4 C3 C5 F4 D5
Tree:
: T  24.70c W  24.52c S   0.52c ( +1.4 L  +1.0) N    3573  --  D4 Q4 D16 F17 R3 Q3 R4
---White(^)---
D4  : T  24.89c W  24.72c S   0.54c ( +1.4 L  +1.0) LCB   24.61c P 51.14% WF 5394.7 PSV    5386 N    1971  --  D4 Q4 D16 F17 R3 Q3 R4 Q5
D16 : T  24.83c W  24.65c S   0.53c ( +1.4 L  +1.0) LCB   24.50c P 19.67% WF 4008.5 PSV    1835 N    1465  --  D16 Q4 D4 F17 R3 Q3 R4 Q5
C4  : T  21.99c W  21.77c S   0.36c ( +1.3 L  +0.9) LCB   19.46c P  1.41% WF  56.3 PSV      20 N      22  --  C4 Q4 D16 E3 R17 D5 C5
D17 : T  22.70c W  21.71c S   0.37c ( +1.3 L  +0.9) LCB   20.19c P  0.98% WF  78.6 PSV      18 N      30  --  D17 D4 Q4 C15 E16 R3 Q3 R4
C16 : T  20.87c W  20.70c S   0.26c ( +1.2 L  +0.8) LCB   17.72c P  1.19% WF  46.7 PSV      13 N      18  --  C16 Q4 D4 E17 R3 Q3 R4 R6
C3  : T  20.65c W  20.10c S   0.14c ( +1.0 L  +0.7) LCB   16.72c P  0.88% WF  34.6 PSV       9 N      14  --  C3 Q3 D16 C17
C17 : T  20.17c W  19.64c S   0.22c ( +1.1 L  +0.8) LCB   14.95c P  0.77% WF  29.4 PSV       7 N      12  --  C17 Q3 D4 C3
D5  : T  16.80c W  16.00c S  -0.18c ( +0.7 L  +0.5) LCB    5.70c P  0.16% WF  19.2 PSV       0 N       8  --  D5 Q4 D16 C3
R17 : T  14.81c W  18.03c S   0.13c ( +1.0 L  +0.7) LCB   -1.35c P  0.21% WF  13.4 PSV       0 N       7  --  R17 R16 Q17 P16
D15 : T  15.96c W  15.69c S  -0.23c ( +0.7 L  +0.5) LCB    1.27c P  0.16% WF  17.3 PSV       0 N       7  --  D15 D4 Q4 D17

2026-01-02 07:13:47+0800: = D4
2026-01-02 07:13:49+0800: Controller: play b D16
2026-01-02 07:13:49+0800: = 
2026-01-02 07:13:49+0800: Controller: genmove w
2026-01-02 07:13:54+0800: MoveNum: 3 HASH: CCE40E9DC84920AF1C107F650481D849
   A B C D E F G H J K L M N O P Q R S T
19 . . . . . . . . . . . . . . . . . . .
18 . . . . . . . . . . . . . . . . . . .
17 . . . . . . . . . . . . . . . . . . .
16 . . . X3. . . . . . . . . . . X1. . .
15 . . . . . . . . . . . . . . . . . . .
14 . . . . . . . . . . . . . . . . . . .
13 . . . . . . . . . . . . . . . . . . .
12 . . . . . . . . . . . . . . . . . . .
11 . . . . . . . . . . . . . . . . . . .
10 . . . . . . . . . . . . . . . . . . .
 9 . . . . . . . . . . . . . . . . . . .
 8 . . . . . . . . . . . . . . . . . . .
 7 . . . . . . . . . . . . . . . . . . .
 6 . . . . . . . . . . . . . . . . . . .
 5 . . . . . . . . . . . . . . . . . . .
 4 . . . O2. . . . . . . . . . . @ . . .
 3 . . . . . . . . . . . . . . . . . . .
 2 . . . . . . . . . . . . . . . . . . .
 1 . . . . . . . . . . . . . . . . . . .

koSIMPLEscoreAREAtaxNONEsui0whbNfpok1komi7.5
Time taken: 5.016
Root visits: 2632
New playouts: 2632
NN rows: 2179
NN batches: 269
NN avg batch size: 8.10037
PV: Q4 C6 R17 R16 Q17 P16 O18 F3 F4 G4 F5 D3 C3 E3 C4 C9 C16 C17 C15 D17 C12 H3 D8 C8 D6
Tree:
: T  24.51c W  24.32c S   0.49c ( +1.4 L  +1.0) N    2632  --  Q4 C6 R17 R16 Q17 P16 O18
---White(^)---
Q4  : T  24.60c W  24.41c S   0.49c ( +1.4 L  +1.0) LCB   24.30c P 83.56% WF 6678.4 PSV    6674 N    2542  --  Q4 C6 R17 R16 Q17 P16 O18 F3
R4  : T  22.68c W  22.60c S   0.41c ( +1.3 L  +0.8) LCB   21.25c P  5.52% WF 108.9 PSV      91 N      43  --  R4 C3 C4 D3 E4 F3 O3 G2
Q3  : T  22.43c W  22.11c S   0.37c ( +1.3 L  +0.9) LCB   20.87c P  4.46% WF  80.6 PSV      66 N      32  --  Q3 R5 C17 C16 D17 F17 E17 E16
R3  : T  17.33c W  16.84c S  -0.03c ( +0.9 L  +0.7) LCB -132.23c P  1.00% WF   4.7 PSV       5 N       2  --  R3 C3
C17 : T  17.87c W  20.12c S   0.34c ( +1.2 L  +0.7) LCB -131.64c P  0.54% WF   4.5 PSV       2 N       2  --  C17 C16
R17 : T  16.08c W  18.79c S   0.21c ( +1.1 L  +0.7) LCB -134.10c P  0.45% WF   4.5 PSV       1 N       2  --  R17 R16
Q5  : T  14.73c W  15.10c S  -0.37c ( +0.5 L  +0.4) LCB -335.27c P  0.47% WF   2.5 PSV       1 N       1  --  Q5
P4  : T  11.71c W  12.28c S  -0.56c ( +0.3 L  +0.3) LCB -338.29c P  0.46% WF   2.4 PSV       1 N       1  --  P4
R5  : T  13.60c W  13.91c S  -0.31c ( +0.6 L  +0.4) LCB -336.40c P  0.38% WF   2.3 PSV       1 N       1  --  R5
P3  : T  13.11c W  13.46c S  -0.35c ( +0.6 L  +0.5) LCB -336.89c P  0.31% WF   2.3 PSV       1 N       1  --  P3

2026-01-02 07:13:54+0800: = Q4
2026-01-02 07:14:17+0800: GPU 0 finishing, processed 16128 rows 2008 batches
2026-01-02 07:14:17+0800: All cleaned up, quitting
