2026-01-02 07:21:44+0800: Running with following config:
allowResignation = true
friendlyPassOk = true
hasButton = false
koRule = SIMPLE
lagBuffer = 1.0
logAllGTPCommunication = true
logDir = gtp_logs
logSearchInfo = true
logSearchInfoForChosenMove = false
logToStderr = false
maxTimePondering = 60.0
multiStoneSuicideLegal = false
nnCacheSizePowerOfTwo = 20
nnMutexPoolSizePowerOfTwo = 16
numNNServerThreadsPerModel = 1
numSearchThreads = 16
openclDeviceToUseThread0 = 0
ponderingEnabled = true
resignConsecTurns = 3
resignThreshold = -0.90
scoringRule = AREA
searchFactorAfterOnePass = 0.50
searchFactorAfterTwoPass = 0.25
searchFactorWhenWinning = 0.40
searchFactorWhenWinningThreshold = 0.95
taxRule = NONE
whiteHandicapBonus = N

2026-01-02 07:21:44+0800: GTP Engine starting...
2026-01-02 07:21:44+0800: KataGo v1.16.0
2026-01-02 07:21:44+0800: Using Chinese rules initially, unless GTP/GUI overrides this
2026-01-02 07:21:44+0800: Using 16 CPU thread(s) for search
2026-01-02 07:21:44+0800: nnRandSeed0 = 14649635742244159450
2026-01-02 07:21:44+0800: After dedups: nnModelFile0 = F:\KaTrain\_internal\katrain\models\kata1-b18c384nbt-s9996604416-d4316597426.bin.gz useFP16 auto useNHWC auto
2026-01-02 07:21:44+0800: Initializing neural net buffer to be size 19 * 19 exactly
2026-01-02 07:21:45+0800: Found OpenCL Platform 0: NVIDIA CUDA (NVIDIA Corporation) (OpenCL 3.0 CUDA 13.0.84)
2026-01-02 07:21:45+0800: Found 1 device(s) on platform 0 with type CPU or GPU or Accelerator
2026-01-02 07:21:45+0800: Found OpenCL Platform 1: AMD Accelerated Parallel Processing (Advanced Micro Devices, Inc.) (OpenCL 2.1 AMD-APP (3617.0))
2026-01-02 07:21:45+0800: Found 1 device(s) on platform 1 with type CPU or GPU or Accelerator
2026-01-02 07:21:45+0800: Found OpenCL Device 0: NVIDIA GeForce RTX 4060 Laptop GPU (NVIDIA Corporation) (score 11000300)
2026-01-02 07:21:45+0800: Found OpenCL Device 1: gfx1036 (Advanced Micro Devices, Inc.) (score 11000200)
2026-01-02 07:21:45+0800: Creating context for OpenCL Platform: NVIDIA CUDA (NVIDIA Corporation) (OpenCL 3.0 CUDA 13.0.84)
2026-01-02 07:21:45+0800: Using OpenCL Device 0: NVIDIA GeForce RTX 4060 Laptop GPU (NVIDIA Corporation) OpenCL 3.0 CUDA (Extensions: cl_khr_global_int32_base_atomics cl_khr_global_int32_extended_atomics cl_khr_local_int32_base_atomics cl_khr_local_int32_extended_atomics cl_khr_fp64 cl_khr_3d_image_writes cl_khr_byte_addressable_store cl_khr_icd cl_khr_gl_sharing cl_nv_compiler_options cl_nv_device_attribute_query cl_nv_pragma_unroll cl_nv_d3d10_sharing cl_khr_d3d10_sharing cl_nv_d3d11_sharing cl_nv_copy_opts cl_nv_create_buffer cl_khr_int64_base_atomics cl_khr_int64_extended_atomics cl_khr_device_uuid cl_khr_pci_bus_info cl_khr_external_semaphore cl_khr_external_memory cl_khr_external_semaphore_win32 cl_khr_external_memory_win32 cl_khr_semaphore)
2026-01-02 07:21:45+0800: Loaded tuning parameters from: F:\KaTrain\_internal\katrain\KataGo/KataGoData/opencltuning/tune11_gpuNVIDIAGeForceRTX4060LaptopGPU_x19_y19_c384_mv14.txt
2026-01-02 07:21:45+0800: OpenCL backend thread 0: Device 0 Model version 14
2026-01-02 07:21:45+0800: OpenCL backend thread 0: Device 0 Model name: kata1-b18c384nbt-s9996604416-d4316597426
2026-01-02 07:21:46+0800: OpenCL backend thread 0: Device 0 FP16Storage true FP16Compute false FP16TensorCores true FP16TensorCoresFor1x1 false
2026-01-02 07:21:46+0800: Loaded neural net with nnXLen 19 nnYLen 19
2026-01-02 07:21:46+0800: Initializing board with boardXSize 19 boardYSize 19
2026-01-02 07:21:46+0800: Loaded config F:\KaTrain\_internal\katrain\KataGo\genconfig.cfg
2026-01-02 07:21:46+0800: Loaded model F:\KaTrain\_internal\katrain\models\kata1-b18c384nbt-s9996604416-d4316597426.bin.gz
2026-01-02 07:21:46+0800: Model name: kata1-b18c384nbt-s9996604416-d4316597426
2026-01-02 07:21:46+0800: GTP ready, beginning main protocol loop
2026-01-02 07:21:46+0800: Controller: version
2026-01-02 07:21:46+0800: = 1.16.0+b18c384nbt-s9996M
2026-01-02 07:21:46+0800: Controller: clear_board
2026-01-02 07:21:46+0800: = 
2026-01-02 07:21:51+0800: Controller: play b Q16
2026-01-02 07:21:51+0800: = 
2026-01-02 07:21:51+0800: Controller: genmove w
2026-01-02 07:21:56+0800: MoveNum: 1 HASH: D787FAD66281F76731DCD9C1B3387463
   A B C D E F G H J K L M N O P Q R S T
19 . . . . . . . . . . . . . . . . . . .
18 . . . . . . . . . . . . . . . . . . .
17 . . . . . . . . . . . . . . . . . . .
16 . . . . . . . . . . . . . . . X1. . .
15 . . . . . . . . . . . . . . . . . . .
14 . . . . . . . . . . . . . . . . . . .
13 . . . . . . . . . . . . . . . . . . .
12 . . . . . . . . . . . . . . . . . . .
11 . . . . . . . . . . . . . . . . . . .
10 . . . . . . . . . . . . . . . . . . .
 9 . . . . . . . . . . . . . . . . . . .
 8 . . . . . . . . . . . . . . . . . . .
 7 . . . . . . . . . . . . . . . . . . .
 6 . . . . . . . . . . . . . . . . . . .
 5 . . . . . . . . . . . . . . . . . . .
 4 . . . @ . . . . . . . . . . . . . . .
 3 . . . . . . . . . . . . . . . . . . .
 2 . . . . . . . . . . . . . . . . . . .
 1 . . . . . . . . . . . . . . . . . . .

koSIMPLEscoreAREAtaxNONEsui0whbNfpok1komi7.5
Time taken: 5.031
Root visits: 3684
New playouts: 3684
NN rows: 2346
NN batches: 294
NN avg batch size: 7.97959
PV: D4 Q4 D16 F17 R3 Q3 R4 Q5 R5 R6 S6 C3 D3 C4 D5 B6 R17 Q17 R16 Q15 R15 R14
Tree:
: T  24.69c W  24.56c S   0.48c ( +1.4 L  +1.0) N    3684  --  D4 Q4 D16 F17 R3 Q3 R4
---White(^)---
D4  : T  24.88c W  24.77c S   0.50c ( +1.4 L  +1.0) LCB   24.59c P 51.08% WF 5596.8 PSV    5589 N    2048  --  D4 Q4 D16 F17 R3 Q3 R4 Q5
D16 : T  24.84c W  24.68c S   0.48c ( +1.4 L  +1.0) LCB   24.51c P 19.69% WF 4108.0 PSV    1982 N    1511  --  D16 Q4 D4 F17 R3 Q3 R4 Q5
C4  : T  21.92c W  21.50c S   0.30c ( +1.2 L  +0.9) LCB   19.11c P  1.44% WF  51.7 PSV      21 N      20  --  C4 Q4 D16 E3 R17 Q17 R16 R14
D17 : T  21.67c W  21.09c S   0.28c ( +1.2 L  +0.8) LCB   17.77c P  1.02% WF  46.6 PSV      14 N      18  --  D17 D4 Q4 C15 E16 R3 R4
C16 : T  21.05c W  20.79c S   0.22c ( +1.2 L  +0.8) LCB   16.95c P  1.14% WF  41.8 PSV      13 N      16  --  C16 Q4 D4 E17 R3 Q3 R4
C17 : T  20.68c W  20.07c S   0.13c ( +1.1 L  +0.7) LCB   17.90c P  0.76% WF  44.4 PSV       8 N      18  --  C17 Q3 D4 C3 C4
C3  : T  19.74c W  19.63c S   0.13c ( +1.1 L  +0.8) LCB   13.67c P  0.93% WF  27.0 PSV       8 N      11  --  C3 C16 Q4
R17 : T  15.97c W  17.38c S   0.01c ( +1.0 L  +0.7) LCB    6.20c P  0.23% WF  17.9 PSV       1 N       9  --  R17 Q17 R16 Q15 S14
D15 : T  15.38c W  15.36c S  -0.28c ( +0.7 L  +0.5) LCB    4.03c P  0.16% WF  19.1 PSV       0 N       8  --  D15 D4 Q4 D17
D5  : T  14.96c W  14.97c S  -0.33c ( +0.6 L  +0.5) LCB  -12.83c P  0.15% WF  11.9 PSV       0 N       5  --  D5 Q4 D16

2026-01-02 07:21:56+0800: = D4
2026-01-02 07:21:59+0800: GPU 0 finishing, processed 3898 rows 481 batches
2026-01-02 07:21:59+0800: All cleaned up, quitting
