2026-01-02 10:45:09+0800: Running with following config:
allowResignation = true
friendlyPassOk = true
hasButton = false
koRule = SIMPLE
lagBuffer = 1.0
logAllGTPCommunication = true
logDir = gtp_logs
logSearchInfo = true
logSearchInfoForChosenMove = false
logToStderr = false
maxTimePondering = 60.0
multiStoneSuicideLegal = false
nnCacheSizePowerOfTwo = 20
nnMutexPoolSizePowerOfTwo = 16
numNNServerThreadsPerModel = 1
numSearchThreads = 16
openclDeviceToUseThread0 = 0
ponderingEnabled = true
resignConsecTurns = 3
resignThreshold = -0.90
scoringRule = AREA
searchFactorAfterOnePass = 0.50
searchFactorAfterTwoPass = 0.25
searchFactorWhenWinning = 0.40
searchFactorWhenWinningThreshold = 0.95
taxRule = NONE
whiteHandicapBonus = N

2026-01-02 10:45:09+0800: GTP Engine starting...
2026-01-02 10:45:09+0800: KataGo v1.16.0
2026-01-02 10:45:09+0800: Using Chinese rules initially, unless GTP/GUI overrides this
2026-01-02 10:45:09+0800: Using 16 CPU thread(s) for search
2026-01-02 10:45:09+0800: nnRandSeed0 = 644549839571873417
2026-01-02 10:45:09+0800: After dedups: nnModelFile0 = F:\KaTrain\_internal\katrain\models\kata1-b18c384nbt-s9996604416-d4316597426.bin.gz useFP16 auto useNHWC auto
2026-01-02 10:45:09+0800: Initializing neural net buffer to be size 19 * 19 exactly
2026-01-02 10:45:10+0800: Found OpenCL Platform 0: NVIDIA CUDA (NVIDIA Corporation) (OpenCL 3.0 CUDA 13.0.84)
2026-01-02 10:45:10+0800: Found 1 device(s) on platform 0 with type CPU or GPU or Accelerator
2026-01-02 10:45:10+0800: Found OpenCL Platform 1: AMD Accelerated Parallel Processing (Advanced Micro Devices, Inc.) (OpenCL 2.1 AMD-APP (3617.0))
2026-01-02 10:45:10+0800: Found 1 device(s) on platform 1 with type CPU or GPU or Accelerator
2026-01-02 10:45:10+0800: Found OpenCL Device 0: NVIDIA GeForce RTX 4060 Laptop GPU (NVIDIA Corporation) (score 11000300)
2026-01-02 10:45:10+0800: Found OpenCL Device 1: gfx1036 (Advanced Micro Devices, Inc.) (score 11000200)
2026-01-02 10:45:10+0800: Creating context for OpenCL Platform: NVIDIA CUDA (NVIDIA Corporation) (OpenCL 3.0 CUDA 13.0.84)
2026-01-02 10:45:10+0800: Using OpenCL Device 0: NVIDIA GeForce RTX 4060 Laptop GPU (NVIDIA Corporation) OpenCL 3.0 CUDA (Extensions: cl_khr_global_int32_base_atomics cl_khr_global_int32_extended_atomics cl_khr_local_int32_base_atomics cl_khr_local_int32_extended_atomics cl_khr_fp64 cl_khr_3d_image_writes cl_khr_byte_addressable_store cl_khr_icd cl_khr_gl_sharing cl_nv_compiler_options cl_nv_device_attribute_query cl_nv_pragma_unroll cl_nv_d3d10_sharing cl_khr_d3d10_sharing cl_nv_d3d11_sharing cl_nv_copy_opts cl_nv_create_buffer cl_khr_int64_base_atomics cl_khr_int64_extended_atomics cl_khr_device_uuid cl_khr_pci_bus_info cl_khr_external_semaphore cl_khr_external_memory cl_khr_external_semaphore_win32 cl_khr_external_memory_win32 cl_khr_semaphore)
2026-01-02 10:45:10+0800: Loaded tuning parameters from: F:\KaTrain\_internal\katrain\KataGo/KataGoData/opencltuning/tune11_gpuNVIDIAGeForceRTX4060LaptopGPU_x19_y19_c384_mv14.txt
2026-01-02 10:45:10+0800: OpenCL backend thread 0: Device 0 Model version 14
2026-01-02 10:45:10+0800: OpenCL backend thread 0: Device 0 Model name: kata1-b18c384nbt-s9996604416-d4316597426
2026-01-02 10:45:11+0800: OpenCL backend thread 0: Device 0 FP16Storage true FP16Compute false FP16TensorCores true FP16TensorCoresFor1x1 false
2026-01-02 10:45:11+0800: Loaded neural net with nnXLen 19 nnYLen 19
2026-01-02 10:45:11+0800: Initializing board with boardXSize 19 boardYSize 19
2026-01-02 10:45:11+0800: Loaded config F:\KaTrain\_internal\katrain\KataGo\genconfig.cfg
2026-01-02 10:45:11+0800: Loaded model F:\KaTrain\_internal\katrain\models\kata1-b18c384nbt-s9996604416-d4316597426.bin.gz
2026-01-02 10:45:11+0800: Model name: kata1-b18c384nbt-s9996604416-d4316597426
2026-01-02 10:45:11+0800: GTP ready, beginning main protocol loop
2026-01-02 10:45:11+0800: Controller: version
2026-01-02 10:45:11+0800: = 1.16.0+b18c384nbt-s9996M
2026-01-02 10:45:11+0800: Controller: clear_board
2026-01-02 10:45:11+0800: = 
2026-01-02 10:45:14+0800: Controller: play b Q16
2026-01-02 10:45:14+0800: = 
2026-01-02 10:45:27+0800: Controller: genmove w
2026-01-02 10:45:32+0800: MoveNum: 1 HASH: D787FAD66281F76731DCD9C1B3387463
   A B C D E F G H J K L M N O P Q R S T
19 . . . . . . . . . . . . . . . . . . .
18 . . . . . . . . . . . . . . . . . . .
17 . . . . . . . . . . . . . . . . . . .
16 . . . @ . . . . . . . . . . . X1. . .
15 . . . . . . . . . . . . . . . . . . .
14 . . . . . . . . . . . . . . . . . . .
13 . . . . . . . . . . . . . . . . . . .
12 . . . . . . . . . . . . . . . . . . .
11 . . . . . . . . . . . . . . . . . . .
10 . . . . . . . . . . . . . . . . . . .
 9 . . . . . . . . . . . . . . . . . . .
 8 . . . . . . . . . . . . . . . . . . .
 7 . . . . . . . . . . . . . . . . . . .
 6 . . . . . . . . . . . . . . . . . . .
 5 . . . . . . . . . . . . . . . . . . .
 4 . . . . . . . . . . . . . . . . . . .
 3 . . . . . . . . . . . . . . . . . . .
 2 . . . . . . . . . . . . . . . . . . .
 1 . . . . . . . . . . . . . . . . . . .

koSIMPLEscoreAREAtaxNONEsui0whbNfpok1komi7.5
Time taken: 5.047
Root visits: 13586
New playouts: 4453
NN rows: 2469
NN batches: 309
NN avg batch size: 7.99029
PV: D16 Q4 D4 F17 R3 Q3 R4 Q5 R5 R6 S6 C6 E17 F16 D14 K16 C11 F3 D6 D7 E6 C4 C3
Tree:
: T  24.44c W  24.25c S   0.44c ( +1.4 L  +1.0) N   13586  --  D16 Q4 D4 F17 R3 Q3 R4
---White(^)---
D16 : T  24.53c W  24.31c S   0.44c ( +1.4 L  +1.0) LCB   24.32c P 18.05% WF 14195.4 PSV   24977 N    5430  --  D16 Q4 D4 F17 R3 Q3 R4 Q5
D4  : T  24.47c W  24.30c S   0.44c ( +1.4 L  +1.0) LCB   24.30c P 49.86% WF 20946.6 PSV   20952 N    8015  --  D4 Q4 D16 F17 R3 Q3 R4 Q5
C4  : T  22.08c W  21.80c S   0.30c ( +1.2 L  +0.8) LCB   20.46c P  1.48% WF  68.6 PSV      67 N      27  --  C4 Q4 D16 E3 R17 Q17 R16 R14
C16 : T  21.58c W  21.31c S   0.25c ( +1.2 L  +0.9) LCB   18.80c P  1.21% WF  51.5 PSV      46 N      20  --  C16 Q4 D4 E17 R3 Q3 R4 R6
D17 : T  20.99c W  20.74c S   0.24c ( +1.2 L  +0.8) LCB   17.91c P  1.08% WF  42.0 PSV      34 N      16  --  D17 Q4 D4 C3 D3 C4 D5 C6
C3  : T  20.61c W  20.28c S   0.13c ( +1.1 L  +0.8) LCB   16.04c P  0.90% WF  32.0 PSV      26 N      13  --  C3 C16 Q4 R3
C17 : T  19.66c W  19.34c S   0.10c ( +1.0 L  +0.7) LCB   13.50c P  0.71% WF  27.1 PSV      16 N      11  --  C17 Q3 D4 C3 C4
R17 : T  17.08c W  18.25c S   0.05c ( +1.0 L  +0.7) LCB    3.95c P  0.21% WF  18.3 PSV       3 N       9  --  R17 R16 Q17 P16 P17
D5  : T  15.84c W  15.70c S  -0.27c ( +0.7 L  +0.5) LCB    6.88c P  0.16% WF  21.7 PSV       2 N       9  --  D5 D16 Q4 C3
D15 : T  15.03c W  15.63c S  -0.28c ( +0.7 L  +0.5) LCB    3.56c P  0.15% WF  19.5 PSV       1 N       8  --  D15 D4 Q4 D17

2026-01-02 10:45:32+0800: = D16
2026-01-02 10:47:40+0800: Controller: play w Q4
2026-01-02 10:47:40+0800: = 
2026-01-02 10:47:40+0800: Controller: play b D4
2026-01-02 10:47:40+0800: = 
2026-01-02 10:47:42+0800: Controller: play w D16
2026-01-02 10:47:42+0800: ? illegal move
2026-01-02 10:47:44+0800: Controller: play b R3
2026-01-02 10:47:44+0800: = 
2026-01-02 10:47:51+0800: Controller: showboard
2026-01-02 10:47:51+0800: = MoveNum: 1 HASH: 40CDD12DA8F19E9EA194C6262D12C6E9
   A B C D E F G H J K L M N O P Q R S T
19 . . . . . . . . . . . . . . . . . . .
18 . . . . . . . . . . . . . . . . . . .
17 . . . . . . . . . . . . . . . . . . .
16 . . . O . . . . . . . . . . . X . . .
15 . . . . . . . . . . . . . . . . . . .
14 . . . . . . . . . . . . . . . . . . .
13 . . . . . . . . . . . . . . . . . . .
12 . . . . . . . . . . . . . . . . . . .
11 . . . . . . . . . . . . . . . . . . .
10 . . . . . . . . . . . . . . . . . . .
 9 . . . . . . . . . . . . . . . . . . .
 8 . . . . . . . . . . . . . . . . . . .
 7 . . . . . . . . . . . . . . . . . . .
 6 . . . . . . . . . . . . . . . . . . .
 5 . . . . . . . . . . . . . . . . . . .
 4 . . . X . . . . . . . . . . . O . . .
 3 . . . . . . . . . . . . . . . . X1. .
 2 . . . . . . . . . . . . . . . . . . .
 1 . . . . . . . . . . . . . . . . . . .
Next player: White
Rules: {"friendlyPassOk":true,"hasButton":false,"ko":"SIMPLE","komi":7.5,"scoring":"AREA","suicide":false,"tax":"NONE","whiteHandicapBonus":"N"}
B stones captured: 0
W stones captured: 0
2026-01-02 10:58:02+0800: Controller: play w Q10
2026-01-02 10:58:02+0800: = 
