2026-01-02 07:07:53+0800: Running with following config:
allowResignation = true
friendlyPassOk = true
hasButton = false
koRule = SIMPLE
lagBuffer = 1.0
logAllGTPCommunication = true
logDir = gtp_logs
logSearchInfo = true
logSearchInfoForChosenMove = false
logToStderr = false
maxTimePondering = 60.0
multiStoneSuicideLegal = false
nnCacheSizePowerOfTwo = 20
nnMutexPoolSizePowerOfTwo = 16
numNNServerThreadsPerModel = 1
numSearchThreads = 16
openclDeviceToUseThread0 = 0
ponderingEnabled = true
resignConsecTurns = 3
resignThreshold = -0.90
scoringRule = AREA
searchFactorAfterOnePass = 0.50
searchFactorAfterTwoPass = 0.25
searchFactorWhenWinning = 0.40
searchFactorWhenWinningThreshold = 0.95
taxRule = NONE
whiteHandicapBonus = N

2026-01-02 07:07:53+0800: GTP Engine starting...
2026-01-02 07:07:53+0800: KataGo v1.16.0
2026-01-02 07:07:53+0800: Using Chinese rules initially, unless GTP/GUI overrides this
2026-01-02 07:07:53+0800: Using 16 CPU thread(s) for search
2026-01-02 07:07:53+0800: nnRandSeed0 = 6658207789447320892
2026-01-02 07:07:53+0800: After dedups: nnModelFile0 = F:\KaTrain\_internal\katrain\models\kata1-b18c384nbt-s9996604416-d4316597426.bin.gz useFP16 auto useNHWC auto
2026-01-02 07:07:53+0800: Initializing neural net buffer to be size 19 * 19 exactly
2026-01-02 07:07:54+0800: Found OpenCL Platform 0: NVIDIA CUDA (NVIDIA Corporation) (OpenCL 3.0 CUDA 13.0.84)
2026-01-02 07:07:54+0800: Found 1 device(s) on platform 0 with type CPU or GPU or Accelerator
2026-01-02 07:07:54+0800: Found OpenCL Platform 1: AMD Accelerated Parallel Processing (Advanced Micro Devices, Inc.) (OpenCL 2.1 AMD-APP (3617.0))
2026-01-02 07:07:54+0800: Found 1 device(s) on platform 1 with type CPU or GPU or Accelerator
2026-01-02 07:07:54+0800: Found OpenCL Device 0: NVIDIA GeForce RTX 4060 Laptop GPU (NVIDIA Corporation) (score 11000300)
2026-01-02 07:07:54+0800: Found OpenCL Device 1: gfx1036 (Advanced Micro Devices, Inc.) (score 11000200)
2026-01-02 07:07:54+0800: Creating context for OpenCL Platform: NVIDIA CUDA (NVIDIA Corporation) (OpenCL 3.0 CUDA 13.0.84)
2026-01-02 07:07:54+0800: Using OpenCL Device 0: NVIDIA GeForce RTX 4060 Laptop GPU (NVIDIA Corporation) OpenCL 3.0 CUDA (Extensions: cl_khr_global_int32_base_atomics cl_khr_global_int32_extended_atomics cl_khr_local_int32_base_atomics cl_khr_local_int32_extended_atomics cl_khr_fp64 cl_khr_3d_image_writes cl_khr_byte_addressable_store cl_khr_icd cl_khr_gl_sharing cl_nv_compiler_options cl_nv_device_attribute_query cl_nv_pragma_unroll cl_nv_d3d10_sharing cl_khr_d3d10_sharing cl_nv_d3d11_sharing cl_nv_copy_opts cl_nv_create_buffer cl_khr_int64_base_atomics cl_khr_int64_extended_atomics cl_khr_device_uuid cl_khr_pci_bus_info cl_khr_external_semaphore cl_khr_external_memory cl_khr_external_semaphore_win32 cl_khr_external_memory_win32 cl_khr_semaphore)
2026-01-02 07:07:54+0800: Loaded tuning parameters from: F:\KaTrain\_internal\katrain\KataGo/KataGoData/opencltuning/tune11_gpuNVIDIAGeForceRTX4060LaptopGPU_x19_y19_c384_mv14.txt
2026-01-02 07:07:54+0800: OpenCL backend thread 0: Device 0 Model version 14
2026-01-02 07:07:54+0800: OpenCL backend thread 0: Device 0 Model name: kata1-b18c384nbt-s9996604416-d4316597426
2026-01-02 07:07:55+0800: OpenCL backend thread 0: Device 0 FP16Storage true FP16Compute false FP16TensorCores true FP16TensorCoresFor1x1 false
2026-01-02 07:07:55+0800: Loaded neural net with nnXLen 19 nnYLen 19
2026-01-02 07:07:55+0800: Initializing board with boardXSize 19 boardYSize 19
2026-01-02 07:07:55+0800: Loaded config F:\KaTrain\_internal\katrain\KataGo\genconfig.cfg
2026-01-02 07:07:55+0800: Loaded model F:\KaTrain\_internal\katrain\models\kata1-b18c384nbt-s9996604416-d4316597426.bin.gz
2026-01-02 07:07:55+0800: Model name: kata1-b18c384nbt-s9996604416-d4316597426
2026-01-02 07:07:55+0800: GTP ready, beginning main protocol loop
2026-01-02 07:07:55+0800: Controller: version
2026-01-02 07:07:55+0800: = 1.16.0+b18c384nbt-s9996M
2026-01-02 07:07:55+0800: Controller: clear_board
2026-01-02 07:07:55+0800: = 
2026-01-02 07:07:59+0800: Controller: play b T18
2026-01-02 07:07:59+0800: = 
2026-01-02 07:07:59+0800: Controller: genmove w
2026-01-02 07:08:04+0800: MoveNum: 1 HASH: AA374DC2C7229A26780AEDD3220369B6
   A B C D E F G H J K L M N O P Q R S T
19 . . . . . . . . . . . . . . . . . . .
18 . . . . . . . . . . . . . . . . . . X1
17 . . . . . . . . . . . . . . . . . . .
16 . . . . . . . . . . . . . . . . . . .
15 . . . . . . . . . . . . . . . . . . .
14 . . . . . . . . . . . . . . . . . . .
13 . . . . . . . . . . . . . . . . . . .
12 . . . . . . . . . . . . . . . . . . .
11 . . . . . . . . . . . . . . . . . . .
10 . . . . . . . . . . . . . . . . . . .
 9 . . . . . . . . . . . . . . . . . . .
 8 . . . . . . . . . . . . . . . . . . .
 7 . . . . . . . . . . . . . . . . . . .
 6 . . . . . . . . . . . . . . . . . . .
 5 . . . . . . . . . . . . . . . . . . .
 4 . . . . . . . . . . . . . . . @ . . .
 3 . . . . . . . . . . . . . . . . . . .
 2 . . . . . . . . . . . . . . . . . . .
 1 . . . . . . . . . . . . . . . . . . .

koSIMPLEscoreAREAtaxNONEsui0whbNfpok1komi7.5
Time taken: 5
Root visits: 3632
New playouts: 3632
NN rows: 2326
NN batches: 292
NN avg batch size: 7.96575
PV: D16 Q4 D3 Q16 D5 F17 O3 M3 L17
Tree:
: T  99.51c W  94.75c S   4.84c (+12.4 L  +9.1) N    3632  --  D16 Q4 D3 Q16 D5 F17 O3
---White(^)---
D16 : T  99.77c W  94.89c S   4.92c (+12.5 L  +9.2) LCB   99.57c P 12.65% WF 1534.2 PSV    2438 N     550  --  D16 Q4 D3 Q16 D5 F17 O3 M3
Q4  : T  99.68c W  94.82c S   4.89c (+12.4 L  +9.2) LCB   99.47c P 11.34% WF 1157.4 PSV    1099 N     417  --  Q4 D16 C4 Q16 F3 R3 Q3 R4
D4  : T  99.46c W  94.69c S   4.79c (+12.3 L  +9.1) LCB   99.28c P  9.55% WF 1084.5 PSV     618 N     394  --  D4 Q4 D16 Q16 O3 F17 L17 N17
D3  : T  99.65c W  94.77c S   4.88c (+12.4 L  +9.1) LCB   99.40c P  4.82% WF 777.4 PSV     436 N     282  --  D3 Q16 D16 Q4 D5 F17 O3 M3
Q3  : T  99.62c W  94.81c S   4.92c (+12.5 L  +9.1) LCB   99.31c P  4.32% WF 704.2 PSV     365 N     255  --  Q3 D16 D4 Q16 Q5 C6 F3 C14
D17 : T  99.50c W  94.74c S   4.86c (+12.4 L  +9.1) LCB   99.20c P  5.24% WF 658.9 PSV     360 N     241  --  D17 Q4 D4 Q16 D15 C3 C4 D3
C16 : T  99.53c W  94.76c S   4.88c (+12.4 L  +9.1) LCB   99.25c P  4.75% WF 625.7 PSV     342 N     227  --  C16 Q4 D4 Q16 E16 F3 H3 N3
R4  : T  99.51c W  94.73c S   4.86c (+12.4 L  +9.1) LCB   99.20c P  4.76% WF 612.6 PSV     336 N     224  --  R4 D16 D4 Q16 P4 C3 D3 C4
C4  : T  99.56c W  94.75c S   4.84c (+12.4 L  +9.0) LCB   99.30c P  4.28% WF 765.6 PSV     328 N     278  --  C4 Q16 Q4 D16 F3 R3 Q3 R4
Q16 : T  99.47c W  94.75c S   4.84c (+12.4 L  +9.0) LCB   99.22c P  4.02% WF 645.3 PSV     262 N     236  --  Q16 D4 Q3 D17 Q5 D15

2026-01-02 07:08:04+0800: = Q4
2026-01-02 07:08:06+0800: Controller: play b T6
2026-01-02 07:08:06+0800: = 
2026-01-02 07:08:06+0800: Controller: genmove w
