2026-01-02 10:43:40+0800: Running with following config:
allowResignation = true
friendlyPassOk = true
hasButton = false
koRule = SIMPLE
lagBuffer = 1.0
logAllGTPCommunication = true
logDir = gtp_logs
logSearchInfo = true
logSearchInfoForChosenMove = false
logToStderr = false
maxTimePondering = 60.0
multiStoneSuicideLegal = false
nnCacheSizePowerOfTwo = 20
nnMutexPoolSizePowerOfTwo = 16
numNNServerThreadsPerModel = 1
numSearchThreads = 16
openclDeviceToUseThread0 = 0
ponderingEnabled = true
resignConsecTurns = 3
resignThreshold = -0.90
scoringRule = AREA
searchFactorAfterOnePass = 0.50
searchFactorAfterTwoPass = 0.25
searchFactorWhenWinning = 0.40
searchFactorWhenWinningThreshold = 0.95
taxRule = NONE
whiteHandicapBonus = N

2026-01-02 10:43:40+0800: GTP Engine starting...
2026-01-02 10:43:40+0800: KataGo v1.16.0
2026-01-02 10:43:40+0800: Using Chinese rules initially, unless GTP/GUI overrides this
2026-01-02 10:43:40+0800: Using 16 CPU thread(s) for search
2026-01-02 10:43:40+0800: nnRandSeed0 = 7059154701409317850
2026-01-02 10:43:40+0800: After dedups: nnModelFile0 = F:\KaTrain\_internal\katrain\models\kata1-b18c384nbt-s9996604416-d4316597426.bin.gz useFP16 auto useNHWC auto
2026-01-02 10:43:40+0800: Initializing neural net buffer to be size 19 * 19 exactly
2026-01-02 10:43:41+0800: Found OpenCL Platform 0: NVIDIA CUDA (NVIDIA Corporation) (OpenCL 3.0 CUDA 13.0.84)
2026-01-02 10:43:41+0800: Found 1 device(s) on platform 0 with type CPU or GPU or Accelerator
2026-01-02 10:43:41+0800: Found OpenCL Platform 1: AMD Accelerated Parallel Processing (Advanced Micro Devices, Inc.) (OpenCL 2.1 AMD-APP (3617.0))
2026-01-02 10:43:41+0800: Found 1 device(s) on platform 1 with type CPU or GPU or Accelerator
2026-01-02 10:43:41+0800: Found OpenCL Device 0: NVIDIA GeForce RTX 4060 Laptop GPU (NVIDIA Corporation) (score 11000300)
2026-01-02 10:43:41+0800: Found OpenCL Device 1: gfx1036 (Advanced Micro Devices, Inc.) (score 11000200)
2026-01-02 10:43:41+0800: Creating context for OpenCL Platform: NVIDIA CUDA (NVIDIA Corporation) (OpenCL 3.0 CUDA 13.0.84)
2026-01-02 10:43:41+0800: Using OpenCL Device 0: NVIDIA GeForce RTX 4060 Laptop GPU (NVIDIA Corporation) OpenCL 3.0 CUDA (Extensions: cl_khr_global_int32_base_atomics cl_khr_global_int32_extended_atomics cl_khr_local_int32_base_atomics cl_khr_local_int32_extended_atomics cl_khr_fp64 cl_khr_3d_image_writes cl_khr_byte_addressable_store cl_khr_icd cl_khr_gl_sharing cl_nv_compiler_options cl_nv_device_attribute_query cl_nv_pragma_unroll cl_nv_d3d10_sharing cl_khr_d3d10_sharing cl_nv_d3d11_sharing cl_nv_copy_opts cl_nv_create_buffer cl_khr_int64_base_atomics cl_khr_int64_extended_atomics cl_khr_device_uuid cl_khr_pci_bus_info cl_khr_external_semaphore cl_khr_external_memory cl_khr_external_semaphore_win32 cl_khr_external_memory_win32 cl_khr_semaphore)
2026-01-02 10:43:41+0800: Loaded tuning parameters from: F:\KaTrain\_internal\katrain\KataGo/KataGoData/opencltuning/tune11_gpuNVIDIAGeForceRTX4060LaptopGPU_x19_y19_c384_mv14.txt
2026-01-02 10:43:42+0800: OpenCL backend thread 0: Device 0 Model version 14
2026-01-02 10:43:42+0800: OpenCL backend thread 0: Device 0 Model name: kata1-b18c384nbt-s9996604416-d4316597426
2026-01-02 10:43:42+0800: OpenCL backend thread 0: Device 0 FP16Storage true FP16Compute false FP16TensorCores true FP16TensorCoresFor1x1 false
2026-01-02 10:43:42+0800: Loaded neural net with nnXLen 19 nnYLen 19
2026-01-02 10:43:42+0800: Initializing board with boardXSize 19 boardYSize 19
2026-01-02 10:43:42+0800: Loaded config F:\KaTrain\_internal\katrain\KataGo\genconfig.cfg
2026-01-02 10:43:42+0800: Loaded model F:\KaTrain\_internal\katrain\models\kata1-b18c384nbt-s9996604416-d4316597426.bin.gz
2026-01-02 10:43:42+0800: Model name: kata1-b18c384nbt-s9996604416-d4316597426
2026-01-02 10:43:42+0800: GTP ready, beginning main protocol loop
2026-01-02 10:43:42+0800: Controller: version
2026-01-02 10:43:42+0800: = 1.16.0+b18c384nbt-s9996M
2026-01-02 10:43:42+0800: Controller: clear_board
2026-01-02 10:43:42+0800: = 
2026-01-02 10:43:48+0800: Controller: play b Q16
2026-01-02 10:43:48+0800: = 
2026-01-02 10:43:48+0800: Controller: genmove w
2026-01-02 10:43:53+0800: MoveNum: 1 HASH: D787FAD66281F76731DCD9C1B3387463
   A B C D E F G H J K L M N O P Q R S T
19 . . . . . . . . . . . . . . . . . . .
18 . . . . . . . . . . . . . . . . . . .
17 . . . . . . . . . . . . . . . . . . .
16 . . . . . . . . . . . . . . . X1. . .
15 . . . . . . . . . . . . . . . . . . .
14 . . . . . . . . . . . . . . . . . . .
13 . . . . . . . . . . . . . . . . . . .
12 . . . . . . . . . . . . . . . . . . .
11 . . . . . . . . . . . . . . . . . . .
10 . . . . . . . . . . . . . . . . . . .
 9 . . . . . . . . . . . . . . . . . . .
 8 . . . . . . . . . . . . . . . . . . .
 7 . . . . . . . . . . . . . . . . . . .
 6 . . . . . . . . . . . . . . . . . . .
 5 . . . . . . . . . . . . . . . . . . .
 4 . . . @ . . . . . . . . . . . . . . .
 3 . . . . . . . . . . . . . . . . . . .
 2 . . . . . . . . . . . . . . . . . . .
 1 . . . . . . . . . . . . . . . . . . .

koSIMPLEscoreAREAtaxNONEsui0whbNfpok1komi7.5
Time taken: 5.078
Root visits: 3643
New playouts: 3643
NN rows: 2278
NN batches: 286
NN avg batch size: 7.96503
PV: D4 Q4 D16 F17 R3 Q3 R4 Q5 S6 C14 D14 D13 E14 C16 C17 C15 D17 J17 H16 H17 D11 E11 B12 C13 E10
Tree:
: T  24.73c W  24.57c S   0.51c ( +1.4 L  +1.0) N    3643  --  D4 Q4 D16 F17 R3 Q3 R4
---White(^)---
D4  : T  24.90c W  24.75c S   0.52c ( +1.4 L  +1.0) LCB   24.61c P 49.86% WF 5570.7 PSV    5565 N    2039  --  D4 Q4 D16 F17 R3 Q3 R4 Q5
D16 : T  24.91c W  24.73c S   0.51c ( +1.4 L  +1.0) LCB   24.56c P 19.69% WF 4033.8 PSV    2237 N    1475  --  D16 Q4 D4 F17 R3 Q3 R4 Q5
C4  : T  22.41c W  21.91c S   0.36c ( +1.3 L  +0.9) LCB   20.23c P  1.35% WF  71.0 PSV      23 N      27  --  C4 Q4 D16 E3 R17 Q17 R16 R14
C16 : T  21.44c W  21.29c S   0.26c ( +1.2 L  +0.8) LCB   17.74c P  1.19% WF  39.2 PSV      15 N      15  --  C16 Q4 D4 E17 R3 D15
D17 : T  21.07c W  20.79c S   0.25c ( +1.2 L  +0.8) LCB   17.31c P  1.04% WF  42.2 PSV      12 N      16  --  D17 D4 Q4 C15 E16 R3
C3  : T  20.58c W  19.90c S   0.12c ( +1.0 L  +0.7) LCB   17.03c P  0.90% WF  37.0 PSV       9 N      15  --  C3 C16 Q4 R3
C17 : T  20.26c W  19.67c S   0.15c ( +1.1 L  +0.7) LCB   15.56c P  0.79% WF  32.1 PSV       7 N      13  --  C17 Q3 D4 C3 C4
R17 : T  17.89c W  18.45c S   0.07c ( +1.0 L  +0.7) LCB    9.08c P  0.21% WF  20.8 PSV       1 N      10  --  R17 R16 Q17 P16 P17
D15 : T  15.62c W  15.60c S  -0.24c ( +0.7 L  +0.5) LCB    1.14c P  0.16% WF  16.9 PSV       0 N       7  --  D15 C17 E17 D4
D5  : T  16.30c W  15.91c S  -0.22c ( +0.7 L  +0.5) LCB   -3.35c P  0.16% WF  14.4 PSV       0 N       6  --  D5 Q4 D16

2026-01-02 10:43:53+0800: = D4
2026-01-02 10:44:12+0800: Controller: play b Q4
2026-01-02 10:44:12+0800: = 
2026-01-02 10:44:12+0800: Controller: genmove w
2026-01-02 10:44:17+0800: MoveNum: 3 HASH: F2FB6A1B9EADCB69B51B5BF34560E526
   A B C D E F G H J K L M N O P Q R S T
19 . . . . . . . . . . . . . . . . . . .
18 . . . . . . . . . . . . . . . . . . .
17 . . . . . . . . . . . . . . . . . . .
16 . . . @ . . . . . . . . . . . X1. . .
15 . . . . . . . . . . . . . . . . . . .
14 . . . . . . . . . . . . . . . . . . .
13 . . . . . . . . . . . . . . . . . . .
12 . . . . . . . . . . . . . . . . . . .
11 . . . . . . . . . . . . . . . . . . .
10 . . . . . . . . . . . . . . . . . . .
 9 . . . . . . . . . . . . . . . . . . .
 8 . . . . . . . . . . . . . . . . . . .
 7 . . . . . . . . . . . . . . . . . . .
 6 . . . . . . . . . . . . . . . . . . .
 5 . . . . . . . . . . . . . . . . . . .
 4 . . . O2. . . . . . . . . . . X3. . .
 3 . . . . . . . . . . . . . . . . . . .
 2 . . . . . . . . . . . . . . . . . . .
 1 . . . . . . . . . . . . . . . . . . .

koSIMPLEscoreAREAtaxNONEsui0whbNfpok1komi7.5
Time taken: 5.047
Root visits: 12088
New playouts: 2585
NN rows: 2309
NN batches: 285
NN avg batch size: 8.10175
PV: D16 F3 R17 Q17 R16 Q15 R15 R14 S14 C17 C16 D17 F17 F18 G17 E17 E16 G18 H17 C6 D6 D7 E6 C4 C3
Tree:
: T  23.92c W  23.75c S   0.43c ( +1.3 L  +0.9) N   12088  --  D16 F3 R17 Q17 R16 Q15 R15
---White(^)---
D16 : T  23.98c W  23.80c S   0.43c ( +1.3 L  +0.9) LCB   23.80c P 84.27% WF 29254.0 PSV   29242 N   11850  --  D16 F3 R17 Q17 R16 Q15 R15 R14
D17 : T  22.32c W  22.29c S   0.37c ( +1.3 L  +0.8) LCB   21.24c P  5.12% WF 308.0 PSV     295 N     123  --  D17 C3 D3 C4 D5 C6 C14 B7
C16 : T  21.84c W  21.82c S   0.33c ( +1.2 L  +0.9) LCB   20.64c P  4.26% WF 200.8 PSV     198 N      81  --  C16 E17 R17 R16 Q17 O17 P17 P16
C17 : T  18.53c W  18.34c S   0.11c ( +1.0 L  +0.7) LCB    7.18c P  0.98% WF  18.7 PSV      19 N       8  --  C17 C3 D3 C4 C5
R3  : T  17.50c W  18.32c S   0.18c ( +1.1 L  +0.7) LCB  -26.38c P  0.56% WF   9.2 PSV       9 N       4  --  R3 Q3 R4
R17 : T  16.50c W  18.12c S   0.22c ( +1.1 L  +0.7) LCB  -58.71c P  0.44% WF   6.8 PSV       6 N       3  --  R17 Q17 R16
D15 : T  16.41c W  15.85c S  -0.20c ( +0.7 L  +0.5) LCB  -57.67c P  0.43% WF   7.5 PSV       6 N       3  --  D15 D17
E16 : T  16.72c W  16.26c S  -0.15c ( +0.8 L  +0.5) LCB -132.26c P  0.39% WF   5.0 PSV       5 N       2  --  E16 C17
E17 : T  14.84c W  14.83c S  -0.24c ( +0.7 L  +0.5) LCB -134.09c P  0.35% WF   4.7 PSV       4 N       2  --  E17 C17
C15 : T  12.63c W  12.99c S  -0.36c ( +0.5 L  +0.4) LCB -337.37c P  0.33% WF   2.3 PSV       3 N       1  --  C15

2026-01-02 10:44:17+0800: = D16
