2026-01-02 23:41:08+0800: Running with following config:
allowResignation = true
analysisIgnorePreRootHistory = false
chosenMovePrune = 0
chosenMoveSubtract = 0
chosenMoveTemperature = 0.70
chosenMoveTemperatureEarly = 0.85
chosenMoveTemperatureHalflife = 80
chosenMoveTemperatureOnlyBelowProb = 0.01
delayMoveMax = 10.0
delayMoveScale = 2.0
dynamicScoreUtilityFactor = 0.00
humanSLChosenMoveIgnorePass = true
humanSLChosenMovePiklLambda = 100000000
humanSLChosenMoveProp = 1.0
humanSLCpuctExploration = 0.50
humanSLCpuctPermanent = 0.2
humanSLOppExploreProbWeightful = 0.0
humanSLOppExploreProbWeightless = 0.0
humanSLPlaExploreProbWeightful = 0.0
humanSLPlaExploreProbWeightless = 0.0
humanSLProfile = preaz_5k
humanSLRootExploreProbWeightful = 0.0
humanSLRootExploreProbWeightless = 0.0
ignorePreRootHistory = false
lagBuffer = 1.0
logAllGTPCommunication = true
logDir = gtp_logs
logSearchInfo = true
logSearchInfoForChosenMove = false
logToStderr = false
maxVisits = 40
nnCacheSizePowerOfTwo = 17
nnMutexPoolSizePowerOfTwo = 14
numSearchThreads = 1
resignConsecTurns = 20
resignMinMovesPerBoardArea = 0.4
resignMinScoreDifference = 40
resignThreshold = -0.99
rootNumSymmetriesToSample = 2
rules = chinese
staticScoreUtilityFactor = 0.30
subtreeValueBiasFactor = 0.0
useLcbForSelection = false
useNoisePruning = false
useUncertainty = false
winLossUtilityFactor = 1.0

2026-01-02 23:41:08+0800: GTP Engine starting...
2026-01-02 23:41:08+0800: KataGo v1.16.0
2026-01-02 23:41:08+0800: Using Chinese rules initially, unless GTP/GUI overrides this
2026-01-02 23:41:08+0800: Using 1 CPU thread(s) for search
2026-01-02 23:41:08+0800: nnRandSeed0 = 11958341571939750392
2026-01-02 23:41:08+0800: After dedups: nnModelFile0 = F:\KaTrain\_internal\katrain\models\kata1-b18c384nbt-s9996604416-d4316597426.bin.gz useFP16 auto useNHWC auto
2026-01-02 23:41:08+0800: Initializing neural net buffer to be size 19 * 19 exactly
2026-01-02 23:41:09+0800: Found OpenCL Platform 0: NVIDIA CUDA (NVIDIA Corporation) (OpenCL 3.0 CUDA 13.0.84)
2026-01-02 23:41:09+0800: Found 1 device(s) on platform 0 with type CPU or GPU or Accelerator
2026-01-02 23:41:09+0800: Found OpenCL Platform 1: AMD Accelerated Parallel Processing (Advanced Micro Devices, Inc.) (OpenCL 2.1 AMD-APP (3617.0))
2026-01-02 23:41:09+0800: Found 1 device(s) on platform 1 with type CPU or GPU or Accelerator
2026-01-02 23:41:09+0800: Found OpenCL Device 0: NVIDIA GeForce RTX 4060 Laptop GPU (NVIDIA Corporation) (score 11000300)
2026-01-02 23:41:09+0800: Found OpenCL Device 1: gfx1036 (Advanced Micro Devices, Inc.) (score 11000200)
2026-01-02 23:41:09+0800: Creating context for OpenCL Platform: NVIDIA CUDA (NVIDIA Corporation) (OpenCL 3.0 CUDA 13.0.84)
2026-01-02 23:41:09+0800: Using OpenCL Device 0: NVIDIA GeForce RTX 4060 Laptop GPU (NVIDIA Corporation) OpenCL 3.0 CUDA (Extensions: cl_khr_global_int32_base_atomics cl_khr_global_int32_extended_atomics cl_khr_local_int32_base_atomics cl_khr_local_int32_extended_atomics cl_khr_fp64 cl_khr_3d_image_writes cl_khr_byte_addressable_store cl_khr_icd cl_khr_gl_sharing cl_nv_compiler_options cl_nv_device_attribute_query cl_nv_pragma_unroll cl_nv_d3d10_sharing cl_khr_d3d10_sharing cl_nv_d3d11_sharing cl_nv_copy_opts cl_nv_create_buffer cl_khr_int64_base_atomics cl_khr_int64_extended_atomics cl_khr_device_uuid cl_khr_pci_bus_info cl_khr_external_semaphore cl_khr_external_memory cl_khr_external_semaphore_win32 cl_khr_external_memory_win32 cl_khr_semaphore)
2026-01-02 23:41:09+0800: Loaded tuning parameters from: F:\KaTrain\_internal\katrain\KataGo/KataGoData/opencltuning/tune11_gpuNVIDIAGeForceRTX4060LaptopGPU_x19_y19_c384_mv14.txt
2026-01-02 23:41:09+0800: OpenCL backend thread 0: Model version 14
2026-01-02 23:41:09+0800: OpenCL backend thread 0: Model name: kata1-b18c384nbt-s9996604416-d4316597426
2026-01-02 23:41:10+0800: OpenCL backend thread 0: FP16Storage true FP16Compute false FP16TensorCores true FP16TensorCoresFor1x1 false
2026-01-02 23:41:10+0800: Loaded neural net with nnXLen 19 nnYLen 19
2026-01-02 23:41:10+0800: nnRandSeed0 = 13797770095332837901
2026-01-02 23:41:10+0800: After dedups: nnModelFile0 = F:\KaTrain\_internal\katrain\models\b18c384nbt-humanv0.bin.gz useFP16 auto useNHWC auto
2026-01-02 23:41:10+0800: Initializing neural net buffer to be size 19 * 19 exactly
2026-01-02 23:41:11+0800: Found OpenCL Platform 0: NVIDIA CUDA (NVIDIA Corporation) (OpenCL 3.0 CUDA 13.0.84)
2026-01-02 23:41:11+0800: Found 1 device(s) on platform 0 with type CPU or GPU or Accelerator
2026-01-02 23:41:11+0800: Found OpenCL Platform 1: AMD Accelerated Parallel Processing (Advanced Micro Devices, Inc.) (OpenCL 2.1 AMD-APP (3617.0))
2026-01-02 23:41:11+0800: Found 1 device(s) on platform 1 with type CPU or GPU or Accelerator
2026-01-02 23:41:11+0800: Found OpenCL Device 0: NVIDIA GeForce RTX 4060 Laptop GPU (NVIDIA Corporation) (score 11000300)
2026-01-02 23:41:11+0800: Found OpenCL Device 1: gfx1036 (Advanced Micro Devices, Inc.) (score 11000200)
2026-01-02 23:41:11+0800: Creating context for OpenCL Platform: NVIDIA CUDA (NVIDIA Corporation) (OpenCL 3.0 CUDA 13.0.84)
2026-01-02 23:41:11+0800: Using OpenCL Device 0: NVIDIA GeForce RTX 4060 Laptop GPU (NVIDIA Corporation) OpenCL 3.0 CUDA (Extensions: cl_khr_global_int32_base_atomics cl_khr_global_int32_extended_atomics cl_khr_local_int32_base_atomics cl_khr_local_int32_extended_atomics cl_khr_fp64 cl_khr_3d_image_writes cl_khr_byte_addressable_store cl_khr_icd cl_khr_gl_sharing cl_nv_compiler_options cl_nv_device_attribute_query cl_nv_pragma_unroll cl_nv_d3d10_sharing cl_khr_d3d10_sharing cl_nv_d3d11_sharing cl_nv_copy_opts cl_nv_create_buffer cl_khr_int64_base_atomics cl_khr_int64_extended_atomics cl_khr_device_uuid cl_khr_pci_bus_info cl_khr_external_semaphore cl_khr_external_memory cl_khr_external_semaphore_win32 cl_khr_external_memory_win32 cl_khr_semaphore)
2026-01-02 23:41:11+0800: Loaded tuning parameters from: F:\KaTrain\_internal\katrain\KataGo/KataGoData/opencltuning/tune11_gpuNVIDIAGeForceRTX4060LaptopGPU_x19_y19_c384_mv15.txt
2026-01-02 23:41:11+0800: OpenCL backend thread 0: Model version 15
2026-01-02 23:41:11+0800: OpenCL backend thread 0: Model name: b18c384nbt-humanv0
2026-01-02 23:41:11+0800: OpenCL backend thread 0: FP16Storage true FP16Compute false FP16TensorCores true FP16TensorCoresFor1x1 false
2026-01-02 23:41:11+0800: Loaded human SL net with nnXLen 19 nnYLen 19
2026-01-02 23:41:11+0800: Initializing board with boardXSize 19 boardYSize 19
2026-01-02 23:41:11+0800: Loaded config F:\KaTrain\_internal\katrain\KataGo\test.cfg
2026-01-02 23:41:11+0800: Loaded model F:\KaTrain\_internal\katrain\models\kata1-b18c384nbt-s9996604416-d4316597426.bin.gz
2026-01-02 23:41:11+0800: Loaded human SL model F:\KaTrain\_internal\katrain\models\b18c384nbt-humanv0.bin.gz
2026-01-02 23:41:11+0800: Model name: kata1-b18c384nbt-s9996604416-d4316597426
2026-01-02 23:41:11+0800: Human SL model name: b18c384nbt-humanv0
2026-01-02 23:41:11+0800: GTP ready, beginning main protocol loop
2026-01-02 23:41:11+0800: Controller: version
2026-01-02 23:41:11+0800: = 1.16.0+b18c384nbt-s9996M+b18c384nbt-humanv0
2026-01-02 23:41:11+0800: Controller: clear_board
2026-01-02 23:41:11+0800: = 
2026-01-02 23:41:16+0800: Controller: play b Q16
2026-01-02 23:41:16+0800: = 
2026-01-02 23:41:16+0800: Controller: final_score
2026-01-02 23:41:18+0800: = W+0.5
2026-01-02 23:41:22+0800: Controller: play w Q4
2026-01-02 23:41:22+0800: = 
2026-01-02 23:41:22+0800: Controller: final_score
2026-01-02 23:41:23+0800: = W+0.5
2026-01-02 23:41:25+0800: Controller: play b D16
2026-01-02 23:41:25+0800: = 
2026-01-02 23:41:25+0800: Controller: final_score
2026-01-02 23:41:26+0800: = W+0.5
2026-01-02 23:41:27+0800: Controller: play w D4
2026-01-02 23:41:27+0800: = 
2026-01-02 23:41:27+0800: Controller: final_score
2026-01-02 23:41:28+0800: = W+0.5
2026-01-02 23:41:31+0800: Controller: play b C3
2026-01-02 23:41:31+0800: = 
2026-01-02 23:41:31+0800: Controller: final_score
2026-01-02 23:41:33+0800: = W+0.5
2026-01-02 23:41:35+0800: Controller: play w D3
2026-01-02 23:41:35+0800: = 
2026-01-02 23:41:35+0800: Controller: final_score
2026-01-02 23:41:37+0800: = W+0.5
2026-01-02 23:41:39+0800: Controller: play b C4
2026-01-02 23:41:39+0800: = 
2026-01-02 23:41:39+0800: Controller: final_score
2026-01-02 23:41:39+0800: = W+0.5
2026-01-02 23:41:42+0800: Controller: play w C5
2026-01-02 23:41:42+0800: = 
2026-01-02 23:41:42+0800: Controller: final_score
2026-01-02 23:41:43+0800: = W+0.5
2026-01-02 23:41:44+0800: Controller: play b B5
2026-01-02 23:41:44+0800: = 
2026-01-02 23:41:44+0800: Controller: final_score
2026-01-02 23:41:45+0800: = W+0.5
2026-01-02 23:41:54+0800: Controller: play w K10
2026-01-02 23:41:54+0800: = 
2026-01-02 23:41:54+0800: Controller: final_score
2026-01-02 23:41:56+0800: = B+0.5
2026-01-02 23:42:00+0800: Controller: play b D5
2026-01-02 23:42:00+0800: = 
2026-01-02 23:42:00+0800: Controller: final_score
2026-01-02 23:42:02+0800: = B+0.5
2026-01-02 23:42:07+0800: Controller: play w D6
2026-01-02 23:42:07+0800: = 
2026-01-02 23:42:07+0800: Controller: final_score
2026-01-02 23:42:09+0800: = B+8.5
2026-01-02 23:42:09+0800: Controller: play b C6
2026-01-02 23:42:09+0800: = 
2026-01-02 23:42:09+0800: Controller: final_score
2026-01-02 23:42:09+0800: = B+9.5
2026-01-02 23:42:32+0800: Controller: play w C7
2026-01-02 23:42:32+0800: = 
2026-01-02 23:42:32+0800: Controller: final_score
2026-01-02 23:42:34+0800: = B+17.5
2026-01-02 23:42:40+0800: Controller: play b R3
2026-01-02 23:42:40+0800: = 
2026-01-02 23:42:40+0800: Controller: final_score
2026-01-02 23:42:42+0800: = B+7.5
2026-01-02 23:42:44+0800: Controller: play w T1
2026-01-02 23:42:44+0800: = 
2026-01-02 23:42:44+0800: Controller: final_score
2026-01-02 23:42:46+0800: = B+30.5
2026-01-02 23:42:54+0800: Controller: play b R4
2026-01-02 23:42:54+0800: = 
2026-01-02 23:42:54+0800: Controller: final_score
2026-01-02 23:42:56+0800: = B+22.5
2026-01-02 23:42:58+0800: Controller: play w A1
2026-01-02 23:42:58+0800: = 
2026-01-02 23:42:58+0800: Controller: final_score
2026-01-02 23:43:00+0800: = B+45.5
2026-01-02 23:43:02+0800: Controller: play b A19
2026-01-02 23:43:02+0800: = 
2026-01-02 23:43:02+0800: Controller: final_score
2026-01-02 23:43:05+0800: = B+21.5
2026-01-02 23:43:05+0800: Controller: play w T19
2026-01-02 23:43:05+0800: = 
2026-01-02 23:43:05+0800: Controller: final_score
2026-01-02 23:43:07+0800: = B+45.5
2026-01-02 23:43:09+0800: Controller: play b A15
2026-01-02 23:43:09+0800: = 
2026-01-02 23:43:09+0800: Controller: final_score
2026-01-02 23:43:11+0800: = B+27.5
2026-01-02 23:43:11+0800: Controller: play w T13
2026-01-02 23:43:11+0800: = 
2026-01-02 23:43:11+0800: Controller: final_score
2026-01-02 23:43:13+0800: = B+45.5
2026-01-02 23:43:13+0800: Controller: play b Q10
2026-01-02 23:43:13+0800: = 
2026-01-02 23:43:13+0800: Controller: final_score
2026-01-02 23:43:15+0800: = B+34.5
2026-01-02 23:43:15+0800: Controller: play b R5
2026-01-02 23:43:15+0800: = 
2026-01-02 23:43:15+0800: Controller: final_score
2026-01-02 23:43:17+0800: = B+46.5
2026-01-02 23:43:17+0800: Controller: play w T12
2026-01-02 23:43:17+0800: = 
2026-01-02 23:43:17+0800: Controller: final_score
2026-01-02 23:43:20+0800: = B+65.5
2026-01-02 23:43:20+0800: Controller: play w K1
2026-01-02 23:43:20+0800: = 
2026-01-02 23:43:20+0800: Controller: final_score
2026-01-02 23:43:22+0800: = B+58.5
2026-01-02 23:43:22+0800: Controller: play b E4
2026-01-02 23:43:22+0800: = 
2026-01-02 23:43:22+0800: Controller: final_score
2026-01-02 23:43:23+0800: = B+50.5
2026-01-02 23:43:23+0800: Controller: play b K4
2026-01-02 23:43:23+0800: = 
2026-01-02 23:43:23+0800: Controller: final_score
2026-01-02 23:43:26+0800: = B+63.5
2026-01-02 23:43:26+0800: Controller: play b H5
2026-01-02 23:43:26+0800: = 
2026-01-02 23:43:26+0800: Controller: final_score
2026-01-02 23:43:28+0800: = B+75.5
2026-01-02 23:43:28+0800: Controller: play w T8
2026-01-02 23:43:28+0800: = 
2026-01-02 23:43:28+0800: Controller: final_score
2026-01-02 23:43:30+0800: = B+90.5
2026-01-02 23:43:30+0800: Controller: play b E5
2026-01-02 23:43:30+0800: = 
2026-01-02 23:43:30+0800: Controller: final_score
2026-01-02 23:43:32+0800: = B+84.5
2026-01-02 23:43:32+0800: Controller: play w D1
2026-01-02 23:43:32+0800: = 
2026-01-02 23:43:32+0800: Controller: final_score
2026-01-02 23:43:34+0800: = B+96.5
2026-01-02 23:43:34+0800: Controller: play w N1
2026-01-02 23:43:34+0800: = 
2026-01-02 23:43:34+0800: Controller: final_score
2026-01-02 23:43:36+0800: = B+89.5
2026-01-02 23:43:36+0800: Controller: play w Q1
2026-01-02 23:43:36+0800: = 
2026-01-02 23:43:36+0800: Controller: final_score
2026-01-02 23:43:38+0800: = B+82.5
2026-01-02 23:43:38+0800: Controller: play b o5
2026-01-02 23:43:38+0800: = 
2026-01-02 23:43:38+0800: Controller: final_score
2026-01-02 23:43:40+0800: = B+80.5
