2026-01-02 11:12:11+0800: Running with following config:
allowResignation = true
friendlyPassOk = true
hasButton = false
koRule = SIMPLE
lagBuffer = 1.0
logAllGTPCommunication = true
logDir = gtp_logs
logSearchInfo = true
logSearchInfoForChosenMove = false
logToStderr = false
maxTimePondering = 60.0
multiStoneSuicideLegal = false
nnCacheSizePowerOfTwo = 20
nnMutexPoolSizePowerOfTwo = 16
numNNServerThreadsPerModel = 1
numSearchThreads = 16
openclDeviceToUseThread0 = 0
ponderingEnabled = true
resignConsecTurns = 3
resignThreshold = -0.90
scoringRule = AREA
searchFactorAfterOnePass = 0.50
searchFactorAfterTwoPass = 0.25
searchFactorWhenWinning = 0.40
searchFactorWhenWinningThreshold = 0.95
taxRule = NONE
whiteHandicapBonus = N

2026-01-02 11:12:11+0800: GTP Engine starting...
2026-01-02 11:12:11+0800: KataGo v1.16.0
2026-01-02 11:12:11+0800: Using Chinese rules initially, unless GTP/GUI overrides this
2026-01-02 11:12:11+0800: Using 16 CPU thread(s) for search
2026-01-02 11:12:11+0800: nnRandSeed0 = 67749944824597679
2026-01-02 11:12:11+0800: After dedups: nnModelFile0 = F:\KaTrain\_internal\katrain\models\kata1-b18c384nbt-s9996604416-d4316597426.bin.gz useFP16 auto useNHWC auto
2026-01-02 11:12:11+0800: Initializing neural net buffer to be size 19 * 19 exactly
2026-01-02 11:12:12+0800: Found OpenCL Platform 0: NVIDIA CUDA (NVIDIA Corporation) (OpenCL 3.0 CUDA 13.0.84)
2026-01-02 11:12:12+0800: Found 1 device(s) on platform 0 with type CPU or GPU or Accelerator
2026-01-02 11:12:12+0800: Found OpenCL Platform 1: AMD Accelerated Parallel Processing (Advanced Micro Devices, Inc.) (OpenCL 2.1 AMD-APP (3617.0))
2026-01-02 11:12:12+0800: Found 1 device(s) on platform 1 with type CPU or GPU or Accelerator
2026-01-02 11:12:12+0800: Found OpenCL Device 0: NVIDIA GeForce RTX 4060 Laptop GPU (NVIDIA Corporation) (score 11000300)
2026-01-02 11:12:12+0800: Found OpenCL Device 1: gfx1036 (Advanced Micro Devices, Inc.) (score 11000200)
2026-01-02 11:12:12+0800: Creating context for OpenCL Platform: NVIDIA CUDA (NVIDIA Corporation) (OpenCL 3.0 CUDA 13.0.84)
2026-01-02 11:12:12+0800: Using OpenCL Device 0: NVIDIA GeForce RTX 4060 Laptop GPU (NVIDIA Corporation) OpenCL 3.0 CUDA (Extensions: cl_khr_global_int32_base_atomics cl_khr_global_int32_extended_atomics cl_khr_local_int32_base_atomics cl_khr_local_int32_extended_atomics cl_khr_fp64 cl_khr_3d_image_writes cl_khr_byte_addressable_store cl_khr_icd cl_khr_gl_sharing cl_nv_compiler_options cl_nv_device_attribute_query cl_nv_pragma_unroll cl_nv_d3d10_sharing cl_khr_d3d10_sharing cl_nv_d3d11_sharing cl_nv_copy_opts cl_nv_create_buffer cl_khr_int64_base_atomics cl_khr_int64_extended_atomics cl_khr_device_uuid cl_khr_pci_bus_info cl_khr_external_semaphore cl_khr_external_memory cl_khr_external_semaphore_win32 cl_khr_external_memory_win32 cl_khr_semaphore)
2026-01-02 11:12:12+0800: Loaded tuning parameters from: F:\KaTrain\_internal\katrain\KataGo/KataGoData/opencltuning/tune11_gpuNVIDIAGeForceRTX4060LaptopGPU_x19_y19_c384_mv14.txt
2026-01-02 11:12:12+0800: OpenCL backend thread 0: Device 0 Model version 14
2026-01-02 11:12:12+0800: OpenCL backend thread 0: Device 0 Model name: kata1-b18c384nbt-s9996604416-d4316597426
2026-01-02 11:12:13+0800: OpenCL backend thread 0: Device 0 FP16Storage true FP16Compute false FP16TensorCores true FP16TensorCoresFor1x1 false
2026-01-02 11:12:13+0800: Loaded neural net with nnXLen 19 nnYLen 19
2026-01-02 11:12:13+0800: Initializing board with boardXSize 19 boardYSize 19
2026-01-02 11:12:13+0800: Loaded config F:\KaTrain\_internal\katrain\KataGo\genconfig.cfg
2026-01-02 11:12:13+0800: Loaded model F:\KaTrain\_internal\katrain\models\kata1-b18c384nbt-s9996604416-d4316597426.bin.gz
2026-01-02 11:12:13+0800: Model name: kata1-b18c384nbt-s9996604416-d4316597426
2026-01-02 11:12:13+0800: GTP ready, beginning main protocol loop
2026-01-02 11:12:13+0800: Controller: version
2026-01-02 11:12:13+0800: = 1.16.0+b18c384nbt-s9996M
2026-01-02 11:12:13+0800: Controller: clear_board
2026-01-02 11:12:13+0800: = 
2026-01-02 11:12:17+0800: Controller: play b Q16
2026-01-02 11:12:17+0800: = 
2026-01-02 11:12:17+0800: Controller: genmove w
2026-01-02 11:12:22+0800: MoveNum: 1 HASH: D787FAD66281F76731DCD9C1B3387463
   A B C D E F G H J K L M N O P Q R S T
19 . . . . . . . . . . . . . . . . . . .
18 . . . . . . . . . . . . . . . . . . .
17 . . . . . . . . . . . . . . . . . . .
16 . . . @ . . . . . . . . . . . X1. . .
15 . . . . . . . . . . . . . . . . . . .
14 . . . . . . . . . . . . . . . . . . .
13 . . . . . . . . . . . . . . . . . . .
12 . . . . . . . . . . . . . . . . . . .
11 . . . . . . . . . . . . . . . . . . .
10 . . . . . . . . . . . . . . . . . . .
 9 . . . . . . . . . . . . . . . . . . .
 8 . . . . . . . . . . . . . . . . . . .
 7 . . . . . . . . . . . . . . . . . . .
 6 . . . . . . . . . . . . . . . . . . .
 5 . . . . . . . . . . . . . . . . . . .
 4 . . . . . . . . . . . . . . . . . . .
 3 . . . . . . . . . . . . . . . . . . .
 2 . . . . . . . . . . . . . . . . . . .
 1 . . . . . . . . . . . . . . . . . . .

koSIMPLEscoreAREAtaxNONEsui0whbNfpok1komi7.5
Time taken: 5.047
Root visits: 3276
New playouts: 3276
NN rows: 2289
NN batches: 287
NN avg batch size: 7.97561
PV: D16 Q4 D4 F17 R3 Q3 R4 Q5 S6 C14 D14 D13 E14 C16 C17 C15 D17 J17 H16 H17 D11 E11 B12
Tree:
: T  24.89c W  24.66c S   0.54c ( +1.4 L  +1.0) N    3276  --  D16 Q4 D4 F17 R3 Q3 R4
---White(^)---
D16 : T  25.20c W  24.91c S   0.55c ( +1.4 L  +1.0) LCB   24.84c P 16.74% WF 3393.2 PSV    8288 N    1233  --  D16 Q4 D4 F17 R3 Q3 R4 Q5
D4  : T  25.03c W  24.83c S   0.55c ( +1.4 L  +1.0) LCB   24.74c P 51.14% WF 5236.3 PSV    5235 N    1911  --  D4 D16 Q4 C6 R17 R16 Q17 P16
C4  : T  21.73c W  21.43c S   0.34c ( +1.2 L  +0.8) LCB   19.31c P  1.46% WF  58.6 PSV      18 N      23  --  C4 Q4 D16 E3 R17 Q17 R16 R14
C16 : T  21.52c W  20.79c S   0.27c ( +1.2 L  +0.8) LCB   17.23c P  1.23% WF  39.6 PSV      14 N      15  --  C16 D4 Q4 E17 D15 R3 R4
D17 : T  21.99c W  21.41c S   0.36c ( +1.3 L  +0.9) LCB   19.15c P  0.98% WF  60.3 PSV      13 N      23  --  D17 D4 Q4 C15 E16 R3 Q3 R4
C3  : T  20.59c W  20.05c S   0.17c ( +1.1 L  +0.8) LCB   16.01c P  0.88% WF  32.0 PSV       8 N      13  --  C3 Q3 D16
C17 : T  19.95c W  19.77c S   0.15c ( +1.0 L  +0.7) LCB   14.60c P  0.76% WF  29.6 PSV       6 N      12  --  C17 Q3 D4 C3 C4
R17 : T  18.15c W  18.22c S   0.07c ( +1.0 L  +0.7) LCB   10.72c P  0.21% WF  23.0 PSV       1 N      11  --  R17 Q17 R16 Q15 R15
D5  : T  15.74c W  15.49c S  -0.19c ( +0.7 L  +0.5) LCB    1.32c P  0.15% WF  16.3 PSV       0 N       7  --  D5 C3 D16
D15 : T  15.37c W  15.56c S  -0.23c ( +0.7 L  +0.5) LCB    0.83c P  0.15% WF  16.8 PSV       0 N       7  --  D15 C17 E17 D4

2026-01-02 11:12:22+0800: = D16
2026-01-02 11:12:24+0800: Controller: play b Q4
2026-01-02 11:12:24+0800: = 
2026-01-02 11:12:24+0800: Controller: genmove w
2026-01-02 11:12:29+0800: MoveNum: 3 HASH: 2B0ED18FD324E19076B676A4F6539D02
   A B C D E F G H J K L M N O P Q R S T
19 . . . . . . . . . . . . . . . . . . .
18 . . . . . . . . . . . . . . . . . . .
17 . . . . . . . . . . . . . . . . . . .
16 . . . O2. . . . . . . . . . . X1. . .
15 . . . . . . . . . . . . . . . . . . .
14 . . . . . . . . . . . . . . . . . . .
13 . . . . . . . . . . . . . . . . . . .
12 . . . . . . . . . . . . . . . . . . .
11 . . . . . . . . . . . . . . . . . . .
10 . . . . . . . . . . . . . . . . . . .
 9 . . . . . . . . . . . . . . . . . . .
 8 . . . . . . . . . . . . . . . . . . .
 7 . . . . . . . . . . . . . . . . . . .
 6 . . . . . . . . . . . . . . . . . . .
 5 . . . . . . . . . . . . . . . . . . .
 4 . . . @ . . . . . . . . . . . X3. . .
 3 . . . . . . . . . . . . . . . . . . .
 2 . . . . . . . . . . . . . . . . . . .
 1 . . . . . . . . . . . . . . . . . . .

koSIMPLEscoreAREAtaxNONEsui0whbNfpok1komi7.5
Time taken: 5.016
Root visits: 3717
New playouts: 2527
NN rows: 2298
NN batches: 288
NN avg batch size: 7.97917
PV: D4 F17 R3 Q3 R4 Q5 R5 R6 S6 C6 C14 F3 D6 D7 E6 C4 C3 C5 D2 J3 R17 R16 Q17 P16 P17
Tree:
: T  24.20c W  24.07c S   0.42c ( +1.4 L  +0.9) N    3717  --  D4 F17 R3 Q3 R4 Q5 R5
---White(^)---
D4  : T  24.27c W  24.13c S   0.42c ( +1.4 L  +1.0) LCB   24.01c P 84.35% WF 9429.4 PSV    9425 N    3624  --  D4 F17 R3 Q3 R4 Q5 R5 R6
D3  : T  21.88c W  22.14c S   0.33c ( +1.3 L  +0.8) LCB   19.94c P  5.05% WF 109.8 PSV      90 N      44  --  D3 C17 C16 D17 E16 F17 F16 G17
C4  : T  21.96c W  21.84c S   0.28c ( +1.2 L  +0.9) LCB   20.14c P  4.24% WF  87.3 PSV      78 N      35  --  C4 E3 R17 Q17 R16 R14 R15 Q15
C3  : T  19.81c W  19.02c S   0.15c ( +1.1 L  +0.7) LCB  -23.22c P  0.96% WF   9.4 PSV       9 N       4  --  C3 C17 D17 C16
R17 : T  18.64c W  19.69c S   0.25c ( +1.2 L  +0.8) LCB -131.16c P  0.56% WF   4.5 PSV       4 N       2  --  R17 Q17
R3  : T  17.49c W  18.98c S   0.24c ( +1.2 L  +0.7) LCB -132.70c P  0.46% WF   4.4 PSV       3 N       2  --  R3 Q3
D5  : T  13.59c W  14.06c S  -0.47c ( +0.5 L  +0.4) LCB -336.41c P  0.43% WF   2.4 PSV       1 N       1  --  D5
E4  : T  14.71c W  15.12c S  -0.41c ( +0.5 L  +0.4) LCB -335.29c P  0.39% WF   2.5 PSV       1 N       1  --  E4
E3  : T  14.34c W  14.59c S  -0.25c ( +0.7 L  +0.5) LCB -335.66c P  0.36% WF   2.4 PSV       1 N       1  --  E3
C5  : T  13.83c W  14.13c S  -0.30c ( +0.7 L  +0.5) LCB -336.17c P  0.33% WF   2.3 PSV       1 N       1  --  C5

2026-01-02 11:12:29+0800: = D4
2026-01-02 11:12:34+0800: Controller: play b o3
2026-01-02 11:12:35+0800: = 
2026-01-02 11:12:35+0800: Controller: genmove w
2026-01-02 11:12:40+0800: MoveNum: 5 HASH: 309B89AC00D0C94F6597357AA9575C5C
   A B C D E F G H J K L M N O P Q R S T
19 . . . . . . . . . . . . . . . . . . .
18 . . . . . . . . . . . . . . . . . . .
17 . . . . . . . . . . . . . . . . @ . .
16 . . . O . . . . . . . . . . . X . . .
15 . . . . . . . . . . . . . . . . . . .
14 . . . . . . . . . . . . . . . . . . .
13 . . . . . . . . . . . . . . . . . . .
12 . . . . . . . . . . . . . . . . . . .
11 . . . . . . . . . . . . . . . . . . .
10 . . . . . . . . . . . . . . . . . . .
 9 . . . . . . . . . . . . . . . . . . .
 8 . . . . . . . . . . . . . . . . . . .
 7 . . . . . . . . . . . . . . . . . . .
 6 . . . . . . . . . . . . . . . . . . .
 5 . . . . . . . . . . . . . . . . . . .
 4 . . . O2. . . . . . . . . . . X1. . .
 3 . . . . . . . . . . . . . X3. . . . .
 2 . . . . . . . . . . . . . . . . . . .
 1 . . . . . . . . . . . . . . . . . . .

koSIMPLEscoreAREAtaxNONEsui0whbNfpok1komi7.5
Time taken: 5.015
Root visits: 2418
New playouts: 2418
NN rows: 2270
NN batches: 285
NN avg batch size: 7.96491
PV: R17 R16 Q17 P16 O17 O16 N18 M17 R9 C3 D3 N17 O18 C4
Tree:
: T  28.47c W  28.05c S   0.49c ( +1.7 L  +1.1) N    2418  --  R17 R16 Q17 P16 O17 O16 N18
---White(^)---
R17 : T  28.91c W  28.46c S   0.52c ( +1.7 L  +1.2) LCB   28.37c P 74.64% WF 4905.1 PSV    4890 N    2195  --  R17 R16 Q17 P16 O17 O16 N18 M17
O17 : T  27.64c W  26.99c S   0.40c ( +1.6 L  +1.0) LCB   26.19c P  4.55% WF 201.4 PSV      97 N      76  --  O17 P17 O16 Q14 K16 C3 C4 D3
R14 : T  25.82c W  25.64c S   0.29c ( +1.5 L  +1.0) LCB   22.81c P  1.47% WF  60.9 PSV      16 N      24  --  R14 R12 S5 S4 R4 R5 R3
R6  : T  25.99c W  25.56c S   0.21c ( +1.4 L  +0.9) LCB   22.98c P  1.24% WF  61.8 PSV      14 N      24  --  R6 C3 C4 D3 F3
F17 : T  23.84c W  23.57c S   0.18c ( +1.4 L  +1.0) LCB   20.15c P  0.98% WF  43.7 PSV       7 N      17  --  F17 F3 H3 O17 C3 F5 D7
F3  : T  22.49c W  23.13c S   0.13c ( +1.4 L  +0.9) LCB   16.88c P  1.14% WF  31.0 PSV       6 N      12  --  F3 C17 C16 D17 E16 F17
S5  : T  23.04c W  23.44c S   0.02c ( +1.3 L  +0.8) LCB   17.18c P  0.91% WF  35.3 PSV       5 N      14  --  S5 R4 R8 C3 D3 C4
C14 : T  21.14c W  21.75c S   0.02c ( +1.3 L  +0.9) LCB    9.87c P  0.81% WF  20.9 PSV       3 N       8  --  C14 F3 H3 O17
C13 : T  21.32c W  21.53c S  -0.05c ( +1.2 L  +0.9) LCB    9.97c P  0.62% WF  20.7 PSV       3 N       8  --  C13 F3 H3 O17
F16 : T  21.02c W  21.57c S   0.00c ( +1.2 L  +0.8) LCB    1.54c P  0.53% WF  15.4 PSV       2 N       6  --  F16 F3 H3 O17

2026-01-02 11:12:40+0800: = R17
2026-01-02 11:12:44+0800: Controller: play b R16
2026-01-02 11:12:44+0800: = 
2026-01-02 11:12:44+0800: Controller: genmove w
2026-01-02 11:12:49+0800: MoveNum: 7 HASH: 2EB5C6E5E6EA5F8EA11FE31889070ABE
   A B C D E F G H J K L M N O P Q R S T
19 . . . . . . . . . . . . . . . . . . .
18 . . . . . . . . . . . . . . . . . . .
17 . . . . . . . . . . . . . . . @ O2. .
16 . . . O . . . . . . . . . . . X X3. .
15 . . . . . . . . . . . . . . . . . . .
14 . . . . . . . . . . . . . . . . . . .
13 . . . . . . . . . . . . . . . . . . .
12 . . . . . . . . . . . . . . . . . . .
11 . . . . . . . . . . . . . . . . . . .
10 . . . . . . . . . . . . . . . . . . .
 9 . . . . . . . . . . . . . . . . . . .
 8 . . . . . . . . . . . . . . . . . . .
 7 . . . . . . . . . . . . . . . . . . .
 6 . . . . . . . . . . . . . . . . . . .
 5 . . . . . . . . . . . . . . . . . . .
 4 . . . O . . . . . . . . . . . X . . .
 3 . . . . . . . . . . . . . X1. . . . .
 2 . . . . . . . . . . . . . . . . . . .
 1 . . . . . . . . . . . . . . . . . . .

koSIMPLEscoreAREAtaxNONEsui0whbNfpok1komi7.5
Time taken: 5.015
Root visits: 7742
New playouts: 3305
NN rows: 2276
NN batches: 285
NN avg batch size: 7.98596
PV: Q17 O17 O18 N18 P17 O16 P16 P15 O15 P14 S16 S15 S17 R14 M16 M17 N15 P18 Q15 R15 N17 O19 N16 O18 M18
Tree:
: T  28.83c W  28.39c S   0.56c ( +1.7 L  +1.2) N    7742  --  Q17 O17 O18 N18 P17 O16 P16
---White(^)---
Q17 : T  28.84c W  28.40c S   0.56c ( +1.7 L  +1.2) LCB   28.39c P 98.20% WF 14951.2 PSV   14951 N    7735  --  Q17 O17 O18 N18 P17 O16 P16 P15
P4  : T  16.25c W  17.07c S  -0.50c ( +0.7 L  +0.5) LCB -132.81c P  0.48% WF   4.1 PSV       3 N       2  --  P4 P3
R4  : T   7.98c W   9.16c S  -1.17c ( +0.1 L  +0.1) LCB -342.02c P  0.16% WF   1.8 PSV       0 N       1  --  R4
Q5  : T   7.80c W   9.15c S  -1.35c ( -0.1 L  -0.0) LCB -342.20c P  0.13% WF   1.8 PSV       0 N       1  --  Q5
Q3  : T   8.74c W   9.96c S  -1.22c ( +0.0 L  +0.1) LCB -341.26c P  0.12% WF   1.7 PSV       0 N       1  --  Q3

2026-01-02 11:12:49+0800: = Q17
2026-01-02 11:13:02+0800: Controller: showboard
2026-01-02 11:13:02+0800: = MoveNum: 8 HASH: 407E2EAA5EB1E1B33D282BE87517D01B
   A B C D E F G H J K L M N O P Q R S T
19 . . . . . . . . . . . . . . . . . . .
18 . . . . . . . . . . . . . . . . . . .
17 . . . . . . . . . . . . . . . O3O1. .
16 . . . O . . . . . . . . . . . X X2. .
15 . . . . . . . . . . . . . . . . . . .
14 . . . . . . . . . . . . . . . . . . .
13 . . . . . . . . . . . . . . . . . . .
12 . . . . . . . . . . . . . . . . . . .
11 . . . . . . . . . . . . . . . . . . .
10 . . . . . . . . . . . . . . . . . . .
 9 . . . . . . . . . . . . . . . . . . .
 8 . . . . . . . . . . . . . . . . . . .
 7 . . . . . . . . . . . . . . . . . . .
 6 . . . . . . . . . . . . . . . . . . .
 5 . . . . . . . . . . . . . . . . . . .
 4 . . . O . . . . . . . . . . . X . . .
 3 . . . . . . . . . . . . . X . . . . .
 2 . . . . . . . . . . . . . . . . . . .
 1 . . . . . . . . . . . . . . . . . . .
Next player: Black
Rules: {"friendlyPassOk":true,"hasButton":false,"ko":"SIMPLE","komi":7.5,"scoring":"AREA","suicide":false,"tax":"NONE","whiteHandicapBonus":"N"}
B stones captured: 0
W stones captured: 0
2026-01-02 11:19:34+0800: Controller: play b P17
2026-01-02 11:19:34+0800: = 
2026-01-02 11:19:34+0800: Controller: genmove w
2026-01-02 11:19:39+0800: MoveNum: 9 HASH: 968933C4C118964599EEABDE116260E5
   A B C D E F G H J K L M N O P Q R S T
19 . . . . . . . . . . . . . . . . . . .
18 . . . . . . . . . . . . . . @ . . . .
17 . . . . . . . . . . . . . . X3O2O . .
16 . . . O . . . . . . . . . . . X X1. .
15 . . . . . . . . . . . . . . . . . . .
14 . . . . . . . . . . . . . . . . . . .
13 . . . . . . . . . . . . . . . . . . .
12 . . . . . . . . . . . . . . . . . . .
11 . . . . . . . . . . . . . . . . . . .
10 . . . . . . . . . . . . . . . . . . .
 9 . . . . . . . . . . . . . . . . . . .
 8 . . . . . . . . . . . . . . . . . . .
 7 . . . . . . . . . . . . . . . . . . .
 6 . . . . . . . . . . . . . . . . . . .
 5 . . . . . . . . . . . . . . . . . . .
 4 . . . O . . . . . . . . . . . X . . .
 3 . . . . . . . . . . . . . X . . . . .
 2 . . . . . . . . . . . . . . . . . . .
 1 . . . . . . . . . . . . . . . . . . .

koSIMPLEscoreAREAtaxNONEsui0whbNfpok1komi7.5
Time taken: 5.297
Root visits: 3184
New playouts: 3132
NN rows: 2337
NN batches: 293
NN avg batch size: 7.97611
PV: P18 O17 O18 N17 R9 C3 C4 D3 F3 E3 E4 F2 G3 G2 H3 R11 R6 R5 Q6 C16 C17 C15 D17 C12 D14
Tree:
: T  32.84c W  32.32c S   0.69c ( +2.0 L  +1.3) N    3184  --  P18 O17 O18 N17 R9 C3 C4
---White(^)---
P18 : T  32.98c W  32.45c S   0.70c ( +2.0 L  +1.3) LCB   32.64c P 98.35% WF 7502.9 PSV    7499 N    3162  --  P18 O17 O18 N17 R9 C3 C4 D3
P4  : T  16.98c W  17.41c S  -0.43c ( +0.9 L  +0.6) LCB -333.02c P  0.59% WF   1.9 PSV       1 N       1  --  P4
S16 : T  20.84c W  21.03c S  -0.19c ( +1.1 L  +0.7) LCB -329.16c P  0.16% WF   2.4 PSV       0 N       1  --  S16
P3  : T   6.37c W   7.74c S  -1.36c ( +0.0 L  -0.1) LCB -343.63c P  0.13% WF   1.6 PSV       0 N       1  --  P3
R4  : T   3.75c W   5.41c S  -1.66c ( -0.3 L  -0.2) LCB -346.25c P  0.05% WF   1.5 PSV       0 N       1  --  R4
P16 : T   2.11c W   3.53c S  -1.42c ( -0.1 L  -0.1) LCB -347.89c P  0.05% WF   1.6 PSV       0 N       1  --  P16
Q3  : T  -1.76c W   0.37c S  -2.13c ( -0.8 L  -0.4) LCB -351.76c P  0.04% WF   1.4 PSV       0 N       1  --  Q3
Q5  : T   3.78c W   5.42c S  -1.64c ( -0.3 L  -0.2) LCB -346.22c P  0.04% WF   1.5 PSV       0 N       1  --  Q5
R3  : T  -1.02c W   1.05c S  -2.07c ( -0.7 L  -0.4) LCB -351.02c P  0.04% WF   1.6 PSV       0 N       1  --  R3
R5  : T  -3.87c W  -1.65c S  -2.22c ( -0.8 L  -0.6) LCB -353.87c P  0.02% WF   1.4 PSV       0 N       1  --  R5

2026-01-02 11:19:39+0800: = P18
2026-01-02 11:19:40+0800: Controller: showboard
2026-01-02 11:19:40+0800: = MoveNum: 10 HASH: 3D02B0723145167B447E3469AAF9257B
   A B C D E F G H J K L M N O P Q R S T
19 . . . . . . . . . . . . . . . . . . .
18 . . . . . . . . . . . . . . O3. . . .
17 . . . . . . . . . . . . . . X2O1O . .
16 . . . O . . . . . . . . . . . X X . .
15 . . . . . . . . . . . . . . . . . . .
14 . . . . . . . . . . . . . . . . . . .
13 . . . . . . . . . . . . . . . . . . .
12 . . . . . . . . . . . . . . . . . . .
11 . . . . . . . . . . . . . . . . . . .
10 . . . . . . . . . . . . . . . . . . .
 9 . . . . . . . . . . . . . . . . . . .
 8 . . . . . . . . . . . . . . . . . . .
 7 . . . . . . . . . . . . . . . . . . .
 6 . . . . . . . . . . . . . . . . . . .
 5 . . . . . . . . . . . . . . . . . . .
 4 . . . O . . . . . . . . . . . X . . .
 3 . . . . . . . . . . . . . X . . . . .
 2 . . . . . . . . . . . . . . . . . . .
 1 . . . . . . . . . . . . . . . . . . .
Next player: Black
Rules: {"friendlyPassOk":true,"hasButton":false,"ko":"SIMPLE","komi":7.5,"scoring":"AREA","suicide":false,"tax":"NONE","whiteHandicapBonus":"N"}
B stones captured: 0
W stones captured: 0
