2026-01-02 06:56:17+0800: Running with following config:
allowResignation = true
friendlyPassOk = true
hasButton = false
koRule = SIMPLE
lagBuffer = 1.0
logAllGTPCommunication = true
logDir = gtp_logs
logSearchInfo = true
logSearchInfoForChosenMove = false
logToStderr = false
maxTimePondering = 60.0
multiStoneSuicideLegal = false
nnCacheSizePowerOfTwo = 20
nnMutexPoolSizePowerOfTwo = 16
numNNServerThreadsPerModel = 1
numSearchThreads = 16
openclDeviceToUseThread0 = 0
ponderingEnabled = true
resignConsecTurns = 3
resignThreshold = -0.90
scoringRule = AREA
searchFactorAfterOnePass = 0.50
searchFactorAfterTwoPass = 0.25
searchFactorWhenWinning = 0.40
searchFactorWhenWinningThreshold = 0.95
taxRule = NONE
whiteHandicapBonus = N

2026-01-02 06:56:17+0800: GTP Engine starting...
2026-01-02 06:56:17+0800: KataGo v1.16.0
2026-01-02 06:56:17+0800: Using Chinese rules initially, unless GTP/GUI overrides this
2026-01-02 06:56:17+0800: Using 16 CPU thread(s) for search
2026-01-02 06:56:17+0800: nnRandSeed0 = 1263008968195825364
2026-01-02 06:56:17+0800: After dedups: nnModelFile0 = F:\KaTrain\_internal\katrain\models\kata1-b18c384nbt-s9996604416-d4316597426.bin.gz useFP16 auto useNHWC auto
2026-01-02 06:56:17+0800: Initializing neural net buffer to be size 19 * 19 exactly
2026-01-02 06:56:18+0800: Found OpenCL Platform 0: NVIDIA CUDA (NVIDIA Corporation) (OpenCL 3.0 CUDA 13.0.84)
2026-01-02 06:56:18+0800: Found 1 device(s) on platform 0 with type CPU or GPU or Accelerator
2026-01-02 06:56:18+0800: Found OpenCL Platform 1: AMD Accelerated Parallel Processing (Advanced Micro Devices, Inc.) (OpenCL 2.1 AMD-APP (3617.0))
2026-01-02 06:56:18+0800: Found 1 device(s) on platform 1 with type CPU or GPU or Accelerator
2026-01-02 06:56:18+0800: Found OpenCL Device 0: NVIDIA GeForce RTX 4060 Laptop GPU (NVIDIA Corporation) (score 11000300)
2026-01-02 06:56:18+0800: Found OpenCL Device 1: gfx1036 (Advanced Micro Devices, Inc.) (score 11000200)
2026-01-02 06:56:18+0800: Creating context for OpenCL Platform: NVIDIA CUDA (NVIDIA Corporation) (OpenCL 3.0 CUDA 13.0.84)
2026-01-02 06:56:18+0800: Using OpenCL Device 0: NVIDIA GeForce RTX 4060 Laptop GPU (NVIDIA Corporation) OpenCL 3.0 CUDA (Extensions: cl_khr_global_int32_base_atomics cl_khr_global_int32_extended_atomics cl_khr_local_int32_base_atomics cl_khr_local_int32_extended_atomics cl_khr_fp64 cl_khr_3d_image_writes cl_khr_byte_addressable_store cl_khr_icd cl_khr_gl_sharing cl_nv_compiler_options cl_nv_device_attribute_query cl_nv_pragma_unroll cl_nv_d3d10_sharing cl_khr_d3d10_sharing cl_nv_d3d11_sharing cl_nv_copy_opts cl_nv_create_buffer cl_khr_int64_base_atomics cl_khr_int64_extended_atomics cl_khr_device_uuid cl_khr_pci_bus_info cl_khr_external_semaphore cl_khr_external_memory cl_khr_external_semaphore_win32 cl_khr_external_memory_win32 cl_khr_semaphore)
2026-01-02 06:56:18+0800: Loaded tuning parameters from: F:\KaTrain\_internal\katrain\KataGo/KataGoData/opencltuning/tune11_gpuNVIDIAGeForceRTX4060LaptopGPU_x19_y19_c384_mv14.txt
2026-01-02 06:56:18+0800: OpenCL backend thread 0: Device 0 Model version 14
2026-01-02 06:56:18+0800: OpenCL backend thread 0: Device 0 Model name: kata1-b18c384nbt-s9996604416-d4316597426
2026-01-02 06:56:19+0800: OpenCL backend thread 0: Device 0 FP16Storage true FP16Compute false FP16TensorCores true FP16TensorCoresFor1x1 false
2026-01-02 06:56:19+0800: Loaded neural net with nnXLen 19 nnYLen 19
2026-01-02 06:56:19+0800: Initializing board with boardXSize 19 boardYSize 19
2026-01-02 06:56:19+0800: Loaded config F:\KaTrain\_internal\katrain\KataGo\genconfig.cfg
2026-01-02 06:56:19+0800: Loaded model F:\KaTrain\_internal\katrain\models\kata1-b18c384nbt-s9996604416-d4316597426.bin.gz
2026-01-02 06:56:19+0800: Model name: kata1-b18c384nbt-s9996604416-d4316597426
2026-01-02 06:56:19+0800: GTP ready, beginning main protocol loop
2026-01-02 06:56:19+0800: Controller: version
2026-01-02 06:56:19+0800: = 1.16.0+b18c384nbt-s9996M
2026-01-02 06:56:19+0800: Controller: clear_board
2026-01-02 06:56:19+0800: = 
2026-01-02 06:56:26+0800: Controller: play b Q16
2026-01-02 06:56:26+0800: = 
2026-01-02 06:56:26+0800: Controller: genmove w
2026-01-02 06:56:32+0800: MoveNum: 1 HASH: D787FAD66281F76731DCD9C1B3387463
   A B C D E F G H J K L M N O P Q R S T
19 . . . . . . . . . . . . . . . . . . .
18 . . . . . . . . . . . . . . . . . . .
17 . . . . . . . . . . . . . . . . . . .
16 . . . . . . . . . . . . . . . X1. . .
15 . . . . . . . . . . . . . . . . . . .
14 . . . . . . . . . . . . . . . . . . .
13 . . . . . . . . . . . . . . . . . . .
12 . . . . . . . . . . . . . . . . . . .
11 . . . . . . . . . . . . . . . . . . .
10 . . . . . . . . . . . . . . . . . . .
 9 . . . . . . . . . . . . . . . . . . .
 8 . . . . . . . . . . . . . . . . . . .
 7 . . . . . . . . . . . . . . . . . . .
 6 . . . . . . . . . . . . . . . . . . .
 5 . . . . . . . . . . . . . . . . . . .
 4 . . . @ . . . . . . . . . . . . . . .
 3 . . . . . . . . . . . . . . . . . . .
 2 . . . . . . . . . . . . . . . . . . .
 1 . . . . . . . . . . . . . . . . . . .

koSIMPLEscoreAREAtaxNONEsui0whbNfpok1komi7.5
Time taken: 5.109
Root visits: 3368
New playouts: 3368
NN rows: 2183
NN batches: 273
NN avg batch size: 7.99634
PV: D4 Q4 D16 F3 R17 Q17 R16 Q15 S14 C6 F4 G4 F5 D3 C3 E3 C4 D7 C9 F7
Tree:
: T  24.69c W  24.55c S   0.51c ( +1.4 L  +1.0) N    3368  --  D4 Q4 D16 F3 R17 Q17 R16
---White(^)---
D4  : T  24.93c W  24.80c S   0.53c ( +1.4 L  +1.0) LCB   24.64c P 49.86% WF 5336.1 PSV    5326 N    1949  --  D4 Q4 D16 F3 R17 Q17 R16 Q15
D16 : T  24.84c W  24.70c S   0.51c ( +1.4 L  +1.0) LCB   24.48c P 18.05% WF 3507.6 PSV    1620 N    1280  --  D16 Q4 D4 F3 R17 Q17 R16 Q15
C4  : T  20.98c W  21.12c S   0.29c ( +1.2 L  +0.8) LCB   18.06c P  1.48% WF  46.1 PSV      16 N      18  --  C4 Q4 D16 E3 R17 Q17 R16
D17 : T  21.94c W  21.41c S   0.31c ( +1.2 L  +0.8) LCB   19.35c P  1.08% WF  72.9 PSV      15 N      28  --  D17 D4 Q4 C15 E16 R3 Q3 R4
C16 : T  21.16c W  20.92c S   0.26c ( +1.2 L  +0.8) LCB   17.56c P  1.21% WF  44.3 PSV      13 N      17  --  C16 Q4 D4 E17 R3 D15 C15
C3  : T  20.37c W  19.95c S   0.14c ( +1.1 L  +0.7) LCB   17.46c P  0.90% WF  41.6 PSV       8 N      17  --  C3 C16 Q4 R3 R4
C17 : T  20.64c W  20.02c S   0.15c ( +1.1 L  +0.7) LCB   16.44c P  0.71% WF  34.6 PSV       7 N      14  --  C17 Q3 D4 C3 C4 D3
R17 : T  16.90c W  17.56c S   0.01c ( +0.9 L  +0.6) LCB    7.53c P  0.21% WF  21.0 PSV       1 N      10  --  R17 Q17 R16 Q15 S14 Q4
D5  : T  16.54c W  16.16c S  -0.22c ( +0.7 L  +0.5) LCB    2.14c P  0.16% WF  16.8 PSV       0 N       7  --  D5 D16 Q4
E16 : T  15.71c W  15.73c S  -0.24c ( +0.7 L  +0.5) LCB    0.83c P  0.13% WF  17.1 PSV       0 N       7  --  E16 D4 Q4 C16

2026-01-02 06:56:32+0800: = D4
2026-01-02 06:56:37+0800: Controller: play b D16
2026-01-02 06:56:37+0800: = 
2026-01-02 06:56:37+0800: Controller: genmove w
2026-01-02 06:56:43+0800: MoveNum: 3 HASH: CCE40E9DC84920AF1C107F650481D849
   A B C D E F G H J K L M N O P Q R S T
19 . . . . . . . . . . . . . . . . . . .
18 . . . . . . . . . . . . . . . . . . .
17 . . . . . . . . . . . . . . . . . . .
16 . . . X3. . . . . . . . . . . X1. . .
15 . . . . . . . . . . . . . . . . . . .
14 . . . . . . . . . . . . . . . . . . .
13 . . . . . . . . . . . . . . . . . . .
12 . . . . . . . . . . . . . . . . . . .
11 . . . . . . . . . . . . . . . . . . .
10 . . . . . . . . . . . . . . . . . . .
 9 . . . . . . . . . . . . . . . . . . .
 8 . . . . . . . . . . . . . . . . . . .
 7 . . . . . . . . . . . . . . . . . . .
 6 . . . . . . . . . . . . . . . . . . .
 5 . . . . . . . . . . . . . . . . . . .
 4 . . . O2. . . . . . . . . . . @ . . .
 3 . . . . . . . . . . . . . . . . . . .
 2 . . . . . . . . . . . . . . . . . . .
 1 . . . . . . . . . . . . . . . . . . .

koSIMPLEscoreAREAtaxNONEsui0whbNfpok1komi7.5
Time taken: 5.016
Root visits: 2776
New playouts: 2776
NN rows: 2326
NN batches: 292
NN avg batch size: 7.96575
PV: Q4 C6 R17 R16 Q17 P16 P17 O17 O18 O3 C5 D6 F4 D10 J3 H5 K4 R3
Tree:
: T  24.16c W  24.06c S   0.41c ( +1.4 L  +0.9) N    2776  --  Q4 C6 R17 R16 Q17 P16 P17
---White(^)---
Q4  : T  24.24c W  24.14c S   0.41c ( +1.4 L  +1.0) LCB   23.94c P 84.43% WF 7094.3 PSV    7091 N    2686  --  Q4 C6 R17 R16 Q17 P16 P17 O17
R4  : T  22.11c W  22.27c S   0.33c ( +1.3 L  +0.8) LCB   20.27c P  5.44% WF 101.0 PSV      86 N      40  --  R4 C3 D3 C4 D5 C6 D6 C7
Q3  : T  22.49c W  22.29c S   0.31c ( +1.3 L  +0.9) LCB   20.98c P  4.17% WF  92.5 PSV      77 N      37  --  Q3 R5 C17 C16 D17 F17 E17 E16
R3  : T  17.27c W  16.84c S  -0.09c ( +0.9 L  +0.7) LCB -132.28c P  0.94% WF   4.7 PSV       5 N       2  --  R3 C3
C17 : T  18.41c W  21.27c S   0.38c ( +1.3 L  +0.8) LCB -130.78c P  0.48% WF   4.5 PSV       3 N       2  --  C17 C16
R17 : T  16.87c W  18.86c S   0.21c ( +1.2 L  +0.8) LCB -132.23c P  0.41% WF   4.5 PSV       2 N       2  --  R17 R16
Q5  : T  13.47c W  13.97c S  -0.50c ( +0.5 L  +0.3) LCB -336.53c P  0.44% WF   2.5 PSV       1 N       1  --  Q5
P4  : T  11.66c W  12.28c S  -0.62c ( +0.3 L  +0.3) LCB -338.34c P  0.43% WF   2.4 PSV       1 N       1  --  P4
R5  : T  14.41c W  14.74c S  -0.33c ( +0.6 L  +0.4) LCB -335.59c P  0.40% WF   2.3 PSV       1 N       1  --  R5
P3  : T  12.45c W  12.86c S  -0.41c ( +0.5 L  +0.5) LCB -337.55c P  0.25% WF   2.3 PSV       0 N       1  --  P3

2026-01-02 06:56:43+0800: = Q4
