2026-01-02 05:41:07+0800: Running with following config:
allowResignation = true
friendlyPassOk = true
hasButton = false
koRule = SIMPLE
lagBuffer = 1.0
logAllGTPCommunication = true
logDir = gtp_logs
logSearchInfo = true
logSearchInfoForChosenMove = false
logToStderr = false
multiStoneSuicideLegal = false
nnCacheSizePowerOfTwo = 20
nnMutexPoolSizePowerOfTwo = 16
numNNServerThreadsPerModel = 1
numSearchThreads = 16
openclDeviceToUseThread0 = 0
ponderingEnabled = true
resignConsecTurns = 3
resignThreshold = -0.90
scoringRule = AREA
searchFactorAfterOnePass = 0.50
searchFactorAfterTwoPass = 0.25
searchFactorWhenWinning = 0.40
searchFactorWhenWinningThreshold = 0.95
taxRule = NONE
whiteHandicapBonus = N

2026-01-02 05:41:07+0800: GTP Engine starting...
2026-01-02 05:41:07+0800: KataGo v1.16.0
2026-01-02 05:41:07+0800: Using Chinese rules initially, unless GTP/GUI overrides this
2026-01-02 05:41:07+0800: Using 16 CPU thread(s) for search
2026-01-02 05:41:07+0800: nnRandSeed0 = 3550765679823139007
2026-01-02 05:41:07+0800: After dedups: nnModelFile0 = F:\KaTrain\_internal\katrain\models\kata1-b18c384nbt-s9996604416-d4316597426.bin.gz useFP16 auto useNHWC auto
2026-01-02 05:41:07+0800: Initializing neural net buffer to be size 19 * 19 exactly
2026-01-02 05:41:08+0800: Found OpenCL Platform 0: NVIDIA CUDA (NVIDIA Corporation) (OpenCL 3.0 CUDA 13.0.84)
2026-01-02 05:41:08+0800: Found 1 device(s) on platform 0 with type CPU or GPU or Accelerator
2026-01-02 05:41:08+0800: Found OpenCL Platform 1: AMD Accelerated Parallel Processing (Advanced Micro Devices, Inc.) (OpenCL 2.1 AMD-APP (3617.0))
2026-01-02 05:41:08+0800: Found 1 device(s) on platform 1 with type CPU or GPU or Accelerator
2026-01-02 05:41:08+0800: Found OpenCL Device 0: NVIDIA GeForce RTX 4060 Laptop GPU (NVIDIA Corporation) (score 11000300)
2026-01-02 05:41:08+0800: Found OpenCL Device 1: gfx1036 (Advanced Micro Devices, Inc.) (score 11000200)
2026-01-02 05:41:08+0800: Creating context for OpenCL Platform: NVIDIA CUDA (NVIDIA Corporation) (OpenCL 3.0 CUDA 13.0.84)
2026-01-02 05:41:08+0800: Using OpenCL Device 0: NVIDIA GeForce RTX 4060 Laptop GPU (NVIDIA Corporation) OpenCL 3.0 CUDA (Extensions: cl_khr_global_int32_base_atomics cl_khr_global_int32_extended_atomics cl_khr_local_int32_base_atomics cl_khr_local_int32_extended_atomics cl_khr_fp64 cl_khr_3d_image_writes cl_khr_byte_addressable_store cl_khr_icd cl_khr_gl_sharing cl_nv_compiler_options cl_nv_device_attribute_query cl_nv_pragma_unroll cl_nv_d3d10_sharing cl_khr_d3d10_sharing cl_nv_d3d11_sharing cl_nv_copy_opts cl_nv_create_buffer cl_khr_int64_base_atomics cl_khr_int64_extended_atomics cl_khr_device_uuid cl_khr_pci_bus_info cl_khr_external_semaphore cl_khr_external_memory cl_khr_external_semaphore_win32 cl_khr_external_memory_win32 cl_khr_semaphore)
2026-01-02 05:41:08+0800: Loaded tuning parameters from: F:\KaTrain\_internal\katrain\KataGo/KataGoData/opencltuning/tune11_gpuNVIDIAGeForceRTX4060LaptopGPU_x19_y19_c384_mv14.txt
2026-01-02 05:41:08+0800: OpenCL backend thread 0: Device 0 Model version 14
2026-01-02 05:41:08+0800: OpenCL backend thread 0: Device 0 Model name: kata1-b18c384nbt-s9996604416-d4316597426
2026-01-02 05:41:09+0800: OpenCL backend thread 0: Device 0 FP16Storage true FP16Compute false FP16TensorCores true FP16TensorCoresFor1x1 false
2026-01-02 05:41:09+0800: Loaded neural net with nnXLen 19 nnYLen 19
2026-01-02 05:41:09+0800: Initializing board with boardXSize 19 boardYSize 19
2026-01-02 05:41:09+0800: Loaded config F:\KaTrain\_internal\katrain\KataGo\genconfig.cfg
2026-01-02 05:41:09+0800: Loaded model F:\KaTrain\_internal\katrain\models\kata1-b18c384nbt-s9996604416-d4316597426.bin.gz
2026-01-02 05:41:09+0800: Model name: kata1-b18c384nbt-s9996604416-d4316597426
2026-01-02 05:41:09+0800: GTP ready, beginning main protocol loop
2026-01-02 05:41:09+0800: Controller: version
2026-01-02 05:41:09+0800: = 1.16.0+b18c384nbt-s9996M
2026-01-02 05:41:09+0800: Controller: clear_board
2026-01-02 05:41:09+0800: = 
2026-01-02 05:41:14+0800: Controller: play b Q16
2026-01-02 05:41:14+0800: = 
2026-01-02 05:41:15+0800: Controller: genmove w
2026-01-02 05:41:20+0800: MoveNum: 1 HASH: D787FAD66281F76731DCD9C1B3387463
   A B C D E F G H J K L M N O P Q R S T
19 . . . . . . . . . . . . . . . . . . .
18 . . . . . . . . . . . . . . . . . . .
17 . . . . . . . . . . . . . . . . . . .
16 . . . @ . . . . . . . . . . . X1. . .
15 . . . . . . . . . . . . . . . . . . .
14 . . . . . . . . . . . . . . . . . . .
13 . . . . . . . . . . . . . . . . . . .
12 . . . . . . . . . . . . . . . . . . .
11 . . . . . . . . . . . . . . . . . . .
10 . . . . . . . . . . . . . . . . . . .
 9 . . . . . . . . . . . . . . . . . . .
 8 . . . . . . . . . . . . . . . . . . .
 7 . . . . . . . . . . . . . . . . . . .
 6 . . . . . . . . . . . . . . . . . . .
 5 . . . . . . . . . . . . . . . . . . .
 4 . . . . . . . . . . . . . . . . . . .
 3 . . . . . . . . . . . . . . . . . . .
 2 . . . . . . . . . . . . . . . . . . .
 1 . . . . . . . . . . . . . . . . . . .

koSIMPLEscoreAREAtaxNONEsui0whbNfpok1komi7.5
Time taken: 5.032
Root visits: 3065
New playouts: 3065
NN rows: 2131
NN batches: 267
NN avg batch size: 7.98127
PV: D16 Q4 D4 F17 R3 Q3 R4 Q5 S6 C14 D14 D13 E14 C16 C17 C15 D17 J17 H16 H17 D11 E11 B12 C13 D10
Tree:
: T  24.71c W  24.53c S   0.51c ( +1.4 L  +1.0) N    3065  --  D16 Q4 D4 F17 R3 Q3 R4
---White(^)---
D16 : T  25.06c W  24.80c S   0.52c ( +1.4 L  +1.0) LCB   24.70c P 18.05% WF 3177.5 PSV    9549 N    1151  --  D16 Q4 D4 F17 R3 Q3 R4 Q5
D4  : T  24.84c W  24.71c S   0.52c ( +1.4 L  +1.0) LCB   24.53c P 49.86% WF 4870.1 PSV    4871 N    1775  --  D4 D16 Q4 R6 C17 C16 D17 E16
D17 : T  22.81c W  21.64c S   0.37c ( +1.3 L  +0.9) LCB   19.26c P  1.08% WF  52.3 PSV      19 N      20  --  D17 D4 Q4 C15 E16 R3 Q3 R4
C4  : T  21.78c W  21.60c S   0.32c ( +1.2 L  +0.9) LCB   18.51c P  1.48% WF  48.8 PSV      18 N      19  --  C4 Q4 D16 E3 R17 Q17 R16
C16 : T  21.56c W  21.24c S   0.27c ( +1.2 L  +0.9) LCB   19.05c P  1.21% WF  64.9 PSV      14 N      25  --  C16 Q4 D4 E17 R3 Q3 R4 R6
C3  : T  20.89c W  20.32c S   0.14c ( +1.1 L  +0.7) LCB   18.06c P  0.90% WF  44.6 PSV       9 N      18  --  C3 C16 Q4 R3 R4
C17 : T  20.30c W  19.95c S   0.16c ( +1.1 L  +0.8) LCB   16.68c P  0.71% WF  37.4 PSV       6 N      15  --  C17 R4 D4 P4
R17 : T  17.19c W  17.84c S   0.01c ( +0.9 L  +0.6) LCB    3.35c P  0.21% WF  16.8 PSV       1 N       8  --  R17 Q17 R16 Q15 S14 Q4
D5  : T  16.15c W  15.72c S  -0.23c ( +0.7 L  +0.5) LCB    1.47c P  0.16% WF  16.7 PSV       0 N       7  --  D5 Q4 D16
E16 : T  15.42c W  15.24c S  -0.25c ( +0.7 L  +0.5) LCB   -4.36c P  0.13% WF  14.6 PSV       0 N       6  --  E16 D4 Q4 C17

2026-01-02 05:41:20+0800: = D16
2026-01-02 05:41:22+0800: Controller: play b Q4
2026-01-02 05:41:22+0800: = 
2026-01-02 05:41:22+0800: Controller: genmove w
2026-01-02 05:41:27+0800: MoveNum: 3 HASH: 2B0ED18FD324E19076B676A4F6539D02
   A B C D E F G H J K L M N O P Q R S T
19 . . . . . . . . . . . . . . . . . . .
18 . . . . . . . . . . . . . . . . . . .
17 . . . . . . . . . . . . . . . . . . .
16 . . . O2. . . . . . . . . . . X1. . .
15 . . . . . . . . . . . . . . . . . . .
14 . . . . . . . . . . . . . . . . . . .
13 . . . . . . . . . . . . . . . . . . .
12 . . . . . . . . . . . . . . . . . . .
11 . . . . . . . . . . . . . . . . . . .
10 . . . . . . . . . . . . . . . . . . .
 9 . . . . . . . . . . . . . . . . . . .
 8 . . . . . . . . . . . . . . . . . . .
 7 . . . . . . . . . . . . . . . . . . .
 6 . . . . . . . . . . . . . . . . . . .
 5 . . . . . . . . . . . . . . . . . . .
 4 . . . @ . . . . . . . . . . . X3. . .
 3 . . . . . . . . . . . . . . . . . . .
 2 . . . . . . . . . . . . . . . . . . .
 1 . . . . . . . . . . . . . . . . . . .

koSIMPLEscoreAREAtaxNONEsui0whbNfpok1komi7.5
Time taken: 5.062
Root visits: 3745
New playouts: 2397
NN rows: 2180
NN batches: 269
NN avg batch size: 8.10409
PV: D4 F17 R3 Q3 R4 Q5 R5 R6 S6 C3 C4 D3 F3 F2 G3 E3 E4 G2 H3 C14 D14 D13
Tree:
: T  24.23c W  24.10c S   0.42c ( +1.4 L  +1.0) N    3745  --  D4 F17 R3 Q3 R4 Q5 R5
---White(^)---
D4  : T  24.29c W  24.16c S   0.42c ( +1.4 L  +1.0) LCB   24.03c P 83.65% WF 9495.2 PSV    9491 N    3654  --  D4 F17 R3 Q3 R4 Q5 R5 R6
D3  : T  21.94c W  22.15c S   0.33c ( +1.3 L  +0.8) LCB   20.57c P  5.37% WF 106.3 PSV      98 N      42  --  D3 C17 C16 D17 E16 F17 R3 Q3
C4  : T  21.85c W  21.81c S   0.29c ( +1.2 L  +0.9) LCB   20.14c P  4.59% WF  87.2 PSV      81 N      35  --  C4 E3 R17 Q17 R16 R14 R15 Q15
C3  : T  20.10c W  18.99c S   0.12c ( +1.1 L  +0.7) LCB  -23.02c P  0.90% WF   9.6 PSV       9 N       4  --  C3 C17 D17 C16
R17 : T  18.60c W  19.94c S   0.29c ( +1.2 L  +0.8) LCB -131.21c P  0.60% WF   4.5 PSV       5 N       2  --  R17 Q17
R3  : T  17.01c W  18.59c S   0.15c ( +1.1 L  +0.7) LCB -133.04c P  0.48% WF   4.5 PSV       3 N       2  --  R3 Q3
E4  : T  13.53c W  14.02c S  -0.49c ( +0.5 L  +0.3) LCB -336.47c P  0.49% WF   2.5 PSV       2 N       1  --  E4
D5  : T  13.60c W  14.05c S  -0.45c ( +0.5 L  +0.4) LCB -336.40c P  0.46% WF   2.4 PSV       2 N       1  --  D5
E3  : T  13.75c W  14.09c S  -0.34c ( +0.6 L  +0.4) LCB -336.25c P  0.40% WF   2.3 PSV       1 N       1  --  E3
C5  : T  11.66c W  12.14c S  -0.48c ( +0.5 L  +0.4) LCB -338.34c P  0.27% WF   2.3 PSV       1 N       1  --  C5

2026-01-02 05:41:27+0800: = D4
2026-01-02 05:41:31+0800: Controller: undo
2026-01-02 05:41:31+0800: = 
