2026-01-02 11:05:27+0800: Running with following config:
allowResignation = true
friendlyPassOk = true
hasButton = false
koRule = SIMPLE
lagBuffer = 1.0
logAllGTPCommunication = true
logDir = gtp_logs
logSearchInfo = true
logSearchInfoForChosenMove = false
logToStderr = false
maxTimePondering = 60.0
multiStoneSuicideLegal = false
nnCacheSizePowerOfTwo = 20
nnMutexPoolSizePowerOfTwo = 16
numNNServerThreadsPerModel = 1
numSearchThreads = 16
openclDeviceToUseThread0 = 0
ponderingEnabled = true
resignConsecTurns = 3
resignThreshold = -0.90
scoringRule = AREA
searchFactorAfterOnePass = 0.50
searchFactorAfterTwoPass = 0.25
searchFactorWhenWinning = 0.40
searchFactorWhenWinningThreshold = 0.95
taxRule = NONE
whiteHandicapBonus = N

2026-01-02 11:05:27+0800: GTP Engine starting...
2026-01-02 11:05:27+0800: KataGo v1.16.0
2026-01-02 11:05:27+0800: Using Chinese rules initially, unless GTP/GUI overrides this
2026-01-02 11:05:27+0800: Using 16 CPU thread(s) for search
2026-01-02 11:05:27+0800: nnRandSeed0 = 9010867712652554034
2026-01-02 11:05:27+0800: After dedups: nnModelFile0 = F:\KaTrain\_internal\katrain\models\kata1-b18c384nbt-s9996604416-d4316597426.bin.gz useFP16 auto useNHWC auto
2026-01-02 11:05:27+0800: Initializing neural net buffer to be size 19 * 19 exactly
2026-01-02 11:05:28+0800: Found OpenCL Platform 0: NVIDIA CUDA (NVIDIA Corporation) (OpenCL 3.0 CUDA 13.0.84)
2026-01-02 11:05:28+0800: Found 1 device(s) on platform 0 with type CPU or GPU or Accelerator
2026-01-02 11:05:28+0800: Found OpenCL Platform 1: AMD Accelerated Parallel Processing (Advanced Micro Devices, Inc.) (OpenCL 2.1 AMD-APP (3617.0))
2026-01-02 11:05:28+0800: Found 1 device(s) on platform 1 with type CPU or GPU or Accelerator
2026-01-02 11:05:28+0800: Found OpenCL Device 0: NVIDIA GeForce RTX 4060 Laptop GPU (NVIDIA Corporation) (score 11000300)
2026-01-02 11:05:28+0800: Found OpenCL Device 1: gfx1036 (Advanced Micro Devices, Inc.) (score 11000200)
2026-01-02 11:05:28+0800: Creating context for OpenCL Platform: NVIDIA CUDA (NVIDIA Corporation) (OpenCL 3.0 CUDA 13.0.84)
2026-01-02 11:05:29+0800: Using OpenCL Device 0: NVIDIA GeForce RTX 4060 Laptop GPU (NVIDIA Corporation) OpenCL 3.0 CUDA (Extensions: cl_khr_global_int32_base_atomics cl_khr_global_int32_extended_atomics cl_khr_local_int32_base_atomics cl_khr_local_int32_extended_atomics cl_khr_fp64 cl_khr_3d_image_writes cl_khr_byte_addressable_store cl_khr_icd cl_khr_gl_sharing cl_nv_compiler_options cl_nv_device_attribute_query cl_nv_pragma_unroll cl_nv_d3d10_sharing cl_khr_d3d10_sharing cl_nv_d3d11_sharing cl_nv_copy_opts cl_nv_create_buffer cl_khr_int64_base_atomics cl_khr_int64_extended_atomics cl_khr_device_uuid cl_khr_pci_bus_info cl_khr_external_semaphore cl_khr_external_memory cl_khr_external_semaphore_win32 cl_khr_external_memory_win32 cl_khr_semaphore)
2026-01-02 11:05:29+0800: Loaded tuning parameters from: F:\KaTrain\_internal\katrain\KataGo/KataGoData/opencltuning/tune11_gpuNVIDIAGeForceRTX4060LaptopGPU_x19_y19_c384_mv14.txt
2026-01-02 11:05:29+0800: OpenCL backend thread 0: Device 0 Model version 14
2026-01-02 11:05:29+0800: OpenCL backend thread 0: Device 0 Model name: kata1-b18c384nbt-s9996604416-d4316597426
2026-01-02 11:05:30+0800: OpenCL backend thread 0: Device 0 FP16Storage true FP16Compute false FP16TensorCores true FP16TensorCoresFor1x1 false
2026-01-02 11:05:30+0800: Loaded neural net with nnXLen 19 nnYLen 19
2026-01-02 11:05:30+0800: Initializing board with boardXSize 19 boardYSize 19
2026-01-02 11:05:30+0800: Loaded config F:\KaTrain\_internal\katrain\KataGo\genconfig.cfg
2026-01-02 11:05:30+0800: Loaded model F:\KaTrain\_internal\katrain\models\kata1-b18c384nbt-s9996604416-d4316597426.bin.gz
2026-01-02 11:05:30+0800: Model name: kata1-b18c384nbt-s9996604416-d4316597426
2026-01-02 11:05:30+0800: GTP ready, beginning main protocol loop
2026-01-02 11:05:30+0800: Controller: version
2026-01-02 11:05:30+0800: = 1.16.0+b18c384nbt-s9996M
2026-01-02 11:05:30+0800: Controller: clear_board
2026-01-02 11:05:30+0800: = 
2026-01-02 11:07:18+0800: Controller: play b Q16
2026-01-02 11:07:18+0800: = 
2026-01-02 11:07:27+0800: Controller: genmove w
2026-01-02 11:07:33+0800: MoveNum: 1 HASH: D787FAD66281F76731DCD9C1B3387463
   A B C D E F G H J K L M N O P Q R S T
19 . . . . . . . . . . . . . . . . . . .
18 . . . . . . . . . . . . . . . . . . .
17 . . . . . . . . . . . . . . . . . . .
16 . . . . . . . . . . . . . . . X1. . .
15 . . . . . . . . . . . . . . . . . . .
14 . . . . . . . . . . . . . . . . . . .
13 . . . . . . . . . . . . . . . . . . .
12 . . . . . . . . . . . . . . . . . . .
11 . . . . . . . . . . . . . . . . . . .
10 . . . . . . . . . . . . . . . . . . .
 9 . . . . . . . . . . . . . . . . . . .
 8 . . . . . . . . . . . . . . . . . . .
 7 . . . . . . . . . . . . . . . . . . .
 6 . . . . . . . . . . . . . . . . . . .
 5 . . . . . . . . . . . . . . . . . . .
 4 . . . @ . . . . . . . . . . . . . . .
 3 . . . . . . . . . . . . . . . . . . .
 2 . . . . . . . . . . . . . . . . . . .
 1 . . . . . . . . . . . . . . . . . . .

koSIMPLEscoreAREAtaxNONEsui0whbNfpok1komi7.5
Time taken: 5.047
Root visits: 11677
New playouts: 4225
NN rows: 2454
NN batches: 307
NN avg batch size: 7.99349
PV: D4 Q4 D16 F3 R17 Q17 R16 Q15 R15 R14 S14 C17 C16 D17 F17 F18 G17 G18 H17 C6
Tree:
: T  24.50c W  24.32c S   0.44c ( +1.4 L  +1.0) N   11677  --  D4 Q4 D16 F3 R17 Q17 R16
---White(^)---
D4  : T  24.55c W  24.38c S   0.45c ( +1.4 L  +1.0) LCB   24.36c P 49.86% WF 17791.6 PSV   17789 N    6772  --  D4 Q4 D16 F3 R17 Q17 R16 Q15
D16 : T  24.57c W  24.38c S   0.45c ( +1.4 L  +1.0) LCB   24.35c P 18.05% WF 12512.0 PSV    6992 N    4755  --  D16 Q4 D4 F3 R17 Q17 R16 Q15
C4  : T  22.49c W  22.06c S   0.34c ( +1.3 L  +0.9) LCB   20.84c P  1.48% WF  73.4 PSV      69 N      29  --  C4 Q4 D16 E3 D5 C17 D17 C16
D17 : T  22.23c W  21.66c S   0.31c ( +1.3 L  +0.9) LCB   19.82c P  1.08% WF  59.8 PSV      45 N      23  --  D17 Q4 D4 C3 C4 D3 E4 F3
C16 : T  21.14c W  21.15c S   0.26c ( +1.2 L  +0.9) LCB   18.66c P  1.21% WF  46.4 PSV      35 N      18  --  C16 Q4 D4 E17 R3 Q3 R4 R6
C3  : T  19.95c W  19.83c S   0.12c ( +1.1 L  +0.8) LCB   15.53c P  0.90% WF  32.2 PSV      20 N      13  --  C3 C16 Q4 R3
C17 : T  20.52c W  20.08c S   0.12c ( +1.1 L  +0.7) LCB   17.07c P  0.71% WF  37.1 PSV      18 N      15  --  C17 Q3 D4 C3 D3
R17 : T  15.99c W  17.52c S   0.05c ( +1.0 L  +0.6) LCB   -1.62c P  0.21% WF  13.9 PSV       2 N       8  --  R17 R16 Q17 P16
D5  : T  16.01c W  16.07c S  -0.23c ( +0.7 L  +0.6) LCB    8.75c P  0.16% WF  24.0 PSV       1 N      10  --  D5 D16 Q4 D3
D15 : T  15.14c W  15.35c S  -0.25c ( +0.7 L  +0.5) LCB    3.40c P  0.15% WF  19.1 PSV       1 N       8  --  D15 D4 Q4 D17

2026-01-02 11:07:33+0800: = D4
