2026-01-02 07:20:43+0800: Running with following config:
allowResignation = true
friendlyPassOk = true
hasButton = false
koRule = SIMPLE
lagBuffer = 1.0
logAllGTPCommunication = true
logDir = gtp_logs
logSearchInfo = true
logSearchInfoForChosenMove = false
logToStderr = false
maxTimePondering = 60.0
multiStoneSuicideLegal = false
nnCacheSizePowerOfTwo = 20
nnMutexPoolSizePowerOfTwo = 16
numNNServerThreadsPerModel = 1
numSearchThreads = 16
openclDeviceToUseThread0 = 0
ponderingEnabled = true
resignConsecTurns = 3
resignThreshold = -0.90
scoringRule = AREA
searchFactorAfterOnePass = 0.50
searchFactorAfterTwoPass = 0.25
searchFactorWhenWinning = 0.40
searchFactorWhenWinningThreshold = 0.95
taxRule = NONE
whiteHandicapBonus = N

2026-01-02 07:20:43+0800: GTP Engine starting...
2026-01-02 07:20:43+0800: KataGo v1.16.0
2026-01-02 07:20:43+0800: Using Chinese rules initially, unless GTP/GUI overrides this
2026-01-02 07:20:43+0800: Using 16 CPU thread(s) for search
2026-01-02 07:20:43+0800: nnRandSeed0 = 2585035354860921451
2026-01-02 07:20:43+0800: After dedups: nnModelFile0 = F:\KaTrain\_internal\katrain\models\kata1-b18c384nbt-s9996604416-d4316597426.bin.gz useFP16 auto useNHWC auto
2026-01-02 07:20:43+0800: Initializing neural net buffer to be size 19 * 19 exactly
2026-01-02 07:20:44+0800: Found OpenCL Platform 0: NVIDIA CUDA (NVIDIA Corporation) (OpenCL 3.0 CUDA 13.0.84)
2026-01-02 07:20:44+0800: Found 1 device(s) on platform 0 with type CPU or GPU or Accelerator
2026-01-02 07:20:44+0800: Found OpenCL Platform 1: AMD Accelerated Parallel Processing (Advanced Micro Devices, Inc.) (OpenCL 2.1 AMD-APP (3617.0))
2026-01-02 07:20:44+0800: Found 1 device(s) on platform 1 with type CPU or GPU or Accelerator
2026-01-02 07:20:44+0800: Found OpenCL Device 0: NVIDIA GeForce RTX 4060 Laptop GPU (NVIDIA Corporation) (score 11000300)
2026-01-02 07:20:44+0800: Found OpenCL Device 1: gfx1036 (Advanced Micro Devices, Inc.) (score 11000200)
2026-01-02 07:20:44+0800: Creating context for OpenCL Platform: NVIDIA CUDA (NVIDIA Corporation) (OpenCL 3.0 CUDA 13.0.84)
2026-01-02 07:20:44+0800: Using OpenCL Device 0: NVIDIA GeForce RTX 4060 Laptop GPU (NVIDIA Corporation) OpenCL 3.0 CUDA (Extensions: cl_khr_global_int32_base_atomics cl_khr_global_int32_extended_atomics cl_khr_local_int32_base_atomics cl_khr_local_int32_extended_atomics cl_khr_fp64 cl_khr_3d_image_writes cl_khr_byte_addressable_store cl_khr_icd cl_khr_gl_sharing cl_nv_compiler_options cl_nv_device_attribute_query cl_nv_pragma_unroll cl_nv_d3d10_sharing cl_khr_d3d10_sharing cl_nv_d3d11_sharing cl_nv_copy_opts cl_nv_create_buffer cl_khr_int64_base_atomics cl_khr_int64_extended_atomics cl_khr_device_uuid cl_khr_pci_bus_info cl_khr_external_semaphore cl_khr_external_memory cl_khr_external_semaphore_win32 cl_khr_external_memory_win32 cl_khr_semaphore)
2026-01-02 07:20:44+0800: Loaded tuning parameters from: F:\KaTrain\_internal\katrain\KataGo/KataGoData/opencltuning/tune11_gpuNVIDIAGeForceRTX4060LaptopGPU_x19_y19_c384_mv14.txt
2026-01-02 07:20:44+0800: OpenCL backend thread 0: Device 0 Model version 14
2026-01-02 07:20:44+0800: OpenCL backend thread 0: Device 0 Model name: kata1-b18c384nbt-s9996604416-d4316597426
2026-01-02 07:20:45+0800: OpenCL backend thread 0: Device 0 FP16Storage true FP16Compute false FP16TensorCores true FP16TensorCoresFor1x1 false
2026-01-02 07:20:45+0800: Loaded neural net with nnXLen 19 nnYLen 19
2026-01-02 07:20:45+0800: Initializing board with boardXSize 19 boardYSize 19
2026-01-02 07:20:45+0800: Loaded config F:\KaTrain\_internal\katrain\KataGo\genconfig.cfg
2026-01-02 07:20:45+0800: Loaded model F:\KaTrain\_internal\katrain\models\kata1-b18c384nbt-s9996604416-d4316597426.bin.gz
2026-01-02 07:20:45+0800: Model name: kata1-b18c384nbt-s9996604416-d4316597426
2026-01-02 07:20:45+0800: GTP ready, beginning main protocol loop
2026-01-02 07:20:45+0800: Controller: version
2026-01-02 07:20:45+0800: = 1.16.0+b18c384nbt-s9996M
2026-01-02 07:20:45+0800: Controller: clear_board
2026-01-02 07:20:45+0800: = 
2026-01-02 07:20:48+0800: Controller: play b T19
2026-01-02 07:20:48+0800: = 
2026-01-02 07:20:48+0800: Controller: genmove w
2026-01-02 07:20:53+0800: MoveNum: 1 HASH: 2DA291FAD7A57B103F15EA00D78BF1D2
   A B C D E F G H J K L M N O P Q R S T
19 . . . . . . . . . . . . . . . . . . X1
18 . . . . . . . . . . . . . . . . . . .
17 . . . . . . . . . . . . . . . . . . .
16 . . . . . . . . . . . . . . . @ . . .
15 . . . . . . . . . . . . . . . . . . .
14 . . . . . . . . . . . . . . . . . . .
13 . . . . . . . . . . . . . . . . . . .
12 . . . . . . . . . . . . . . . . . . .
11 . . . . . . . . . . . . . . . . . . .
10 . . . . . . . . . . . . . . . . . . .
 9 . . . . . . . . . . . . . . . . . . .
 8 . . . . . . . . . . . . . . . . . . .
 7 . . . . . . . . . . . . . . . . . . .
 6 . . . . . . . . . . . . . . . . . . .
 5 . . . . . . . . . . . . . . . . . . .
 4 . . . . . . . . . . . . . . . . . . .
 3 . . . . . . . . . . . . . . . . . . .
 2 . . . . . . . . . . . . . . . . . . .
 1 . . . . . . . . . . . . . . . . . . .

koSIMPLEscoreAREAtaxNONEsui0whbNfpok1komi7.5
Time taken: 5.016
Root visits: 2889
New playouts: 2889
NN rows: 2336
NN batches: 292
NN avg batch size: 8
PV: Q16 D4 Q4 D17 C15 C12 D13 D12
Tree:
: T 103.61c W  97.90c S   5.76c (+16.6 L +13.6) N    2889  --  Q16 D4 Q4 D17 C15 C12 D13
---White(^)---
Q16 : T 103.84c W  98.02c S   5.90c (+16.8 L +13.7) LCB  103.67c P  8.37% WF 1541.0 PSV    1538 N     437  --  Q16 D4 Q4 D17 C15 C12 D13 D12
Q17 : T 103.85c W  97.99c S   5.84c (+16.7 L +13.7) LCB  103.65c P  3.26% WF 813.6 PSV     609 N     231  --  Q17 D3 Q4 D16 Q15 C6 F17 H17
D4  : T 103.82c W  98.02c S   5.83c (+16.7 L +13.7) LCB  103.59c P  3.12% WF 997.5 PSV     513 N     284  --  D4 R16 D16 Q4 P16 N17 R17 Q17
C16 : T 103.86c W  97.99c S   5.86c (+16.7 L +13.7) LCB  103.64c P  2.02% WF 925.0 PSV     402 N     263  --  C16 R4 D4 Q16 P4 P3 O3
D17 : T 103.82c W  97.97c S   5.84c (+16.7 L +13.7) LCB  103.62c P  2.32% WF 907.1 PSV     386 N     257  --  D17 Q3 D4 Q16 R5 R8 O5
D16 : T 103.80c W  98.03c S   5.86c (+16.7 L +13.7) LCB  103.57c P  2.35% WF 863.8 PSV     357 N     243  --  D16 Q16 Q4 D4 R14 C14
C4  : T 103.64c W  97.93c S   5.82c (+16.7 L +13.7) LCB  103.43c P  2.55% WF 730.9 PSV     251 N     208  --  C4 R16 D16 Q4 P17 E3 Q15
D5  : T 103.73c W  97.91c S   5.73c (+16.5 L +13.5) LCB  103.48c P  1.43% WF 662.3 PSV     177 N     197  --  D5 R16 D16 Q4 D3 O16 O3
D15 : T 103.75c W  97.89c S   5.78c (+16.6 L +13.6) LCB  103.48c P  1.36% WF 652.4 PSV     177 N     195  --  D15 R4 D4 Q17 D17 P4 Q15
E16 : T 103.65c W  97.88c S   5.68c (+16.5 L +13.5) LCB  103.29c P  1.28% WF 437.6 PSV     130 N     130  --  E16 R4 D4 Q16 C16 O3 O17

2026-01-02 07:20:53+0800: = Q16
2026-01-02 07:20:55+0800: Controller: play b S19
2026-01-02 07:20:55+0800: = 
2026-01-02 07:20:55+0800: Controller: genmove w
2026-01-02 07:21:00+0800: MoveNum: 3 HASH: CC3DD7A49D6D2553C06B362F5F1C2F5A
   A B C D E F G H J K L M N O P Q R S T
19 . . . . . . . . . . . . . . . . . X3X1
18 . . . . . . . . . . . . . . . . . . .
17 . . . . . . . . . . . . . . . . . . .
16 . . . @ . . . . . . . . . . . O2. . .
15 . . . . . . . . . . . . . . . . . . .
14 . . . . . . . . . . . . . . . . . . .
13 . . . . . . . . . . . . . . . . . . .
12 . . . . . . . . . . . . . . . . . . .
11 . . . . . . . . . . . . . . . . . . .
10 . . . . . . . . . . . . . . . . . . .
 9 . . . . . . . . . . . . . . . . . . .
 8 . . . . . . . . . . . . . . . . . . .
 7 . . . . . . . . . . . . . . . . . . .
 6 . . . . . . . . . . . . . . . . . . .
 5 . . . . . . . . . . . . . . . . . . .
 4 . . . . . . . . . . . . . . . . . . .
 3 . . . . . . . . . . . . . . . . . . .
 2 . . . . . . . . . . . . . . . . . . .
 1 . . . . . . . . . . . . . . . . . . .

koSIMPLEscoreAREAtaxNONEsui0whbNfpok1komi7.5
Time taken: 5.016
Root visits: 4352
New playouts: 4352
NN rows: 2459
NN batches: 301
NN avg batch size: 8.16944
PV: D16 O17 P17 O16 Q14 Q4 D4 K16 Q11 F17
Tree:
: T 109.53c W  99.64c S   9.89c (+28.2 L +25.5) N    4352  --  D16 O17 P17 O16 Q14 Q4 D4
---White(^)---
D16 : T 109.80c W  99.67c S  10.11c (+28.4 L +25.8) LCB  109.70c P 15.97% WF 7166.9 PSV   14461 N    1413  --  D16 O17 P17 O16 Q14 Q4 D4 K16
Q4  : T 109.68c W  99.67c S  10.00c (+28.3 L +25.7) LCB  109.57c P 17.16% WF 5447.2 PSV    4294 N    1075  --  Q4 D16 D4 O17 P17 O16 Q14 K16
D4  : T 109.60c W  99.67c S   9.92c (+28.2 L +25.6) LCB  109.48c P 16.83% WF 5327.3 PSV    3245 N    1064  --  D4 O17 D16 Q4 P17 O16 R14 F17
C16 : T 109.44c W  99.62c S   9.76c (+28.1 L +25.3) LCB  109.09c P  0.88% WF 489.6 PSV     118 N      95  --  C16 Q4 D4 E16 G17 C17 D14
D17 : T 109.24c W  99.62c S   9.60c (+27.9 L +25.3) LCB  108.75c P  0.98% WF 276.5 PSV      96 N      54  --  D17 Q4 D4 O17 P17 O16 Q14
D3  : T 109.30c W  99.62c S   9.64c (+28.0 L +25.2) LCB  108.88c P  0.90% WF 391.0 PSV      95 N      76  --  D3 D16 Q4 D5 C5 C6 C4
C4  : T 109.27c W  99.62c S   9.60c (+27.9 L +25.2) LCB  108.74c P  0.88% WF 281.4 PSV      90 N      55  --  C4 Q4 D16 E4 E3 F3
Q3  : T 109.23c W  99.62c S   9.58c (+27.9 L +25.2) LCB  108.59c P  0.88% WF 234.1 PSV      84 N      46  --  Q3 D16 D4 Q5 R7 R3 O4
R4  : T 109.24c W  99.62c S   9.59c (+27.9 L +25.2) LCB  108.65c P  0.84% WF 226.3 PSV      82 N      44  --  R4 D16 D4 O17 Q13 Q17 R17 R16
P4  : T 109.15c W  99.51c S   9.45c (+27.8 L +24.8) LCB  107.74c P  0.37% WF 122.9 PSV      32 N      24  --  P4 D16 D4 O17

2026-01-02 07:21:00+0800: = D16
2026-01-02 07:21:00+0800: GPU 0 finishing, processed 5709 rows 709 batches
2026-01-02 07:21:00+0800: All cleaned up, quitting
