2025-12-16 22:57:02+0800: Running with following config:
allowResignation = true
friendlyPassOk = true
hasButton = false
koRule = SIMPLE
lagBuffer = 1.0
logAllGTPCommunication = true
logDir = gtp_logs
logSearchInfo = true
logSearchInfoForChosenMove = false
logToStderr = false
multiStoneSuicideLegal = false
nnCacheSizePowerOfTwo = 20
nnMutexPoolSizePowerOfTwo = 16
numNNServerThreadsPerModel = 1
numSearchThreads = 16
openclDeviceToUseThread0 = 0
ponderingEnabled = true
resignConsecTurns = 3
resignThreshold = -0.90
scoringRule = AREA
searchFactorAfterOnePass = 0.50
searchFactorAfterTwoPass = 0.25
searchFactorWhenWinning = 0.40
searchFactorWhenWinningThreshold = 0.95
taxRule = NONE
whiteHandicapBonus = N

2025-12-16 22:57:02+0800: GTP Engine starting...
2025-12-16 22:57:02+0800: KataGo v1.16.0
2025-12-16 22:57:02+0800: Using Chinese rules initially, unless GTP/GUI overrides this
2025-12-16 22:57:02+0800: Using 16 CPU thread(s) for search
2025-12-16 22:57:02+0800: nnRandSeed0 = 5646640135577869327
2025-12-16 22:57:02+0800: After dedups: nnModelFile0 = F:\KaTrain\_internal\katrain\models\kata1-b18c384nbt-s9996604416-d4316597426.bin.gz useFP16 auto useNHWC auto
2025-12-16 22:57:02+0800: Initializing neural net buffer to be size 19 * 19 exactly
2025-12-16 22:57:03+0800: Found OpenCL Platform 0: NVIDIA CUDA (NVIDIA Corporation) (OpenCL 3.0 CUDA 13.0.84)
2025-12-16 22:57:03+0800: Found 1 device(s) on platform 0 with type CPU or GPU or Accelerator
2025-12-16 22:57:03+0800: Found OpenCL Platform 1: AMD Accelerated Parallel Processing (Advanced Micro Devices, Inc.) (OpenCL 2.1 AMD-APP (3617.0))
2025-12-16 22:57:03+0800: Found 1 device(s) on platform 1 with type CPU or GPU or Accelerator
2025-12-16 22:57:03+0800: Found OpenCL Device 0: NVIDIA GeForce RTX 4060 Laptop GPU (NVIDIA Corporation) (score 11000300)
2025-12-16 22:57:03+0800: Found OpenCL Device 1: gfx1036 (Advanced Micro Devices, Inc.) (score 11000200)
2025-12-16 22:57:03+0800: Creating context for OpenCL Platform: NVIDIA CUDA (NVIDIA Corporation) (OpenCL 3.0 CUDA 13.0.84)
2025-12-16 22:57:03+0800: Using OpenCL Device 0: NVIDIA GeForce RTX 4060 Laptop GPU (NVIDIA Corporation) OpenCL 3.0 CUDA (Extensions: cl_khr_global_int32_base_atomics cl_khr_global_int32_extended_atomics cl_khr_local_int32_base_atomics cl_khr_local_int32_extended_atomics cl_khr_fp64 cl_khr_3d_image_writes cl_khr_byte_addressable_store cl_khr_icd cl_khr_gl_sharing cl_nv_compiler_options cl_nv_device_attribute_query cl_nv_pragma_unroll cl_nv_d3d10_sharing cl_khr_d3d10_sharing cl_nv_d3d11_sharing cl_nv_copy_opts cl_nv_create_buffer cl_khr_int64_base_atomics cl_khr_int64_extended_atomics cl_khr_device_uuid cl_khr_pci_bus_info cl_khr_external_semaphore cl_khr_external_memory cl_khr_external_semaphore_win32 cl_khr_external_memory_win32 cl_khr_semaphore)
2025-12-16 22:57:03+0800: Loaded tuning parameters from: F:\KaTrain\_internal\katrain\KataGo/KataGoData/opencltuning/tune11_gpuNVIDIAGeForceRTX4060LaptopGPU_x19_y19_c384_mv14.txt
2025-12-16 22:57:03+0800: OpenCL backend thread 0: Device 0 Model version 14
2025-12-16 22:57:03+0800: OpenCL backend thread 0: Device 0 Model name: kata1-b18c384nbt-s9996604416-d4316597426
2025-12-16 22:57:04+0800: OpenCL backend thread 0: Device 0 FP16Storage true FP16Compute false FP16TensorCores true FP16TensorCoresFor1x1 false
2025-12-16 22:57:04+0800: Loaded neural net with nnXLen 19 nnYLen 19
2025-12-16 22:57:04+0800: Initializing board with boardXSize 19 boardYSize 19
2025-12-16 22:57:04+0800: Loaded config F:\KaTrain\_internal\katrain\KataGo\genconfig.cfg
2025-12-16 22:57:04+0800: Loaded model F:\KaTrain\_internal\katrain\models\kata1-b18c384nbt-s9996604416-d4316597426.bin.gz
2025-12-16 22:57:04+0800: Model name: kata1-b18c384nbt-s9996604416-d4316597426
2025-12-16 22:57:04+0800: GTP ready, beginning main protocol loop
2025-12-16 22:58:17+0800: Controller: help
2025-12-16 22:58:17+0800: ? unknown command
2025-12-16 22:58:22+0800: Controller: -h
2025-12-16 22:58:22+0800: ? unknown command
2025-12-16 22:58:29+0800: Controller: version
2025-12-16 22:58:29+0800: = 1.16.0+b18c384nbt-s9996M
2025-12-16 22:58:36+0800: Controller: boardsize
2025-12-16 22:58:36+0800: ? Expected int argument for boardsize or pair of ints but got ''
2025-12-16 23:12:54+0800: Controller: kata-get-rules
2025-12-16 23:12:54+0800: = {"friendlyPassOk":true,"hasButton":false,"ko":"SIMPLE","scoring":"AREA","suicide":false,"tax":"NONE","whiteHandicapBonus":"N"}
2025-12-16 23:27:20+0800: Controller: genmove
2025-12-16 23:27:20+0800: ? Expected one argument for genmove but got ''
2025-12-16 23:30:07+0800: Controller: lz-genmove_analyze
2025-12-16 23:30:07+0800: =
2025-12-16 23:30:12+0800: MoveNum: 0 HASH: CDCBC1F514D7E680FACD226074256633
   A B C D E F G H J K L M N O P Q R S T
19 . . . . . . . . . . . . . . . . . . .
18 . . . . . . . . . . . . . . . . . . .
17 . . . . . . . . . . . . . . . . . . .
16 . . . . . . . . . . . . . . . @ . . .
15 . . . . . . . . . . . . . . . . . . .
14 . . . . . . . . . . . . . . . . . . .
13 . . . . . . . . . . . . . . . . . . .
12 . . . . . . . . . . . . . . . . . . .
11 . . . . . . . . . . . . . . . . . . .
10 . . . . . . . . . . . . . . . . . . .
 9 . . . . . . . . . . . . . . . . . . .
 8 . . . . . . . . . . . . . . . . . . .
 7 . . . . . . . . . . . . . . . . . . .
 6 . . . . . . . . . . . . . . . . . . .
 5 . . . . . . . . . . . . . . . . . . .
 4 . . . . . . . . . . . . . . . . . . .
 3 . . . . . . . . . . . . . . . . . . .
 2 . . . . . . . . . . . . . . . . . . .
 1 . . . . . . . . . . . . . . . . . . .

koSIMPLEscoreAREAtaxNONEsui0whbNfpok1komi7.5
Time taken: 5.015
Root visits: 3765
New playouts: 3765
NN rows: 2449
NN batches: 307
NN avg batch size: 7.9772
PV: Q16 D16 Q4 D4 F3 R17 Q17 R16 Q15 S14 C6 D6 D7 E6 C4 C3 C5 D3 J3 H4 H3 D9 E9 B8 C7
Tree:
: T -24.94c W -25.19c S  -0.08c ( -1.5 L  -1.0) N    3765  --  Q16 D16 Q4 D4 F3 R17 Q17
---Black(^)---
Q16 : T -24.44c W -24.78c S  -0.04c ( -1.4 L  -1.0) LCB  -24.65c P 15.31% WF 9309.0 PSV    9271 N    3374  --  Q16 D16 Q4 D4 F3 R17 Q17 R16
R16 : T -27.17c W -26.54c S  -0.17c ( -1.6 L  -1.0) LCB  -28.02c P  2.17% WF 512.8 PSV      43 N     191  --  R16 D16 Q3 D4 P16 R5 O4 Q9
Q15 : T -28.09c W -27.75c S  -0.26c ( -1.6 L  -1.0) LCB  -29.34c P  1.32% WF 172.2 PSV      20 N      64  --  Q15 D16 Q17 Q4 C4 E3 D5
R15 : T -28.82c W -28.61c S  -0.33c ( -1.7 L  -1.1) LCB  -30.09c P  1.04% WF  84.5 PSV      13 N      31  --  R15 D16 Q17 Q4 D3
R17 : T -28.00c W -27.83c S  -0.30c ( -1.7 L  -1.0) LCB  -29.58c P  0.68% WF 100.5 PSV      10 N      38  --  R17 D4 C16 R4 E16
R14 : T -34.53c W -33.79c S  -0.91c ( -2.3 L  -1.5) LCB  -62.54c P  0.05% WF  11.1 PSV       0 N       5  --  R14 R16 Q16 Q17
R10 : T -35.68c W -34.65c S  -0.94c ( -2.3 L  -1.5) LCB  -63.71c P  0.02% WF  11.2 PSV       0 N       5  --  R10 Q17 Q3
Q14 : T -36.78c W -35.69c S  -1.08c ( -2.5 L  -1.6) LCB -186.28c P  0.05% WF   4.4 PSV       0 N       2  --  Q14 Q16
Q10 : T -36.23c W -35.29c S  -0.93c ( -2.3 L  -1.5) LCB -186.37c P  0.02% WF   4.5 PSV       0 N       2  --  Q10 Q16
Q11 : T -35.85c W -34.78c S  -1.07c ( -2.4 L  -1.6) LCB -185.80c P  0.02% WF   4.5 PSV       0 N       2  --  Q11 Q17

2025-12-16 23:30:12+0800: play Q16
2025-12-16 23:34:49+0800: Controller: lz-genmove_analyze
2025-12-16 23:34:49+0800: =
2025-12-16 23:34:54+0800: MoveNum: 1 HASH: D787FAD66281F76731DCD9C1B3387463
   A B C D E F G H J K L M N O P Q R S T
19 . . . . . . . . . . . . . . . . . . .
18 . . . . . . . . . . . . . . . . . . .
17 . . . . . . . . . . . . . . . . . . .
16 . . . . . . . . . . . . . . . X1. . .
15 . . . . . . . . . . . . . . . . . . .
14 . . . . . . . . . . . . . . . . . . .
13 . . . . . . . . . . . . . . . . . . .
12 . . . . . . . . . . . . . . . . . . .
11 . . . . . . . . . . . . . . . . . . .
10 . . . . . . . . . . . . . . . . . . .
 9 . . . . . . . . . . . . . . . . . . .
 8 . . . . . . . . . . . . . . . . . . .
 7 . . . . . . . . . . . . . . . . . . .
 6 . . . . . . . . . . . . . . . . . . .
 5 . . . . . . . . . . . . . . . . . . .
 4 . . . @ . . . . . . . . . . . . . . .
 3 . . . . . . . . . . . . . . . . . . .
 2 . . . . . . . . . . . . . . . . . . .
 1 . . . . . . . . . . . . . . . . . . .

koSIMPLEscoreAREAtaxNONEsui0whbNfpok1komi7.5
Time taken: 5.016
Root visits: 244995
New playouts: 6017
NN rows: 2660
NN batches: 333
NN avg batch size: 7.98799
PV: D4 Q4 D16 F17 R3 R4 Q3 P4 P3 N3 O3 O4 N2 M3 M2 C14 E14 D12 O17 R13 J17 G15 C15 D14 E15
Tree:
: T  24.05c W  23.72c S   0.43c ( +1.3 L  +0.9) N  244995  --  D4 Q4 D16 F17 R3 R4 Q3
---White(^)---
D4  : T  24.05c W  23.73c S   0.43c ( +1.3 L  +0.9) LCB   23.98c P 51.61% WF 369005.9 PSV  369009 N  168571  --  D4 Q4 D16 F17 R3 R4 Q3 P4
D16 : T  24.06c W  23.74c S   0.43c ( +1.3 L  +0.9) LCB   23.98c P 17.50% WF 164449.5 PSV  135478 N   75713  --  D16 Q4 D4 F17 R3 R4 Q3 P4
D17 : T  22.25c W  21.95c S   0.35c ( +1.2 L  +0.9) LCB   21.40c P  1.05% WF 475.4 PSV     467 N     190  --  D17 Q4 D4 C3 C4 D3 E4 F3
C4  : T  21.60c W  21.45c S   0.28c ( +1.2 L  +0.8) LCB   20.80c P  1.33% WF 476.1 PSV     440 N     193  --  C4 Q4 D16 E3 R3 D5 C5 D6
C16 : T  21.61c W  21.40c S   0.28c ( +1.2 L  +0.8) LCB   20.78c P  1.13% WF 390.3 PSV     374 N     156  --  C16 Q4 D4 E17 R3 D15 C15 D14
C3  : T  19.59c W  19.32c S   0.10c ( +1.0 L  +0.7) LCB   18.26c P  0.91% WF 164.5 PSV     170 N      67  --  C3 C16 Q4 R3 Q3 R4 Q5 R6
C17 : T  19.53c W  19.36c S   0.12c ( +1.0 L  +0.7) LCB   17.87c P  0.71% WF 128.0 PSV     131 N      52  --  C17 Q3 D4 C3 D3 C4 D5 B6
R17 : T  17.05c W  17.62c S   0.03c ( +0.9 L  +0.6) LCB    7.70c P  0.21% WF  25.0 PSV      25 N      12  --  R17 Q17 R16 Q15 R15
D5  : T  15.66c W  15.88c S  -0.18c ( +0.7 L  +0.5) LCB    1.01c P  0.15% WF  14.3 PSV      15 N       6  --  D5 Q4 D16 C3 E3 D4 E4 C5
D15 : T  14.58c W  15.17c S  -0.23c ( +0.7 L  +0.5) LCB  -14.02c P  0.15% WF  12.0 PSV      13 N       5  --  D15 D4 Q4

2025-12-16 23:34:54+0800: play D4
2025-12-16 23:35:04+0800: Controller: lz-genmove_analyze
2025-12-16 23:35:04+0800: =
2025-12-16 23:35:10+0800: MoveNum: 2 HASH: B248EA89FABF13234D0CA990126373BE
   A B C D E F G H J K L M N O P Q R S T
19 . . . . . . . . . . . . . . . . . . .
18 . . . . . . . . . . . . . . . . . . .
17 . . . . . . . . . . . . . . . . . . .
16 . . . . . . . . . . . . . . . X1. . .
15 . . . . . . . . . . . . . . . . . . .
14 . . . . . . . . . . . . . . . . . . .
13 . . . . . . . . . . . . . . . . . . .
12 . . . . . . . . . . . . . . . . . . .
11 . . . . . . . . . . . . . . . . . . .
10 . . . . . . . . . . . . . . . . . . .
 9 . . . . . . . . . . . . . . . . . . .
 8 . . . . . . . . . . . . . . . . . . .
 7 . . . . . . . . . . . . . . . . . . .
 6 . . . . . . . . . . . . . . . . . . .
 5 . . . . . . . . . . . . . . . . . . .
 4 . . . O2. . . . . . . . . . . @ . . .
 3 . . . . . . . . . . . . . . . . . . .
 2 . . . . . . . . . . . . . . . . . . .
 1 . . . . . . . . . . . . . . . . . . .

koSIMPLEscoreAREAtaxNONEsui0whbNfpok1komi7.5
Time taken: 5.031
Root visits: 140988
New playouts: 4258
NN rows: 2688
NN batches: 336
NN avg batch size: 8
PV: Q4 D16 F17 R3 R4 Q3 P4 P3 N3 O3 O4 N2 M3 M2 C14 E14 D12 O17 R13 J17 G15 C15 D14 E15 D15
Tree:
: T -23.96c W -23.64c S  -0.42c ( -1.3 L  -0.9) N  140988  --  Q4 D16 F17 R3 R4 Q3 P4
---Black(^)---
Q4  : T -23.86c W -23.55c S  -0.42c ( -1.3 L  -0.9) LCB  -23.95c P 13.88% WF 282793.9 PSV  282178 N  133357  --  Q4 D16 F17 R3 R4 Q3 P4 P3
C3  : T -25.36c W -24.89c S  -0.55c ( -1.4 L  -1.0) LCB  -25.63c P 26.34% WF 10211.9 PSV   10555 N    4003  --  C3 D3 C4 D5 B6 D16 Q4 R17
F3  : T -24.82c W -24.41c S  -0.51c ( -1.4 L  -1.0) LCB  -25.18c P  9.73% WF 6271.2 PSV    6041 N    2589  --  F3 Q4 D16 R17 R16 Q17 P16 P17
P4  : T -26.44c W -25.84c S  -0.66c ( -1.5 L  -1.0) LCB  -27.36c P  1.90% WF 479.3 PSV     448 N     190  --  P4 R4 D16 P3 O3 Q3 O4 R6
R4  : T -26.73c W -26.14c S  -0.62c ( -1.5 L  -1.0) LCB  -27.50c P  1.89% WF 590.4 PSV     401 N     235  --  R4 D16 C17 D17 C16 D15 B14 P3
Q3  : T -26.53c W -26.11c S  -0.63c ( -1.5 L  -1.0) LCB  -27.29c P  1.45% WF 526.1 PSV     330 N     200  --  Q3 D16 C3 D3 C4 D5 B6 R17
Q5  : T -27.05c W -26.56c S  -0.66c ( -1.5 L  -1.0) LCB  -28.48c P  1.41% WF 310.6 PSV     270 N     124  --  Q5 D16 Q3 R17 R16 Q17 O17 P17
R14 : T -27.94c W -27.36c S  -0.75c ( -1.6 L  -1.0) LCB  -29.29c P  1.20% WF 174.8 PSV     180 N      66  --  R14 D16 Q3 R5 O4 F17 R7
Q14 : T -28.37c W -28.01c S  -0.80c ( -1.7 L  -1.1) LCB  -30.19c P  0.62% WF  82.6 PSV      84 N      31  --  Q14 D16 Q3 R5 O4 Q9 C3
R3  : T -29.01c W -28.01c S  -0.80c ( -1.7 L  -1.0) LCB  -31.70c P  0.50% WF  63.1 PSV      58 N      25  --  R3 D16 O17 R14 R15 Q14 R10

2025-12-16 23:35:10+0800: play Q4
2025-12-16 23:35:16+0800: Controller: lz-genmove_analyze
2025-12-16 23:35:16+0800: =
2025-12-16 23:35:21+0800: MoveNum: 3 HASH: F2FB6A1B9EADCB69B51B5BF34560E526
   A B C D E F G H J K L M N O P Q R S T
19 . . . . . . . . . . . . . . . . . . .
18 . . . . . . . . . . . . . . . . . . .
17 . . . . . . . . . . . . . . . . . . .
16 . . . @ . . . . . . . . . . . X1. . .
15 . . . . . . . . . . . . . . . . . . .
14 . . . . . . . . . . . . . . . . . . .
13 . . . . . . . . . . . . . . . . . . .
12 . . . . . . . . . . . . . . . . . . .
11 . . . . . . . . . . . . . . . . . . .
10 . . . . . . . . . . . . . . . . . . .
 9 . . . . . . . . . . . . . . . . . . .
 8 . . . . . . . . . . . . . . . . . . .
 7 . . . . . . . . . . . . . . . . . . .
 6 . . . . . . . . . . . . . . . . . . .
 5 . . . . . . . . . . . . . . . . . . .
 4 . . . O2. . . . . . . . . . . X3. . .
 3 . . . . . . . . . . . . . . . . . . .
 2 . . . . . . . . . . . . . . . . . . .
 1 . . . . . . . . . . . . . . . . . . .

koSIMPLEscoreAREAtaxNONEsui0whbNfpok1komi7.5
Time taken: 5.047
Root visits: 143342
New playouts: 3294
NN rows: 2693
NN batches: 337
NN avg batch size: 7.9911
PV: D16 F17 R3 R4 Q3 P4 P3 N3 O3 O4 N2 M3 M2 C14 D14 D13 E14 C16 C17 C15 D17 J17 L3 R14 Q9
Tree:
: T  23.97c W  23.62c S   0.43c ( +1.3 L  +0.9) N  143342  --  D16 F17 R3 R4 Q3 P4 P3
---White(^)---
D16 : T  24.00c W  23.64c S   0.43c ( +1.3 L  +0.9) LCB   23.91c P 84.27% WF 297827.3 PSV  297727 N  141989  --  D16 F17 R3 R4 Q3 P4 P3 N3
D17 : T  22.35c W  22.29c S   0.37c ( +1.2 L  +0.8) LCB   21.71c P  5.12% WF 1730.5 PSV    1757 N     717  --  D17 C3 C4 D3 E4 F3 F4 G3
C16 : T  21.86c W  21.72c S   0.29c ( +1.2 L  +0.8) LCB   21.21c P  4.26% WF 1122.8 PSV    1151 N     462  --  C16 E17 R3 D15 C15 D14 C13 Q3
C17 : T  18.71c W  18.98c S   0.10c ( +1.0 L  +0.7) LCB   16.76c P  0.98% WF 106.5 PSV     111 N      45  --  C17 C3 D3 C4 D5 C6 R3 Q3
R3  : T  14.94c W  15.75c S  -0.09c ( +0.8 L  +0.6) LCB    8.52c P  0.56% WF  39.5 PSV      38 N      18  --  R3 Q3 R4 Q5 R5 R6
D15 : T  16.09c W  15.93c S  -0.13c ( +0.8 L  +0.6) LCB   11.49c P  0.43% WF  34.7 PSV      33 N      15  --  D15 C17 E17 D16 E16 C15 D14
R17 : T  14.89c W  15.37c S  -0.16c ( +0.7 L  +0.6) LCB    6.81c P  0.44% WF  27.1 PSV      29 N      12  --  R17 Q17 R16 Q15 S14 D16
E17 : T  16.43c W  16.55c S  -0.09c ( +0.8 L  +0.5) LCB   11.85c P  0.35% WF  29.5 PSV      28 N      13  --  E17 C17 D15 D16 E16 C15 D14
E16 : T  15.44c W  15.51c S  -0.18c ( +0.7 L  +0.5) LCB   10.09c P  0.39% WF  27.6 PSV      27 N      12  --  E16 C17 C15 D16 D15 E17
C15 : T  14.83c W  15.09c S  -0.23c ( +0.7 L  +0.5) LCB    6.89c P  0.33% WF  22.0 PSV      22 N      10  --  C15 C17 E16 D16 D15 E17

2025-12-16 23:35:21+0800: play D16
2025-12-16 23:35:34+0800: Controller: lz-genmove_analyze
2025-12-16 23:35:34+0800: =
2025-12-16 23:35:39+0800: MoveNum: 4 HASH: 4EC1C1D04B1A05D40A6606F557089ADF
   A B C D E F G H J K L M N O P Q R S T
19 . . . . . . . . . . . . . . . . . . .
18 . . . . . . . . . . . . . . . . . . .
17 . . . . . @ . . . . . . . . . . . . .
16 . . . O3. . . . . . . . . . . X . . .
15 . . . . . . . . . . . . . . . . . . .
14 . . . . . . . . . . . . . . . . . . .
13 . . . . . . . . . . . . . . . . . . .
12 . . . . . . . . . . . . . . . . . . .
11 . . . . . . . . . . . . . . . . . . .
10 . . . . . . . . . . . . . . . . . . .
 9 . . . . . . . . . . . . . . . . . . .
 8 . . . . . . . . . . . . . . . . . . .
 7 . . . . . . . . . . . . . . . . . . .
 6 . . . . . . . . . . . . . . . . . . .
 5 . . . . . . . . . . . . . . . . . . .
 4 . . . O1. . . . . . . . . . . X2. . .
 3 . . . . . . . . . . . . . . . . . . .
 2 . . . . . . . . . . . . . . . . . . .
 1 . . . . . . . . . . . . . . . . . . .

koSIMPLEscoreAREAtaxNONEsui0whbNfpok1komi7.5
Time taken: 5.047
Root visits: 137100
New playouts: 2928
NN rows: 2704
NN batches: 338
NN avg batch size: 8
PV: F17 R3 R4 Q3 P4 O2 C14 D14 D13 E14 C16 C17 C15 D17 J17 R14 C6 N3 C12 H15 F3 K16 K17 L16 L17
Tree:
: T -23.98c W -23.60c S  -0.42c ( -1.3 L  -0.9) N  137100  --  F17 R3 R4 Q3 P4 O2 C14
---Black(^)---
F17 : T -23.92c W -23.55c S  -0.42c ( -1.3 L  -0.9) LCB  -24.01c P 21.71% WF 273088.1 PSV  272821 N  133426  --  F17 R3 R4 Q3 P4 O2 C14 D14
C17 : T -25.42c W -24.92c S  -0.54c ( -1.4 L  -0.9) LCB  -25.73c P 15.45% WF 5935.7 PSV    6101 N    2351  --  C17 D17 C16 D15 B14 R3 Q3 R4
C14 : T -24.88c W -24.51c S  -0.52c ( -1.4 L  -1.0) LCB  -25.56c P  4.22% WF 2539.1 PSV    2552 N    1053  --  C14 C15 D14 F16 D10 R3 Q3 R4
G17 : T -27.94c W -27.72c S  -0.85c ( -1.7 L  -1.1) LCB  -29.92c P  0.47% WF  73.4 PSV      71 N      30  --  G17 R3 Q3 R4 Q5 S6 C14
O17 : T -30.72c W -30.18c S  -1.01c ( -1.9 L  -1.2) LCB  -33.59c P  0.75% WF  68.1 PSV      67 N      27  --  O17 R3 R4 Q3 O3 O2 N2 P3
R14 : T -29.19c W -29.00c S  -0.88c ( -1.7 L  -1.1) LCB  -32.55c P  0.55% WF  60.9 PSV      63 N      24  --  R14 R3 R4 Q3 O3 P3 P4 O2
R13 : T -28.51c W -28.24c S  -0.78c ( -1.6 L  -1.1) LCB  -31.85c P  0.42% WF  54.5 PSV      55 N      21  --  R13 R3 R4 Q3 O3 P3 P4 O2
O16 : T -31.03c W -30.83c S  -1.04c ( -1.9 L  -1.2) LCB  -38.45c P  0.38% WF  31.0 PSV      32 N      13  --  O16 R3 R4 Q3 O3 O2 N2
D17 : T -30.50c W -29.46c S  -0.99c ( -1.8 L  -1.2) LCB  -35.06c P  0.31% WF  30.6 PSV      28 N      13  --  D17 C17 E17 C16 E16 E15 F15 E14
G16 : T -30.76c W -30.05c S  -1.05c ( -1.9 L  -1.2) LCB  -37.79c P  0.32% WF  26.7 PSV      28 N      11  --  G16 R3 Q3 R4 R6

2025-12-16 23:35:39+0800: play F17
2025-12-16 23:40:35+0800: Controller: wait
2025-12-16 23:40:35+0800: ? unknown command
2025-12-16 23:40:40+0800: Controller: stop
2025-12-16 23:40:40+0800: = 
2025-12-17 00:17:17+0800: Controller: name
2025-12-17 00:17:17+0800: = KataGo
2025-12-17 00:17:29+0800: Controller: version
2025-12-17 00:17:29+0800: = 1.16.0+b18c384nbt-s9996M
2025-12-17 00:17:44+0800: Controller: -
2025-12-17 00:17:44+0800: ? unknown command
2025-12-17 00:17:46+0800: Controller: _
2025-12-17 00:17:46+0800: ? unknown command
2025-12-17 00:19:47+0800: Controller: play
2025-12-17 00:19:47+0800: ? Expected two arguments for play but got ''
2025-12-17 00:20:31+0800: Controller: play move b t19
2025-12-17 00:20:31+0800: ? Expected two arguments for play but got 'move b t19'
2025-12-17 00:20:39+0800: Controller: play move bt19
2025-12-17 00:20:39+0800: ? Could not parse color: 'move'
2025-12-17 00:20:54+0800: Controller: play -move bt19
2025-12-17 00:20:54+0800: ? Could not parse color: '-move'
2025-12-17 00:21:05+0800: Controller: play w t19
2025-12-17 00:21:05+0800: = 
2025-12-17 00:21:48+0800: Controller: genmove
2025-12-17 00:21:48+0800: ? Expected one argument for genmove but got ''
2025-12-17 00:21:53+0800: Controller: genmove b
2025-12-17 00:21:58+0800: MoveNum: 6 HASH: E19065F3AF8040B88C6983769A7524A0
   A B C D E F G H J K L M N O P Q R S T
19 . . . . . . . . . . . . . . . . . . O3
18 . . . . . . . . . . . . . . . . . . .
17 . . . . . X2. . . . . . . . . . . . .
16 . . . O1. . . . . . . . . . . X . . .
15 . . . . . . . . . . . . . . . . . . .
14 . . @ . . . . . . . . . . . . . . . .
13 . . . . . . . . . . . . . . . . . . .
12 . . . . . . . . . . . . . . . . . . .
11 . . . . . . . . . . . . . . . . . . .
10 . . . . . . . . . . . . . . . . . . .
 9 . . . . . . . . . . . . . . . . . . .
 8 . . . . . . . . . . . . . . . . . . .
 7 . . . . . . . . . . . . . . . . . . .
 6 . . . . . . . . . . . . . . . . . . .
 5 . . . . . . . . . . . . . . . . . . .
 4 . . . O . . . . . . . . . . . X . . .
 3 . . . . . . . . . . . . . . . . . . .
 2 . . . . . . . . . . . . . . . . . . .
 1 . . . . . . . . . . . . . . . . . . .

koSIMPLEscoreAREAtaxNONEsui0whbNfpok1komi7.5
Time taken: 5.032
Root visits: 30081
New playouts: 2979
NN rows: 2677
NN batches: 335
NN avg batch size: 7.99104
PV: C6 R17 C14 Q17 E15 P16 F3 F4 G4 F5 E3 D3 H3 D9 D7 E7 E4 D5
Tree:
: T 100.98c W  96.28c S   4.73c (+15.4 L +11.7) N   30081  --  C6 R17 C14 Q17 E15 P16 F3
---Black(^)---
C6  : T 101.13c W  96.42c S   4.74c (+15.4 L +11.7) LCB  101.01c P 17.50% WF 27074.5 PSV   42438 N    9654  --  C6 R17 C14 Q17 E15 P16 F3 F4
C14 : T 101.13c W  96.23c S   4.92c (+15.6 L +11.9) LCB  101.01c P 12.92% WF 37740.6 PSV   37661 N   13884  --  C14 D14 D13 E14 C16 C17 C15 D17
F3  : T 100.80c W  96.29c S   4.58c (+15.2 L +11.4) LCB  100.62c P 13.55% WF 6744.0 PSV    6658 N    2427  --  F3 R17 C14 D14 Q17 R16 Q15 S14
O17 : T 100.68c W  96.35c S   4.34c (+15.0 L +11.3) LCB  100.44c P  2.43% WF 941.6 PSV     912 N     325  --  O17 R3 R4 Q3 P4 O2 R11 N3
C3  : T 100.58c W  96.39c S   4.28c (+14.9 L +11.1) LCB  100.30c P  2.44% WF 786.7 PSV     766 N     273  --  C3 D3 C4 C6 C5 D5 B6 R17
N17 : T 100.72c W  96.32c S   4.44c (+15.1 L +11.3) LCB  100.45c P  1.81% WF 781.5 PSV     746 N     274  --  N17 R3 R4 Q3 P4 O2 Q10 N3
C17 : T 100.77c W  96.44c S   4.31c (+14.9 L +11.2) LCB  100.40c P  1.17% WF 562.4 PSV     530 N     198  --  C17 D17 C16 D15 D18 E18 C18 R17
D14 : T 100.72c W  96.26c S   4.54c (+15.2 L +11.4) LCB  100.21c P  1.19% WF 504.0 PSV     486 N     185  --  D14 E14 E13 F14 F13 F16 E17 E16
R13 : T 100.78c W  96.38c S   4.42c (+15.0 L +11.3) LCB  100.41c P  0.85% WF 417.8 PSV     399 N     144  --  R13 R3 R4 Q3 O3 O2 N2 P3
R14 : T 100.71c W  96.36c S   4.41c (+15.0 L +11.3) LCB  100.33c P  0.66% WF 274.2 PSV     262 N      96  --  R14 R3 R4 Q3 P4 O2 C14 F16

2025-12-17 00:21:58+0800: = C14
2025-12-17 00:23:15+0800: Controller: prorocol_version
2025-12-17 00:23:15+0800: ? unknown command
2025-12-17 00:23:23+0800: Controller: protocol_version
2025-12-17 00:23:23+0800: = 2
2025-12-17 00:23:42+0800: Controller: known_command
2025-12-17 00:23:42+0800: ? Expected single argument for known_command but got ''
2025-12-17 00:24:08+0800: Controller: known_command time_settings
2025-12-17 00:24:08+0800: = true
2025-12-17 00:25:21+0800: Controller: known_command move
2025-12-17 00:25:21+0800: = false
2025-12-17 00:25:27+0800: Controller: known_command play
2025-12-17 00:25:27+0800: = true
2025-12-17 00:26:28+0800: Controller: stop
2025-12-17 00:26:28+0800: = 
2025-12-17 00:26:58+0800: Controller: quit
2025-12-17 00:26:58+0800: Quit requested by controller
2025-12-17 00:26:58+0800: = 
2025-12-17 00:26:58+0800: GPU 0 finishing, processed 486615 rows 60810 batches
2025-12-17 00:26:58+0800: All cleaned up, quitting
