2026-01-02 22:32:17+0800: Running with following config:
allowResignation = true
analysisIgnorePreRootHistory = false
chosenMovePrune = 0
chosenMoveSubtract = 0
chosenMoveTemperature = 0.70
chosenMoveTemperatureEarly = 0.85
chosenMoveTemperatureHalflife = 80
chosenMoveTemperatureOnlyBelowProb = 0.01
delayMoveMax = 10.0
delayMoveScale = 2.0
dynamicScoreUtilityFactor = 0.00
humanSLChosenMoveIgnorePass = true
humanSLChosenMovePiklLambda = 100000000
humanSLChosenMoveProp = 1.0
humanSLCpuctExploration = 0.50
humanSLCpuctPermanent = 0.2
humanSLOppExploreProbWeightful = 0.0
humanSLOppExploreProbWeightless = 0.0
humanSLPlaExploreProbWeightful = 0.0
humanSLPlaExploreProbWeightless = 0.0
humanSLProfile = preaz_5k
humanSLRootExploreProbWeightful = 0.0
humanSLRootExploreProbWeightless = 0.0
ignorePreRootHistory = false
lagBuffer = 1.0
logAllGTPCommunication = true
logDir = gtp_logs
logSearchInfo = true
logSearchInfoForChosenMove = false
logToStderr = false
maxVisits = 40
nnCacheSizePowerOfTwo = 17
nnMutexPoolSizePowerOfTwo = 14
numSearchThreads = 1
resignConsecTurns = 20
resignMinMovesPerBoardArea = 0.4
resignMinScoreDifference = 40
resignThreshold = -0.99
rootNumSymmetriesToSample = 2
rules = chinese
staticScoreUtilityFactor = 0.30
subtreeValueBiasFactor = 0.0
useLcbForSelection = false
useNoisePruning = false
useUncertainty = false
winLossUtilityFactor = 1.0

2026-01-02 22:32:17+0800: GTP Engine starting...
2026-01-02 22:32:17+0800: KataGo v1.16.0
2026-01-02 22:32:17+0800: Using Chinese rules initially, unless GTP/GUI overrides this
2026-01-02 22:32:17+0800: Using 1 CPU thread(s) for search
2026-01-02 22:32:17+0800: nnRandSeed0 = 3807664276968190615
2026-01-02 22:32:17+0800: After dedups: nnModelFile0 = ..\models\kata1-b18c384nbt-s9996604416-d4316597426.bin.gz useFP16 auto useNHWC auto
2026-01-02 22:32:17+0800: Initializing neural net buffer to be size 19 * 19 exactly
2026-01-02 22:32:18+0800: Found OpenCL Platform 0: NVIDIA CUDA (NVIDIA Corporation) (OpenCL 3.0 CUDA 13.0.84)
2026-01-02 22:32:18+0800: Found 1 device(s) on platform 0 with type CPU or GPU or Accelerator
2026-01-02 22:32:18+0800: Found OpenCL Platform 1: AMD Accelerated Parallel Processing (Advanced Micro Devices, Inc.) (OpenCL 2.1 AMD-APP (3617.0))
2026-01-02 22:32:18+0800: Found 1 device(s) on platform 1 with type CPU or GPU or Accelerator
2026-01-02 22:32:18+0800: Found OpenCL Device 0: NVIDIA GeForce RTX 4060 Laptop GPU (NVIDIA Corporation) (score 11000300)
2026-01-02 22:32:18+0800: Found OpenCL Device 1: gfx1036 (Advanced Micro Devices, Inc.) (score 11000200)
2026-01-02 22:32:18+0800: Creating context for OpenCL Platform: NVIDIA CUDA (NVIDIA Corporation) (OpenCL 3.0 CUDA 13.0.84)
2026-01-02 22:32:18+0800: Using OpenCL Device 0: NVIDIA GeForce RTX 4060 Laptop GPU (NVIDIA Corporation) OpenCL 3.0 CUDA (Extensions: cl_khr_global_int32_base_atomics cl_khr_global_int32_extended_atomics cl_khr_local_int32_base_atomics cl_khr_local_int32_extended_atomics cl_khr_fp64 cl_khr_3d_image_writes cl_khr_byte_addressable_store cl_khr_icd cl_khr_gl_sharing cl_nv_compiler_options cl_nv_device_attribute_query cl_nv_pragma_unroll cl_nv_d3d10_sharing cl_khr_d3d10_sharing cl_nv_d3d11_sharing cl_nv_copy_opts cl_nv_create_buffer cl_khr_int64_base_atomics cl_khr_int64_extended_atomics cl_khr_device_uuid cl_khr_pci_bus_info cl_khr_external_semaphore cl_khr_external_memory cl_khr_external_semaphore_win32 cl_khr_external_memory_win32 cl_khr_semaphore)
2026-01-02 22:32:18+0800: Loaded tuning parameters from: F:\KaTrain\_internal\katrain\KataGo/KataGoData/opencltuning/tune11_gpuNVIDIAGeForceRTX4060LaptopGPU_x19_y19_c384_mv14.txt
2026-01-02 22:32:18+0800: OpenCL backend thread 0: Model version 14
2026-01-02 22:32:18+0800: OpenCL backend thread 0: Model name: kata1-b18c384nbt-s9996604416-d4316597426
2026-01-02 22:32:19+0800: OpenCL backend thread 0: FP16Storage true FP16Compute false FP16TensorCores true FP16TensorCoresFor1x1 false
2026-01-02 22:32:19+0800: Loaded neural net with nnXLen 19 nnYLen 19
2026-01-02 22:32:19+0800: nnRandSeed0 = 11469967168149441452
2026-01-02 22:32:19+0800: After dedups: nnModelFile0 = ..\models\b18c384nbt-humanv0.bin.gz useFP16 auto useNHWC auto
2026-01-02 22:32:19+0800: Initializing neural net buffer to be size 19 * 19 exactly
2026-01-02 22:32:20+0800: Found OpenCL Platform 0: NVIDIA CUDA (NVIDIA Corporation) (OpenCL 3.0 CUDA 13.0.84)
2026-01-02 22:32:20+0800: Found 1 device(s) on platform 0 with type CPU or GPU or Accelerator
2026-01-02 22:32:20+0800: Found OpenCL Platform 1: AMD Accelerated Parallel Processing (Advanced Micro Devices, Inc.) (OpenCL 2.1 AMD-APP (3617.0))
2026-01-02 22:32:20+0800: Found 1 device(s) on platform 1 with type CPU or GPU or Accelerator
2026-01-02 22:32:20+0800: Found OpenCL Device 0: NVIDIA GeForce RTX 4060 Laptop GPU (NVIDIA Corporation) (score 11000300)
2026-01-02 22:32:20+0800: Found OpenCL Device 1: gfx1036 (Advanced Micro Devices, Inc.) (score 11000200)
2026-01-02 22:32:20+0800: Creating context for OpenCL Platform: NVIDIA CUDA (NVIDIA Corporation) (OpenCL 3.0 CUDA 13.0.84)
2026-01-02 22:32:20+0800: Using OpenCL Device 0: NVIDIA GeForce RTX 4060 Laptop GPU (NVIDIA Corporation) OpenCL 3.0 CUDA (Extensions: cl_khr_global_int32_base_atomics cl_khr_global_int32_extended_atomics cl_khr_local_int32_base_atomics cl_khr_local_int32_extended_atomics cl_khr_fp64 cl_khr_3d_image_writes cl_khr_byte_addressable_store cl_khr_icd cl_khr_gl_sharing cl_nv_compiler_options cl_nv_device_attribute_query cl_nv_pragma_unroll cl_nv_d3d10_sharing cl_khr_d3d10_sharing cl_nv_d3d11_sharing cl_nv_copy_opts cl_nv_create_buffer cl_khr_int64_base_atomics cl_khr_int64_extended_atomics cl_khr_device_uuid cl_khr_pci_bus_info cl_khr_external_semaphore cl_khr_external_memory cl_khr_external_semaphore_win32 cl_khr_external_memory_win32 cl_khr_semaphore)
2026-01-02 22:32:20+0800: Loaded tuning parameters from: F:\KaTrain\_internal\katrain\KataGo/KataGoData/opencltuning/tune11_gpuNVIDIAGeForceRTX4060LaptopGPU_x19_y19_c384_mv15.txt
2026-01-02 22:32:20+0800: OpenCL backend thread 0: Model version 15
2026-01-02 22:32:20+0800: OpenCL backend thread 0: Model name: b18c384nbt-humanv0
2026-01-02 22:32:21+0800: OpenCL backend thread 0: FP16Storage true FP16Compute false FP16TensorCores true FP16TensorCoresFor1x1 false
2026-01-02 22:32:21+0800: Loaded human SL net with nnXLen 19 nnYLen 19
2026-01-02 22:32:21+0800: Initializing board with boardXSize 19 boardYSize 19
2026-01-02 22:32:21+0800: Loaded config .\test.cfg
2026-01-02 22:32:21+0800: Loaded model ..\models\kata1-b18c384nbt-s9996604416-d4316597426.bin.gz
2026-01-02 22:32:21+0800: Loaded human SL model ..\models\b18c384nbt-humanv0.bin.gz
2026-01-02 22:32:21+0800: Model name: kata1-b18c384nbt-s9996604416-d4316597426
2026-01-02 22:32:21+0800: Human SL model name: b18c384nbt-humanv0
2026-01-02 22:32:21+0800: GTP ready, beginning main protocol loop
2026-01-02 22:33:52+0800: Controller: help
2026-01-02 22:33:52+0800: ? unknown command
2026-01-02 22:34:35+0800: Controller: play b d16
2026-01-02 22:34:35+0800: = 
2026-01-02 22:34:38+0800: Controller: showboard
2026-01-02 22:34:38+0800: = MoveNum: 1 HASH: B36725E12621D50CABD1F49562C7CDC4
   A B C D E F G H J K L M N O P Q R S T
19 . . . . . . . . . . . . . . . . . . .
18 . . . . . . . . . . . . . . . . . . .
17 . . . . . . . . . . . . . . . . . . .
16 . . . X1. . . . . . . . . . . . . . .
15 . . . . . . . . . . . . . . . . . . .
14 . . . . . . . . . . . . . . . . . . .
13 . . . . . . . . . . . . . . . . . . .
12 . . . . . . . . . . . . . . . . . . .
11 . . . . . . . . . . . . . . . . . . .
10 . . . . . . . . . . . . . . . . . . .
 9 . . . . . . . . . . . . . . . . . . .
 8 . . . . . . . . . . . . . . . . . . .
 7 . . . . . . . . . . . . . . . . . . .
 6 . . . . . . . . . . . . . . . . . . .
 5 . . . . . . . . . . . . . . . . . . .
 4 . . . . . . . . . . . . . . . . . . .
 3 . . . . . . . . . . . . . . . . . . .
 2 . . . . . . . . . . . . . . . . . . .
 1 . . . . . . . . . . . . . . . . . . .
Next player: White
Rules: {"friendlyPassOk":true,"hasButton":false,"ko":"SIMPLE","komi":7.5,"scoring":"AREA","suicide":false,"tax":"NONE","whiteHandicapBonus":"N"}
B stones captured: 0
W stones captured: 0
2026-01-02 22:34:52+0800: Controller: genmove
2026-01-02 22:34:52+0800: ? Expected one argument for genmove but got ''
2026-01-02 22:34:55+0800: Controller: genmove w
2026-01-02 22:35:00+0800: MoveNum: 1 HASH: B36725E12621D50CABD1F49562C7CDC4
   A B C D E F G H J K L M N O P Q R S T
19 . . . . . . . . . . . . . . . . . . .
18 . . . . . . . . . . . . . . . . . . .
17 . . . . . . . . . . . . . . . . . . .
16 . . . X1. . . . . . . . . . . . . . .
15 . . . . . . . . . . . . . . . . . . .
14 . . . . . . . . . . . . . . . . . . .
13 . . . . . . . . . . . . . . . . . . .
12 . . . . . . . . . . . . . . . . . . .
11 . . . . . . . . . . . . . . . . . . .
10 . . . . . . . . . . . . . . . . . . .
 9 . . . . . . . . . . . . . . . . . . .
 8 . . . . . . . . . . . . . . . . . . .
 7 . . . . . . . . . . . . . . . . . . .
 6 . . . . . . . . . . . . . . . . . . .
 5 . . . . . . . . . . . . . . . . . . .
 4 . . @ . . . . . . . . . . . . . . . .
 3 . . . . . . . . . . . . . . . . . . .
 2 . . . . . . . . . . . . . . . . . . .
 1 . . . . . . . . . . . . . . . . . . .

koSIMPLEscoreAREAtaxNONEsui0whbNfpok1komi7.5
Time taken: 4.797
Root visits: 40
New playouts: 40
NN rows: 42
NN batches: 42
NN avg batch size: 1
PV: Q4 R3 Q3 R4 Q5 S6 Q16 D4
Tree:
: T  25.92c W  25.25c S   0.67c ( +1.5 L  +1.0) N      40  --  Q4 R3 Q3 R4 Q5 S6 Q16
---White(^)---
Q4  : T  26.25c W  25.58c S   0.68c ( +1.5 L  +1.0) LCB   24.41c P 51.11% WF  32.0 PSV      30 N      32  --  Q4 R3 Q3 R4 Q5 S6 Q16 D4
D4  : T  24.80c W  24.15c S   0.66c ( +1.5 L  +1.0) LCB   11.31c P 16.81% WF   7.0 PSV       9 N       7  --  D4 C3 C4 D3 E4 F2

2026-01-02 22:35:00+0800: = C4
